Archive member included to satisfy reference by file (symbol)

/usr/bin/../lib/gcc/arm-none-eabi/7.3.1/../../../../arm-none-eabi/lib/thumb/v7e-m/fpv4-sp/hard/libc_nano.a(lib_a-exit.o)
                              /usr/bin/../lib/gcc/arm-none-eabi/7.3.1/../../../../arm-none-eabi/lib/thumb/v7e-m/fpv4-sp/hard/crt0.o (exit)
/usr/bin/../lib/gcc/arm-none-eabi/7.3.1/../../../../arm-none-eabi/lib/thumb/v7e-m/fpv4-sp/hard/libc_nano.a(lib_a-impure.o)
                              /usr/bin/../lib/gcc/arm-none-eabi/7.3.1/../../../../arm-none-eabi/lib/thumb/v7e-m/fpv4-sp/hard/libc_nano.a(lib_a-exit.o) (_global_impure_ptr)
/usr/bin/../lib/gcc/arm-none-eabi/7.3.1/../../../../arm-none-eabi/lib/thumb/v7e-m/fpv4-sp/hard/libc_nano.a(lib_a-init.o)
                              /usr/bin/../lib/gcc/arm-none-eabi/7.3.1/../../../../arm-none-eabi/lib/thumb/v7e-m/fpv4-sp/hard/crt0.o (__libc_init_array)
/usr/bin/../lib/gcc/arm-none-eabi/7.3.1/../../../../arm-none-eabi/lib/thumb/v7e-m/fpv4-sp/hard/libc_nano.a(lib_a-memset.o)
                              /usr/bin/../lib/gcc/arm-none-eabi/7.3.1/../../../../arm-none-eabi/lib/thumb/v7e-m/fpv4-sp/hard/crt0.o (memset)
/usr/bin/../lib/gcc/arm-none-eabi/7.3.1/../../../../arm-none-eabi/lib/thumb/v7e-m/fpv4-sp/hard/libnosys.a(_exit.o)
                              /usr/bin/../lib/gcc/arm-none-eabi/7.3.1/../../../../arm-none-eabi/lib/thumb/v7e-m/fpv4-sp/hard/libc_nano.a(lib_a-exit.o) (_exit)
/usr/bin/../lib/gcc/arm-none-eabi/7.3.1/thumb/v7e-m/fpv4-sp/hard/libgcc.a(_aeabi_ldivmod.o)
                              build/stm32f4xx_hal_rcc.o (__aeabi_ldivmod)
/usr/bin/../lib/gcc/arm-none-eabi/7.3.1/thumb/v7e-m/fpv4-sp/hard/libgcc.a(_aeabi_uldivmod.o)
                              build/stm32f4xx_hal_rcc.o (__aeabi_uldivmod)
/usr/bin/../lib/gcc/arm-none-eabi/7.3.1/thumb/v7e-m/fpv4-sp/hard/libgcc.a(_udivmoddi4.o)
                              /usr/bin/../lib/gcc/arm-none-eabi/7.3.1/thumb/v7e-m/fpv4-sp/hard/libgcc.a(_aeabi_ldivmod.o) (__udivmoddi4)
/usr/bin/../lib/gcc/arm-none-eabi/7.3.1/thumb/v7e-m/fpv4-sp/hard/libgcc.a(_dvmd_tls.o)
                              /usr/bin/../lib/gcc/arm-none-eabi/7.3.1/thumb/v7e-m/fpv4-sp/hard/libgcc.a(_aeabi_ldivmod.o) (__aeabi_ldiv0)

Allocating common symbols
Common symbol       size              file

htim4               0x40              build/tim.o
uwTick              0x4               build/stm32f4xx_hal.o
pFlash              0x20              build/stm32f4xx_hal_flash.o
hadc1               0x48              build/adc.o
huart1              0x40              build/usart.o
htim11              0x40              build/tim.o
hdma_adc1           0x60              build/adc.o
hspi1               0x58              build/spi.o

Discarded input sections

 .text          0x0000000000000000        0x0 /usr/bin/../lib/gcc/arm-none-eabi/7.3.1/thumb/v7e-m/fpv4-sp/hard/crti.o
 .data          0x0000000000000000        0x0 /usr/bin/../lib/gcc/arm-none-eabi/7.3.1/thumb/v7e-m/fpv4-sp/hard/crti.o
 .bss           0x0000000000000000        0x0 /usr/bin/../lib/gcc/arm-none-eabi/7.3.1/thumb/v7e-m/fpv4-sp/hard/crti.o
 .data          0x0000000000000000        0x4 /usr/bin/../lib/gcc/arm-none-eabi/7.3.1/thumb/v7e-m/fpv4-sp/hard/crtbegin.o
 .text          0x0000000000000000       0x74 /usr/bin/../lib/gcc/arm-none-eabi/7.3.1/../../../../arm-none-eabi/lib/thumb/v7e-m/fpv4-sp/hard/crt0.o
 .data          0x0000000000000000        0x0 /usr/bin/../lib/gcc/arm-none-eabi/7.3.1/../../../../arm-none-eabi/lib/thumb/v7e-m/fpv4-sp/hard/crt0.o
 .bss           0x0000000000000000        0x0 /usr/bin/../lib/gcc/arm-none-eabi/7.3.1/../../../../arm-none-eabi/lib/thumb/v7e-m/fpv4-sp/hard/crt0.o
 .ARM.extab     0x0000000000000000        0x0 /usr/bin/../lib/gcc/arm-none-eabi/7.3.1/../../../../arm-none-eabi/lib/thumb/v7e-m/fpv4-sp/hard/crt0.o
 .ARM.exidx     0x0000000000000000        0x8 /usr/bin/../lib/gcc/arm-none-eabi/7.3.1/../../../../arm-none-eabi/lib/thumb/v7e-m/fpv4-sp/hard/crt0.o
 .ARM.attributes
                0x0000000000000000       0x20 /usr/bin/../lib/gcc/arm-none-eabi/7.3.1/../../../../arm-none-eabi/lib/thumb/v7e-m/fpv4-sp/hard/crt0.o
 .text          0x0000000000000000        0x0 build/stm32f4xx_hal_spi.o
 .data          0x0000000000000000        0x0 build/stm32f4xx_hal_spi.o
 .bss           0x0000000000000000        0x0 build/stm32f4xx_hal_spi.o
 .text.SPI_AbortRx_ISR
                0x0000000000000000       0x58 build/stm32f4xx_hal_spi.o
 .text.SPI_AbortTx_ISR
                0x0000000000000000       0x1c build/stm32f4xx_hal_spi.o
 .text.HAL_SPI_MspInit
                0x0000000000000000        0x4 build/stm32f4xx_hal_spi.o
 .text.HAL_SPI_MspDeInit
                0x0000000000000000        0x4 build/stm32f4xx_hal_spi.o
 .text.HAL_SPI_DeInit
                0x0000000000000000       0x2c build/stm32f4xx_hal_spi.o
 .text.HAL_SPI_Transmit
                0x0000000000000000      0x290 build/stm32f4xx_hal_spi.o
 .text.HAL_SPI_Receive
[...]
Memory Configuration

Name             Origin             Length             Attributes
RAM              0x0000000020000000 0x0000000000050000 xrw
FLASH            0x0000000008000000 0x0000000000180000 xr
*default*        0x0000000000000000 0xffffffffffffffff

Linker script and memory map

LOAD /usr/bin/../lib/gcc/arm-none-eabi/7.3.1/thumb/v7e-m/fpv4-sp/hard/crti.o
LOAD /usr/bin/../lib/gcc/arm-none-eabi/7.3.1/thumb/v7e-m/fpv4-sp/hard/crtbegin.o
LOAD /usr/bin/../lib/gcc/arm-none-eabi/7.3.1/../../../../arm-none-eabi/lib/thumb/v7e-m/fpv4-sp/hard/crt0.o
LOAD build/stm32f4xx_hal_spi.o
LOAD build/stm32f4xx_hal_rcc.o
LOAD build/stm32f4xx_hal_cortex.o
LOAD build/stm32f4xx_hal_msp.o
LOAD build/stm32f4xx_hal_flash.o
LOAD build/stm32f4xx_hal_pwr.o
LOAD build/stm32f4xx_it.o
LOAD build/stm32f4xx_hal.o
LOAD build/stm32f4xx_hal_tim.o
LOAD build/stm32f4xx_hal_tim_ex.o
LOAD build/stm32f4xx_hal_dma.o
LOAD build/stm32f4xx_hal_adc_ex.o
LOAD build/stm32f4xx_hal_uart.o
LOAD build/stm32f4xx_hal_rcc_ex.o
LOAD build/stm32f4xx_hal_dma_ex.o
LOAD build/stm32f4xx_hal_flash_ramfunc.o
LOAD build/stm32f4xx_hal_gpio.o
LOAD build/stm32f4xx_hal_pwr_ex.o
LOAD build/stm32f4xx_hal_flash_ex.o
LOAD build/main.o
LOAD build/stm32f4xx_hal_adc.o
LOAD build/adc.o
LOAD build/usart.o
LOAD build/spi.o
LOAD build/gpio.o
LOAD build/tim.o
LOAD build/stm32f4xx_hal_exti.o
LOAD build/system_stm32f4xx.o
LOAD build/dma.o
LOAD build/startup_stm32f413xx.o
LOAD /usr/bin/../lib/gcc/arm-none-eabi/7.3.1/../../../../arm-none-eabi/lib/thumb/v7e-m/fpv4-sp/hard/libc_nano.a
LOAD /usr/bin/../lib/gcc/arm-none-eabi/7.3.1/../../../../arm-none-eabi/lib/thumb/v7e-m/fpv4-sp/hard/libm.a
LOAD /usr/bin/../lib/gcc/arm-none-eabi/7.3.1/../../../../arm-none-eabi/lib/thumb/v7e-m/fpv4-sp/hard/libnosys.a
START GROUP
LOAD /usr/bin/../lib/gcc/arm-none-eabi/7.3.1/thumb/v7e-m/fpv4-sp/hard/libgcc.a
LOAD /usr/bin/../lib/gcc/arm-none-eabi/7.3.1/../../../../arm-none-eabi/lib/thumb/v7e-m/fpv4-sp/hard/libc_nano.a
END GROUP
START GROUP
LOAD /usr/bin/../lib/gcc/arm-none-eabi/7.3.1/thumb/v7e-m/fpv4-sp/hard/libgcc.a
LOAD /usr/bin/../lib/gcc/arm-none-eabi/7.3.1/../../../../arm-none-eabi/lib/thumb/v7e-m/fpv4-sp/hard/libc_nano.a
END GROUP
LOAD /usr/bin/../lib/gcc/arm-none-eabi/7.3.1/thumb/v7e-m/fpv4-sp/hard/crtend.o
LOAD /usr/bin/../lib/gcc/arm-none-eabi/7.3.1/thumb/v7e-m/fpv4-sp/hard/crtn.o
                0x0000000020050000                _estack = 0x20050000
                0x0000000000000200                _Min_Heap_Size = 0x200
                0x0000000000000400                _Min_Stack_Size = 0x400

.isr_vector     0x0000000008000000      0x1d8
                0x0000000008000000                . = ALIGN (0x4)
 *(.isr_vector)
 .isr_vector    0x0000000008000000      0x1d8 build/startup_stm32f413xx.o
                0x0000000008000000                g_pfnVectors
                0x00000000080001d8                . = ALIGN (0x4)

.text           0x00000000080001d8     0x238c
                0x00000000080001d8                . = ALIGN (0x4)
 *(.text)
 .text          0x00000000080001d8       0x40 /usr/bin/../lib/gcc/arm-none-eabi/7.3.1/thumb/v7e-m/fpv4-sp/hard/crtbegin.o
 .text          0x0000000008000218       0x30 /usr/bin/../lib/gcc/arm-none-eabi/7.3.1/thumb/v7e-m/fpv4-sp/hard/libgcc.a(_aeabi_uldivmod.o)
                0x0000000008000218                __aeabi_uldivmod
 .text          0x0000000008000248      0x2cc /usr/bin/../lib/gcc/arm-none-eabi/7.3.1/thumb/v7e-m/fpv4-sp/hard/libgcc.a(_udivmoddi4.o)
                0x0000000008000248                __udivmoddi4
 .text          0x0000000008000514        0x4 /usr/bin/../lib/gcc/arm-none-eabi/7.3.1/thumb/v7e-m/fpv4-sp/hard/libgcc.a(_dvmd_tls.o)
                0x0000000008000514                __aeabi_ldiv0
                0x0000000008000514                __aeabi_idiv0
 *(.text*)
 .text.HAL_SPI_Init
                0x0000000008000518       0x80 build/stm32f4xx_hal_spi.o
                0x0000000008000518                HAL_SPI_Init
 .text.HAL_RCC_GetSysClockFreq
                0x0000000008000598       0x6c build/stm32f4xx_hal_rcc.o
                0x0000000008000598                HAL_RCC_GetSysClockFreq
 .text.HAL_RCC_ClockConfig
                0x0000000008000604      0x134 build/stm32f4xx_hal_rcc.o
                0x0000000008000604                HAL_RCC_ClockConfig
 .text.HAL_RCC_GetPCLK1Freq
                0x0000000008000738       0x20 build/stm32f4xx_hal_rcc.o
                0x0000000008000738                HAL_RCC_GetPCLK1Freq
 .text.HAL_RCC_GetPCLK2Freq
                0x0000000008000758       0x20 build/stm32f4xx_hal_rcc.o
                0x0000000008000758                HAL_RCC_GetPCLK2Freq
 .text.HAL_NVIC_SetPriorityGrouping
                0x0000000008000778       0x24 build/stm32f4xx_hal_cortex.o
                0x0000000008000778                HAL_NVIC_SetPriorityGrouping
 .text.HAL_NVIC_SetPriority
                0x000000000800079c       0x6c build/stm32f4xx_hal_cortex.o
                0x000000000800079c                HAL_NVIC_SetPriority
 .text.HAL_NVIC_EnableIRQ
                0x0000000008000808       0x1c build/stm32f4xx_hal_cortex.o
                0x0000000008000808                HAL_NVIC_EnableIRQ
 .text.HAL_SYSTICK_Config
                0x0000000008000824       0x34 build/stm32f4xx_hal_cortex.o
                0x0000000008000824                HAL_SYSTICK_Config
 .text.HAL_MspInit
                0x0000000008000858       0x84 build/stm32f4xx_hal_msp.o
                0x0000000008000858                HAL_MspInit
 .text.NMI_Handler
                0x00000000080008dc        0x4 build/stm32f4xx_it.o
                0x00000000080008dc                NMI_Handler
 .text.HardFault_Handler
                0x00000000080008e0        0x4 build/stm32f4xx_it.o
                0x00000000080008e0                HardFault_Handler
 .text.MemManage_Handler
                0x00000000080008e4        0x4 build/stm32f4xx_it.o
                0x00000000080008e4                MemManage_Handler
 .text.BusFault_Handler
                0x00000000080008e8        0x4 build/stm32f4xx_it.o
                0x00000000080008e8                BusFault_Handler
 .text.UsageFault_Handler
                0x00000000080008ec        0x4 build/stm32f4xx_it.o
                0x00000000080008ec                UsageFault_Handler
 .text.SVC_Handler
                0x00000000080008f0        0x4 build/stm32f4xx_it.o
                0x00000000080008f0                SVC_Handler
 .text.DebugMon_Handler
                0x00000000080008f4        0x4 build/stm32f4xx_it.o
                0x00000000080008f4                DebugMon_Handler
 .text.PendSV_Handler
                0x00000000080008f8        0x4 build/stm32f4xx_it.o
                0x00000000080008f8                PendSV_Handler
 .text.SysTick_Handler
                0x00000000080008fc        0x4 build/stm32f4xx_it.o
                0x00000000080008fc                SysTick_Handler
 .text.DMA2_Stream0_IRQHandler
                0x0000000008000900        0xc build/stm32f4xx_it.o
                0x0000000008000900                DMA2_Stream0_IRQHandler
 .text.HAL_InitTick
                0x000000000800090c       0x48 build/stm32f4xx_hal.o
                0x000000000800090c                HAL_InitTick
 .text.HAL_Init
                0x0000000008000954       0x34 build/stm32f4xx_hal.o
                0x0000000008000954                HAL_Init
 .text.HAL_IncTick
                0x0000000008000988       0x18 build/stm32f4xx_hal.o
                0x0000000008000988                HAL_IncTick
 .text.HAL_GetTick
                0x00000000080009a0        0xc build/stm32f4xx_hal.o
                0x00000000080009a0                HAL_GetTick
 .text.HAL_Delay
                0x00000000080009ac       0x24 build/stm32f4xx_hal.o
                0x00000000080009ac                HAL_Delay
 .text.HAL_TIM_Base_Init
                0x00000000080009d0      0x108 build/stm32f4xx_hal_tim.o
                0x00000000080009d0                HAL_TIM_Base_Init
 .text.HAL_TIM_PWM_Init
                0x0000000008000ad8      0x108 build/stm32f4xx_hal_tim.o
                0x0000000008000ad8                HAL_TIM_PWM_Init
 .text.HAL_TIM_PWM_ConfigChannel
                0x0000000008000be0      0x214 build/stm32f4xx_hal_tim.o
                0x0000000008000be0                HAL_TIM_PWM_ConfigChannel
 .text.HAL_TIMEx_MasterConfigSynchronization
                0x0000000008000df4       0x44 build/stm32f4xx_hal_tim_ex.o
                0x0000000008000df4                HAL_TIMEx_MasterConfigSynchronization
 .text.HAL_DMA_Init
                0x0000000008000e38      0x134 build/stm32f4xx_hal_dma.o
                0x0000000008000e38                HAL_DMA_Init
 .text.HAL_DMA_IRQHandler
                0x0000000008000f6c      0x1ac build/stm32f4xx_hal_dma.o
                0x0000000008000f6c                HAL_DMA_IRQHandler
 .text.HAL_UART_Init
                0x0000000008001118      0x314 build/stm32f4xx_hal_uart.o
                0x0000000008001118                HAL_UART_Init
 .text.HAL_RCC_OscConfig
                0x000000000800142c      0x378 build/stm32f4xx_hal_rcc_ex.o
                0x000000000800142c                HAL_RCC_OscConfig
 .text.HAL_GPIO_Init
                0x00000000080017a4      0x224 build/stm32f4xx_hal_gpio.o
                0x00000000080017a4                HAL_GPIO_Init
 .text.HAL_GPIO_WritePin
                0x00000000080019c8        0x8 build/stm32f4xx_hal_gpio.o
                0x00000000080019c8                HAL_GPIO_WritePin
 .text.SystemClock_Config
                0x00000000080019d0       0x98 build/main.o
                0x00000000080019d0                SystemClock_Config
 .text.startup.main
                0x0000000008001a68       0xd8 build/main.o
                0x0000000008001a68                main
 .text.Error_Handler
                0x0000000008001b40        0x4 build/main.o
                0x0000000008001b40                Error_Handler
 .text.HAL_ADC_Init
                0x0000000008001b44      0x164 build/stm32f4xx_hal_adc.o
                0x0000000008001b44                HAL_ADC_Init
 .text.HAL_ADC_ConfigChannel
                0x0000000008001ca8      0x170 build/stm32f4xx_hal_adc.o
                0x0000000008001ca8                HAL_ADC_ConfigChannel
 .text.MX_ADC1_Init
                0x0000000008001e18       0x70 build/adc.o
                0x0000000008001e18                MX_ADC1_Init
 .text.HAL_ADC_MspInit
                0x0000000008001e88       0xd0 build/adc.o
                0x0000000008001e88                HAL_ADC_MspInit
 .text.MX_USART1_UART_Init
                0x0000000008001f58       0x38 build/usart.o
                0x0000000008001f58                MX_USART1_UART_Init
 .text.HAL_UART_MspInit
                0x0000000008001f90       0x74 build/usart.o
                0x0000000008001f90                HAL_UART_MspInit
 .text.MX_SPI1_Init
                0x0000000008002004       0x44 build/spi.o
                0x0000000008002004                MX_SPI1_Init
 .text.HAL_SPI_MspInit
                0x0000000008002048       0x6c build/spi.o
                0x0000000008002048                HAL_SPI_MspInit
 .text.MX_GPIO_Init
                0x00000000080020b4      0x120 build/gpio.o
                0x00000000080020b4                MX_GPIO_Init
 .text.MX_TIM4_Init
                0x00000000080021d4      0x10c build/tim.o
                0x00000000080021d4                MX_TIM4_Init
 .text.MX_TIM11_Init
                0x00000000080022e0       0xec build/tim.o
                0x00000000080022e0                MX_TIM11_Init
 .text.HAL_TIM_PWM_MspInit
                0x00000000080023cc       0x30 build/tim.o
                0x00000000080023cc                HAL_TIM_PWM_MspInit
 .text.HAL_TIM_Base_MspInit
                0x00000000080023fc       0x30 build/tim.o
                0x00000000080023fc                HAL_TIM_Base_MspInit
 .text.SystemInit
                0x000000000800242c       0x50 build/system_stm32f4xx.o
                0x000000000800242c                SystemInit
 .text.MX_DMA_Init
                0x000000000800247c       0x34 build/dma.o
                0x000000000800247c                MX_DMA_Init
 .text.Reset_Handler
                0x00000000080024b0       0x50 build/startup_stm32f413xx.o
                0x00000000080024b0                Reset_Handler
 .text.Default_Handler
                0x0000000008002500        0x2 build/startup_stm32f413xx.o
                0x0000000008002500                RTC_Alarm_IRQHandler
                0x0000000008002500                EXTI2_IRQHandler
                0x0000000008002500                TIM8_CC_IRQHandler
                0x0000000008002500                UART8_IRQHandler
                0x0000000008002500                FMPI2C1_EV_IRQHandler
                0x0000000008002500                SPI4_IRQHandler
                0x0000000008002500                TIM1_CC_IRQHandler
                0x0000000008002500                DMA2_Stream5_IRQHandler
                0x0000000008002500                DMA1_Stream5_IRQHandler
                0x0000000008002500                CAN3_RX1_IRQHandler
                0x0000000008002500                PVD_IRQHandler
                0x0000000008002500                SDIO_IRQHandler
                0x0000000008002500                TAMP_STAMP_IRQHandler
                0x0000000008002500                CAN2_RX1_IRQHandler
                0x0000000008002500                EXTI3_IRQHandler
                0x0000000008002500                TIM8_TRG_COM_TIM14_IRQHandler
                0x0000000008002500                DFSDM1_FLT1_IRQHandler
                0x0000000008002500                TIM1_UP_TIM10_IRQHandler
                0x0000000008002500                TIM8_UP_TIM13_IRQHandler
                0x0000000008002500                I2C3_ER_IRQHandler
                0x0000000008002500                EXTI0_IRQHandler
                0x0000000008002500                I2C2_EV_IRQHandler
                0x0000000008002500                DMA1_Stream2_IRQHandler
                0x0000000008002500                CAN1_RX0_IRQHandler
                0x0000000008002500                FPU_IRQHandler
                0x0000000008002500                CAN3_SCE_IRQHandler
                0x0000000008002500                CAN2_SCE_IRQHandler
                0x0000000008002500                DMA2_Stream2_IRQHandler
                0x0000000008002500                SPI1_IRQHandler
                0x0000000008002500                TIM6_DAC_IRQHandler
                0x0000000008002500                TIM1_BRK_TIM9_IRQHandler
                0x0000000008002500                CAN2_RX0_IRQHandler
                0x0000000008002500                DMA2_Stream3_IRQHandler
                0x0000000008002500                USART6_IRQHandler
                0x0000000008002500                CAN3_RX0_IRQHandler
                0x0000000008002500                USART3_IRQHandler
                0x0000000008002500                DFSDM2_FLT3_IRQHandler
                0x0000000008002500                CAN1_RX1_IRQHandler
                0x0000000008002500                UART5_IRQHandler
                0x0000000008002500                TIM4_IRQHandler
                0x0000000008002500                QUADSPI_IRQHandler
                0x0000000008002500                I2C1_EV_IRQHandler
                0x0000000008002500                DMA1_Stream6_IRQHandler
                0x0000000008002500                DMA1_Stream1_IRQHandler
                0x0000000008002500                UART4_IRQHandler
                0x0000000008002500                TIM3_IRQHandler
                0x0000000008002500                RCC_IRQHandler
                0x0000000008002500                UART9_IRQHandler
                0x0000000008002500                TIM8_BRK_TIM12_IRQHandler
                0x0000000008002500                Default_Handler
                0x0000000008002500                EXTI15_10_IRQHandler
                0x0000000008002500                ADC_IRQHandler
                0x0000000008002500                DMA1_Stream7_IRQHandler
                0x0000000008002500                DFSDM2_FLT0_IRQHandler
                0x0000000008002500                SPI5_IRQHandler
                0x0000000008002500                TIM7_IRQHandler
                0x0000000008002500                CAN2_TX_IRQHandler
                0x0000000008002500                TIM5_IRQHandler
                0x0000000008002500                DMA2_Stream7_IRQHandler
                0x0000000008002500                I2C3_EV_IRQHandler
                0x0000000008002500                DFSDM2_FLT2_IRQHandler
                0x0000000008002500                EXTI9_5_IRQHandler
                0x0000000008002500                RTC_WKUP_IRQHandler
                0x0000000008002500                SPI2_IRQHandler
                0x0000000008002500                DMA1_Stream0_IRQHandler
                0x0000000008002500                CAN1_TX_IRQHandler
                0x0000000008002500                FMPI2C1_ER_IRQHandler
                0x0000000008002500                EXTI4_IRQHandler
                0x0000000008002500                DFSDM2_FLT1_IRQHandler
                0x0000000008002500                RNG_IRQHandler
                0x0000000008002500                FSMC_IRQHandler
                0x0000000008002500                WWDG_IRQHandler
                0x0000000008002500                CAN3_TX_IRQHandler
                0x0000000008002500                TIM2_IRQHandler
                0x0000000008002500                OTG_FS_WKUP_IRQHandler
                0x0000000008002500                TIM1_TRG_COM_TIM11_IRQHandler
                0x0000000008002500                EXTI1_IRQHandler
                0x0000000008002500                UART7_IRQHandler
                0x0000000008002500                USART2_IRQHandler
                0x0000000008002500                DFSDM1_FLT0_IRQHandler
                0x0000000008002500                I2C2_ER_IRQHandler
                0x0000000008002500                DMA2_Stream1_IRQHandler
                0x0000000008002500                CAN1_SCE_IRQHandler
                0x0000000008002500                FLASH_IRQHandler
                0x0000000008002500                DMA2_Stream4_IRQHandler
                0x0000000008002500                USART1_IRQHandler
                0x0000000008002500                OTG_FS_IRQHandler
                0x0000000008002500                SPI3_IRQHandler
                0x0000000008002500                DMA1_Stream4_IRQHandler
                0x0000000008002500                I2C1_ER_IRQHandler
                0x0000000008002500                LPTIM1_IRQHandler
                0x0000000008002500                DMA2_Stream6_IRQHandler
                0x0000000008002500                UART10_IRQHandler
                0x0000000008002500                SAI1_IRQHandler
                0x0000000008002500                DMA1_Stream3_IRQHandler
 *fill*         0x0000000008002502        0x2 
 .text.__libc_init_array
                0x0000000008002504       0x48 /usr/bin/../lib/gcc/arm-none-eabi/7.3.1/../../../../arm-none-eabi/lib/thumb/v7e-m/fpv4-sp/hard/libc_nano.a(lib_a-init.o)
                0x0000000008002504                __libc_init_array
 *(.glue_7)
 .glue_7        0x000000000800254c        0x0 linker stubs
 *(.glue_7t)
 .glue_7t       0x000000000800254c        0x0 linker stubs
 *(.eh_frame)
 .eh_frame      0x000000000800254c        0x0 /usr/bin/../lib/gcc/arm-none-eabi/7.3.1/thumb/v7e-m/fpv4-sp/hard/crtbegin.o
 *(.init)
 .init          0x000000000800254c        0x4 /usr/bin/../lib/gcc/arm-none-eabi/7.3.1/thumb/v7e-m/fpv4-sp/hard/crti.o
                0x000000000800254c                _init
 .init          0x0000000008002550        0x8 /usr/bin/../lib/gcc/arm-none-eabi/7.3.1/thumb/v7e-m/fpv4-sp/hard/crtn.o
 *(.fini)
 .fini          0x0000000008002558        0x4 /usr/bin/../lib/gcc/arm-none-eabi/7.3.1/thumb/v7e-m/fpv4-sp/hard/crti.o
                0x0000000008002558                _fini
 .fini          0x000000000800255c        0x8 /usr/bin/../lib/gcc/arm-none-eabi/7.3.1/thumb/v7e-m/fpv4-sp/hard/crtn.o
                0x0000000008002564                . = ALIGN (0x4)
                0x0000000008002564                _etext = .

.vfp11_veneer   0x0000000008002564        0x0
 .vfp11_veneer  0x0000000008002564        0x0 linker stubs

.v4_bx          0x0000000008002564        0x0
 .v4_bx         0x0000000008002564        0x0 linker stubs

.iplt           0x0000000008002564        0x0
 .iplt          0x0000000008002564        0x0 /usr/bin/../lib/gcc/arm-none-eabi/7.3.1/thumb/v7e-m/fpv4-sp/hard/crtbegin.o

.rodata         0x0000000008002564       0x20
                0x0000000008002564                . = ALIGN (0x4)
 *(.rodata)
 *(.rodata*)
 .rodata.flagBitshiftOffset.8418
                0x0000000008002564        0x8 build/stm32f4xx_hal_dma.o
 .rodata.AHBPrescTable
                0x000000000800256c       0x10 build/system_stm32f4xx.o
                0x000000000800256c                AHBPrescTable
 .rodata.APBPrescTable
                0x000000000800257c        0x8 build/system_stm32f4xx.o
                0x000000000800257c                APBPrescTable
                0x0000000008002584                . = ALIGN (0x4)

.ARM.extab
 *(.ARM.extab* .gnu.linkonce.armextab.*)

.ARM            0x0000000008002584        0x8
                0x0000000008002584                __exidx_start = .
 *(.ARM.exidx*)
 .ARM.exidx     0x0000000008002584        0x8 /usr/bin/../lib/gcc/arm-none-eabi/7.3.1/thumb/v7e-m/fpv4-sp/hard/libgcc.a(_udivmoddi4.o)
                0x000000000800258c                __exidx_end = .

.rel.dyn        0x000000000800258c        0x0
 .rel.iplt      0x000000000800258c        0x0 /usr/bin/../lib/gcc/arm-none-eabi/7.3.1/thumb/v7e-m/fpv4-sp/hard/crtbegin.o

.preinit_array  0x000000000800258c        0x0
                0x000000000800258c                PROVIDE (__preinit_array_start = .)
 *(.preinit_array*)
                0x000000000800258c                PROVIDE (__preinit_array_end = .)

.init_array     0x000000000800258c        0x4
                0x000000000800258c                PROVIDE (__init_array_start = .)
 *(SORT_BY_NAME(.init_array.*))
 *(.init_array*)
 .init_array    0x000000000800258c        0x4 /usr/bin/../lib/gcc/arm-none-eabi/7.3.1/thumb/v7e-m/fpv4-sp/hard/crtbegin.o
                0x0000000008002590                PROVIDE (__init_array_end = .)

.fini_array     0x0000000008002590        0x4
                [!provide]                        PROVIDE (__fini_array_start = .)
 *(SORT_BY_NAME(.fini_array.*))
 *(.fini_array*)
 .fini_array    0x0000000008002590        0x4 /usr/bin/../lib/gcc/arm-none-eabi/7.3.1/thumb/v7e-m/fpv4-sp/hard/crtbegin.o
                [!provide]                        PROVIDE (__fini_array_end = .)
                0x0000000008002594                _sidata = LOADADDR (.data)

.data           0x0000000020000000        0xc load address 0x0000000008002594
                0x0000000020000000                . = ALIGN (0x4)
                0x0000000020000000                _sdata = .
 *(.data)
 *(.data*)
 .data.uwTickFreq
                0x0000000020000000        0x1 build/stm32f4xx_hal.o
                0x0000000020000000                uwTickFreq
 *fill*         0x0000000020000001        0x3 
 .data.uwTickPrio
                0x0000000020000004        0x4 build/stm32f4xx_hal.o
                0x0000000020000004                uwTickPrio
 .data.SystemCoreClock
                0x0000000020000008        0x4 build/system_stm32f4xx.o
                0x0000000020000008                SystemCoreClock
                0x000000002000000c                . = ALIGN (0x4)
                0x000000002000000c                _edata = .

.igot.plt       0x000000002000000c        0x0 load address 0x00000000080025a0
 .igot.plt      0x000000002000000c        0x0 /usr/bin/../lib/gcc/arm-none-eabi/7.3.1/thumb/v7e-m/fpv4-sp/hard/crtbegin.o
                0x000000002000000c                . = ALIGN (0x4)

.bss            0x000000002000000c      0x1e0 load address 0x00000000080025a0
                0x000000002000000c                _sbss = .
                0x000000002000000c                __bss_start__ = _sbss
 *(.bss)
 .bss           0x000000002000000c       0x1c /usr/bin/../lib/gcc/arm-none-eabi/7.3.1/thumb/v7e-m/fpv4-sp/hard/crtbegin.o
 *(.bss*)
 *(COMMON)
 COMMON         0x0000000020000028        0x4 build/stm32f4xx_hal.o
                0x0000000020000028                uwTick
 COMMON         0x000000002000002c       0xa8 build/adc.o
                0x000000002000002c                hadc1
                0x0000000020000074                hdma_adc1
 COMMON         0x00000000200000d4       0x40 build/usart.o
                0x00000000200000d4                huart1
 COMMON         0x0000000020000114       0x58 build/spi.o
                0x0000000020000114                hspi1
 COMMON         0x000000002000016c       0x80 build/tim.o
                0x000000002000016c                htim4
                0x00000000200001ac                htim11
                0x00000000200001ec                . = ALIGN (0x4)
                0x00000000200001ec                _ebss = .
                0x00000000200001ec                __bss_end__ = _ebss

._user_heap_stack
                0x00000000200001ec      0x604 load address 0x00000000080025a0
                0x00000000200001f0                . = ALIGN (0x8)
 *fill*         0x00000000200001ec        0x4 
                [!provide]                        PROVIDE (end = .)
                [!provide]                        PROVIDE (_end = .)
                0x00000000200003f0                . = (. + _Min_Heap_Size)
 *fill*         0x00000000200001f0      0x200 
                0x00000000200007f0                . = (. + _Min_Stack_Size)
 *fill*         0x00000000200003f0      0x400 
                0x00000000200007f0                . = ALIGN (0x8)

/DISCARD/
 libc.a(*)
 libm.a(*)
 libgcc.a(*)

.ARM.attributes
                0x0000000000000000       0x30
 *(.ARM.attributes)
 .ARM.attributes
                0x0000000000000000       0x22 /usr/bin/../lib/gcc/arm-none-eabi/7.3.1/thumb/v7e-m/fpv4-sp/hard/crti.o
 .ARM.attributes
                0x0000000000000022       0x34 /usr/bin/../lib/gcc/arm-none-eabi/7.3.1/thumb/v7e-m/fpv4-sp/hard/crtbegin.o
 .ARM.attributes
                0x0000000000000056       0x39 build/stm32f4xx_hal_spi.o
 .ARM.attributes
                0x000000000000008f       0x39 build/stm32f4xx_hal_rcc.o
 .ARM.attributes
                0x00000000000000c8       0x39 build/stm32f4xx_hal_cortex.o
 .ARM.attributes
                0x0000000000000101       0x39 build/stm32f4xx_hal_msp.o
 .ARM.attributes
                0x000000000000013a       0x39 build/stm32f4xx_it.o
 .ARM.attributes
                0x0000000000000173       0x39 build/stm32f4xx_hal.o
 .ARM.attributes
                0x00000000000001ac       0x39 build/stm32f4xx_hal_tim.o
 .ARM.attributes
                0x00000000000001e5       0x39 build/stm32f4xx_hal_tim_ex.o
 .ARM.attributes
                0x000000000000021e       0x39 build/stm32f4xx_hal_dma.o
 .ARM.attributes
                0x0000000000000257       0x39 build/stm32f4xx_hal_uart.o
 .ARM.attributes
                0x0000000000000290       0x39 build/stm32f4xx_hal_rcc_ex.o
 .ARM.attributes
                0x00000000000002c9       0x39 build/stm32f4xx_hal_gpio.o
 .ARM.attributes
                0x0000000000000302       0x39 build/main.o
 .ARM.attributes
                0x000000000000033b       0x39 build/stm32f4xx_hal_adc.o
 .ARM.attributes
                0x0000000000000374       0x39 build/adc.o
 .ARM.attributes
                0x00000000000003ad       0x39 build/usart.o
 .ARM.attributes
                0x00000000000003e6       0x39 build/spi.o
 .ARM.attributes
                0x000000000000041f       0x39 build/gpio.o
 .ARM.attributes
                0x0000000000000458       0x39 build/tim.o
 .ARM.attributes
                0x0000000000000491       0x39 build/system_stm32f4xx.o
 .ARM.attributes
                0x00000000000004ca       0x39 build/dma.o
 .ARM.attributes
                0x0000000000000503       0x21 build/startup_stm32f413xx.o
 .ARM.attributes
                0x0000000000000524       0x34 /usr/bin/../lib/gcc/arm-none-eabi/7.3.1/../../../../arm-none-eabi/lib/thumb/v7e-m/fpv4-sp/hard/libc_nano.a(lib_a-init.o)
 .ARM.attributes
                0x0000000000000558       0x22 /usr/bin/../lib/gcc/arm-none-eabi/7.3.1/thumb/v7e-m/fpv4-sp/hard/libgcc.a(_aeabi_uldivmod.o)
 .ARM.attributes
                0x000000000000057a       0x34 /usr/bin/../lib/gcc/arm-none-eabi/7.3.1/thumb/v7e-m/fpv4-sp/hard/libgcc.a(_udivmoddi4.o)
 .ARM.attributes
                0x00000000000005ae       0x22 /usr/bin/../lib/gcc/arm-none-eabi/7.3.1/thumb/v7e-m/fpv4-sp/hard/libgcc.a(_dvmd_tls.o)
 .ARM.attributes
                0x00000000000005d0       0x22 /usr/bin/../lib/gcc/arm-none-eabi/7.3.1/thumb/v7e-m/fpv4-sp/hard/crtn.o
OUTPUT(build/Lotus.elf elf32-littlearm)

.debug_info     0x0000000000000000    0x15c1b
 .debug_info    0x0000000000000000     0x2c29 build/stm32f4xx_hal_spi.o
 .debug_info    0x0000000000002c29      0xb9f build/stm32f4xx_hal_rcc.o
 .debug_info    0x00000000000037c8     0x1068 build/stm32f4xx_hal_cortex.o
 .debug_info    0x0000000000004830      0x6d5 build/stm32f4xx_hal_msp.o
 .debug_info    0x0000000000004f05      0x4af build/stm32f4xx_it.o
 .debug_info    0x00000000000053b4      0xb5e build/stm32f4xx_hal.o
 .debug_info    0x0000000000005f12     0x40be build/stm32f4xx_hal_tim.o
 .debug_info    0x0000000000009fd0     0x1949 build/stm32f4xx_hal_tim_ex.o
 .debug_info    0x000000000000b919      0xb49 build/stm32f4xx_hal_dma.o
 .debug_info    0x000000000000c462     0x1bcc build/stm32f4xx_hal_uart.o
 .debug_info    0x000000000000e02e      0xad4 build/stm32f4xx_hal_rcc_ex.o
 .debug_info    0x000000000000eb02      0x88d build/stm32f4xx_hal_gpio.o
 .debug_info    0x000000000000f38f     0x1607 build/main.o
 .debug_info    0x0000000000010996      0xecc build/stm32f4xx_hal_adc.o
 .debug_info    0x0000000000011862      0xc47 build/adc.o
 .debug_info    0x00000000000124a9      0xab0 build/usart.o
 .debug_info    0x0000000000012f59      0xb2b build/spi.o
 .debug_info    0x0000000000013a84      0x65d build/gpio.o
 .debug_info    0x00000000000140e1      0xf17 build/tim.o
 .debug_info    0x0000000000014ff8      0x5c1 build/system_stm32f4xx.o
 .debug_info    0x00000000000155b9      0x640 build/dma.o
 .debug_info    0x0000000000015bf9       0x22 build/startup_stm32f413xx.o

.debug_abbrev   0x0000000000000000     0x313d
 .debug_abbrev  0x0000000000000000      0x3dc build/stm32f4xx_hal_spi.o
 .debug_abbrev  0x00000000000003dc      0x2f9 build/stm32f4xx_hal_rcc.o
 .debug_abbrev  0x00000000000006d5      0x335 build/stm32f4xx_hal_cortex.o
 .debug_abbrev  0x0000000000000a0a      0x14c build/stm32f4xx_hal_msp.o
 .debug_abbrev  0x0000000000000b56      0x1ac build/stm32f4xx_it.o
 .debug_abbrev  0x0000000000000d02      0x244 build/stm32f4xx_hal.o
 .debug_abbrev  0x0000000000000f46      0x368 build/stm32f4xx_hal_tim.o
 .debug_abbrev  0x00000000000012ae      0x31f build/stm32f4xx_hal_tim_ex.o
 .debug_abbrev  0x00000000000015cd      0x347 build/stm32f4xx_hal_dma.o
 .debug_abbrev  0x0000000000001914      0x354 build/stm32f4xx_hal_uart.o
 .debug_abbrev  0x0000000000001c68      0x1c9 build/stm32f4xx_hal_rcc_ex.o
 .debug_abbrev  0x0000000000001e31      0x229 build/stm32f4xx_hal_gpio.o
 .debug_abbrev  0x000000000000205a      0x1fa build/main.o
 .debug_abbrev  0x0000000000002254      0x2d2 build/stm32f4xx_hal_adc.o
 .debug_abbrev  0x0000000000002526      0x1e7 build/adc.o
 .debug_abbrev  0x000000000000270d      0x1f3 build/usart.o
 .debug_abbrev  0x0000000000002900      0x1f3 build/spi.o
 .debug_abbrev  0x0000000000002af3      0x16b build/gpio.o
 .debug_abbrev  0x0000000000002c5e      0x27c build/tim.o
 .debug_abbrev  0x0000000000002eda      0x110 build/system_stm32f4xx.o
 .debug_abbrev  0x0000000000002fea      0x141 build/dma.o
 .debug_abbrev  0x000000000000312b       0x12 build/startup_stm32f413xx.o

.debug_loc      0x0000000000000000    0x109d1
 .debug_loc     0x0000000000000000     0x3f0f build/stm32f4xx_hal_spi.o
 .debug_loc     0x0000000000003f0f      0x538 build/stm32f4xx_hal_rcc.o
 .debug_loc     0x0000000000004447      0x6bd build/stm32f4xx_hal_cortex.o
 .debug_loc     0x0000000000004b04       0x44 build/stm32f4xx_hal_msp.o
 .debug_loc     0x0000000000004b48      0x1bc build/stm32f4xx_hal.o
 .debug_loc     0x0000000000004d04     0x5f8e build/stm32f4xx_hal_tim.o
 .debug_loc     0x000000000000ac92     0x1479 build/stm32f4xx_hal_tim_ex.o
 .debug_loc     0x000000000000c10b      0xa8d build/stm32f4xx_hal_dma.o
 .debug_loc     0x000000000000cb98     0x1d36 build/stm32f4xx_hal_uart.o
 .debug_loc     0x000000000000e8ce      0x7c7 build/stm32f4xx_hal_rcc_ex.o
 .debug_loc     0x000000000000f095      0x565 build/stm32f4xx_hal_gpio.o
 .debug_loc     0x000000000000f5fa       0x59 build/main.o
 .debug_loc     0x000000000000f653      0xcb7 build/stm32f4xx_hal_adc.o
 .debug_loc     0x000000000001030a      0x116 build/adc.o
 .debug_loc     0x0000000000010420       0xbe build/usart.o
 .debug_loc     0x00000000000104de       0xbe build/spi.o
 .debug_loc     0x000000000001059c       0x39 build/gpio.o
 .debug_loc     0x00000000000105d5      0x240 build/tim.o
 .debug_loc     0x0000000000010815      0x178 build/system_stm32f4xx.o
 .debug_loc     0x000000000001098d       0x44 build/dma.o

.debug_aranges  0x0000000000000000      0xc10
 .debug_aranges
                0x0000000000000000      0x160 build/stm32f4xx_hal_spi.o
 .debug_aranges
                0x0000000000000160       0x88 build/stm32f4xx_hal_rcc.o
 .debug_aranges
                0x00000000000001e8       0xa8 build/stm32f4xx_hal_cortex.o
 .debug_aranges
                0x0000000000000290       0x20 build/stm32f4xx_hal_msp.o
 .debug_aranges
                0x00000000000002b0       0x50 build/stm32f4xx_it.o
 .debug_aranges
                0x0000000000000300       0xe8 build/stm32f4xx_hal.o
 .debug_aranges
                0x00000000000003e8      0x258 build/stm32f4xx_hal_tim.o
 .debug_aranges
                0x0000000000000640       0xf0 build/stm32f4xx_hal_tim_ex.o
 .debug_aranges
                0x0000000000000730       0x78 build/stm32f4xx_hal_dma.o
 .debug_aranges
                0x00000000000007a8      0x158 build/stm32f4xx_hal_uart.o
 .debug_aranges
                0x0000000000000900       0x60 build/stm32f4xx_hal_rcc_ex.o
 .debug_aranges
                0x0000000000000960       0x58 build/stm32f4xx_hal_gpio.o
 .debug_aranges
                0x00000000000009b8       0x30 build/main.o
 .debug_aranges
                0x00000000000009e8       0xb8 build/stm32f4xx_hal_adc.o
 .debug_aranges
                0x0000000000000aa0       0x30 build/adc.o
 .debug_aranges
                0x0000000000000ad0       0x30 build/usart.o
 .debug_aranges
                0x0000000000000b00       0x30 build/spi.o
 .debug_aranges
                0x0000000000000b30       0x20 build/gpio.o
 .debug_aranges
                0x0000000000000b50       0x50 build/tim.o
 .debug_aranges
                0x0000000000000ba0       0x28 build/system_stm32f4xx.o
 .debug_aranges
                0x0000000000000bc8       0x20 build/dma.o
 .debug_aranges
                0x0000000000000be8       0x28 build/startup_stm32f413xx.o

.debug_ranges   0x0000000000000000     0x2018
 .debug_ranges  0x0000000000000000      0xb70 build/stm32f4xx_hal_spi.o
 .debug_ranges  0x0000000000000b70      0x100 build/stm32f4xx_hal_rcc.o
 .debug_ranges  0x0000000000000c70      0x138 build/stm32f4xx_hal_cortex.o
 .debug_ranges  0x0000000000000da8       0x28 build/stm32f4xx_hal_msp.o
 .debug_ranges  0x0000000000000dd0       0x40 build/stm32f4xx_it.o
 .debug_ranges  0x0000000000000e10       0xd8 build/stm32f4xx_hal.o
 .debug_ranges  0x0000000000000ee8      0x6f0 build/stm32f4xx_hal_tim.o
 .debug_ranges  0x00000000000015d8       0xf8 build/stm32f4xx_hal_tim_ex.o
 .debug_ranges  0x00000000000016d0      0x120 build/stm32f4xx_hal_dma.o
 .debug_ranges  0x00000000000017f0      0x310 build/stm32f4xx_hal_uart.o
 .debug_ranges  0x0000000000001b00       0x98 build/stm32f4xx_hal_rcc_ex.o
 .debug_ranges  0x0000000000001b98       0x68 build/stm32f4xx_hal_gpio.o
 .debug_ranges  0x0000000000001c00       0x70 build/main.o
 .debug_ranges  0x0000000000001c70       0xd0 build/stm32f4xx_hal_adc.o
 .debug_ranges  0x0000000000001d40       0x50 build/adc.o
 .debug_ranges  0x0000000000001d90       0x50 build/usart.o
 .debug_ranges  0x0000000000001de0       0x50 build/spi.o
 .debug_ranges  0x0000000000001e30       0x48 build/gpio.o
 .debug_ranges  0x0000000000001e78      0x140 build/tim.o
 .debug_ranges  0x0000000000001fb8       0x18 build/system_stm32f4xx.o
 .debug_ranges  0x0000000000001fd0       0x28 build/dma.o
 .debug_ranges  0x0000000000001ff8       0x20 build/startup_stm32f413xx.o

.debug_line     0x0000000000000000     0x7906
 .debug_line    0x0000000000000000     0x1274 build/stm32f4xx_hal_spi.o
 .debug_line    0x0000000000001274      0x4de build/stm32f4xx_hal_rcc.o
 .debug_line    0x0000000000001752      0x416 build/stm32f4xx_hal_cortex.o
 .debug_line    0x0000000000001b68      0x167 build/stm32f4xx_hal_msp.o
 .debug_line    0x0000000000001ccf      0x1e0 build/stm32f4xx_it.o
 .debug_line    0x0000000000001eaf      0x3a1 build/stm32f4xx_hal.o
 .debug_line    0x0000000000002250     0x18f4 build/stm32f4xx_hal_tim.o
 .debug_line    0x0000000000003b44      0x770 build/stm32f4xx_hal_tim_ex.o
 .debug_line    0x00000000000042b4      0x662 build/stm32f4xx_hal_dma.o
 .debug_line    0x0000000000004916      0xdf7 build/stm32f4xx_hal_uart.o
 .debug_line    0x000000000000570d      0x5ae build/stm32f4xx_hal_rcc_ex.o
 .debug_line    0x0000000000005cbb      0x389 build/stm32f4xx_hal_gpio.o
 .debug_line    0x0000000000006044      0x30e build/main.o
 .debug_line    0x0000000000006352      0x7a3 build/stm32f4xx_hal_adc.o
 .debug_line    0x0000000000006af5      0x242 build/adc.o
 .debug_line    0x0000000000006d37      0x208 build/usart.o
 .debug_line    0x0000000000006f3f      0x206 build/spi.o
 .debug_line    0x0000000000007145      0x179 build/gpio.o
 .debug_line    0x00000000000072be      0x31b build/tim.o
 .debug_line    0x00000000000075d9      0x166 build/system_stm32f4xx.o
 .debug_line    0x000000000000773f      0x153 build/dma.o
 .debug_line    0x0000000000007892       0x74 build/startup_stm32f413xx.o

.debug_str      0x0000000000000000     0x46eb
 .debug_str     0x0000000000000000      0xb27 build/stm32f4xx_hal_spi.o
                                        0xbef (size before relaxing)
 .debug_str     0x0000000000000b27      0x4a7 build/stm32f4xx_hal_rcc.o
                                        0x702 (size before relaxing)
 .debug_str     0x0000000000000fce      0xa86 build/stm32f4xx_hal_cortex.o
                                        0xcf2 (size before relaxing)
 .debug_str     0x0000000000001a54       0x24 build/stm32f4xx_hal_msp.o
                                        0x8c7 (size before relaxing)
 .debug_str     0x0000000000001a78       0xe4 build/stm32f4xx_it.o
                                        0x4f7 (size before relaxing)
 .debug_str     0x0000000000001b5c      0x2a6 build/stm32f4xx_hal.o
                                        0xc4b (size before relaxing)
 .debug_str     0x0000000000001e02      0xfe1 build/stm32f4xx_hal_tim.o
                                       0x14e3 (size before relaxing)
 .debug_str     0x0000000000002de3      0x553 build/stm32f4xx_hal_tim_ex.o
                                        0xe30 (size before relaxing)
 .debug_str     0x0000000000003336      0x2c8 build/stm32f4xx_hal_dma.o
                                        0x78c (size before relaxing)
 .debug_str     0x00000000000035fe      0x674 build/stm32f4xx_hal_uart.o
                                        0xc2e (size before relaxing)
 .debug_str     0x0000000000003c72      0x2e7 build/stm32f4xx_hal_rcc_ex.o
                                        0x757 (size before relaxing)
 .debug_str     0x0000000000003f59      0x16c build/stm32f4xx_hal_gpio.o
                                        0x539 (size before relaxing)
 .debug_str     0x00000000000040c5      0x21b build/main.o
                                        0xe56 (size before relaxing)
 .debug_str     0x00000000000042e0      0x302 build/stm32f4xx_hal_adc.o
                                        0x969 (size before relaxing)
 .debug_str     0x00000000000045e2       0x14 build/adc.o
                                        0x858 (size before relaxing)
 .debug_str     0x00000000000045f6       0x17 build/usart.o
                                        0x81c (size before relaxing)
 .debug_str     0x000000000000460d       0x14 build/spi.o
                                        0x83a (size before relaxing)
 .debug_str     0x0000000000004621        0xb build/gpio.o
                                        0x3c3 (size before relaxing)
 .debug_str     0x000000000000462c       0x4f build/tim.o
                                        0x9a0 (size before relaxing)
 .debug_str     0x000000000000467b       0x42 build/system_stm32f4xx.o
                                        0x38e (size before relaxing)
 .debug_str     0x00000000000046bd        0xa build/dma.o
                                        0x8cc (size before relaxing)
 .debug_str     0x00000000000046c7       0x24 build/startup_stm32f413xx.o
                                         0x31 (size before relaxing)

.comment        0x0000000000000000       0x7f
 .comment       0x0000000000000000       0x7f build/stm32f4xx_hal_spi.o
                                         0x80 (size before relaxing)
 .comment       0x000000000000007f       0x80 build/stm32f4xx_hal_rcc.o
 .comment       0x000000000000007f       0x80 build/stm32f4xx_hal_cortex.o
 .comment       0x000000000000007f       0x80 build/stm32f4xx_hal_msp.o
 .comment       0x000000000000007f       0x80 build/stm32f4xx_it.o
 .comment       0x000000000000007f       0x80 build/stm32f4xx_hal.o
 .comment       0x000000000000007f       0x80 build/stm32f4xx_hal_tim.o
 .comment       0x000000000000007f       0x80 build/stm32f4xx_hal_tim_ex.o
 .comment       0x000000000000007f       0x80 build/stm32f4xx_hal_dma.o
 .comment       0x000000000000007f       0x80 build/stm32f4xx_hal_uart.o
 .comment       0x000000000000007f       0x80 build/stm32f4xx_hal_rcc_ex.o
 .comment       0x000000000000007f       0x80 build/stm32f4xx_hal_gpio.o
 .comment       0x000000000000007f       0x80 build/main.o
 .comment       0x000000000000007f       0x80 build/stm32f4xx_hal_adc.o
 .comment       0x000000000000007f       0x80 build/adc.o
 .comment       0x000000000000007f       0x80 build/usart.o
 .comment       0x000000000000007f       0x80 build/spi.o
 .comment       0x000000000000007f       0x80 build/gpio.o
 .comment       0x000000000000007f       0x80 build/tim.o
 .comment       0x000000000000007f       0x80 build/system_stm32f4xx.o
 .comment       0x000000000000007f       0x80 build/dma.o

.debug_frame    0x0000000000000000     0x2f48
 .debug_frame   0x0000000000000000      0x6a4 build/stm32f4xx_hal_spi.o
 .debug_frame   0x00000000000006a4      0x19c build/stm32f4xx_hal_rcc.o
 .debug_frame   0x0000000000000840      0x190 build/stm32f4xx_hal_cortex.o
 .debug_frame   0x00000000000009d0       0x38 build/stm32f4xx_hal_msp.o
 .debug_frame   0x0000000000000a08       0xb0 build/stm32f4xx_it.o
 .debug_frame   0x0000000000000ab8      0x204 build/stm32f4xx_hal.o
 .debug_frame   0x0000000000000cbc      0xcd8 build/stm32f4xx_hal_tim.o
 .debug_frame   0x0000000000001994      0x3cc build/stm32f4xx_hal_tim_ex.o
 .debug_frame   0x0000000000001d60      0x200 build/stm32f4xx_hal_dma.o
 .debug_frame   0x0000000000001f60      0x68c build/stm32f4xx_hal_uart.o
 .debug_frame   0x00000000000025ec      0x128 build/stm32f4xx_hal_rcc_ex.o
 .debug_frame   0x0000000000002714       0xfc build/stm32f4xx_hal_gpio.o
 .debug_frame   0x0000000000002810       0x60 build/main.o
 .debug_frame   0x0000000000002870      0x340 build/stm32f4xx_hal_adc.o
 .debug_frame   0x0000000000002bb0       0x88 build/adc.o
 .debug_frame   0x0000000000002c38       0x6c build/usart.o
 .debug_frame   0x0000000000002ca4       0x78 build/spi.o
 .debug_frame   0x0000000000002d1c       0x40 build/gpio.o
 .debug_frame   0x0000000000002d5c       0xf0 build/tim.o
 .debug_frame   0x0000000000002e4c       0x3c build/system_stm32f4xx.o
 .debug_frame   0x0000000000002e88       0x34 build/dma.o
 .debug_frame   0x0000000000002ebc       0x2c /usr/bin/../lib/gcc/arm-none-eabi/7.3.1/../../../../arm-none-eabi/lib/thumb/v7e-m/fpv4-sp/hard/libc_nano.a(lib_a-init.o)
 .debug_frame   0x0000000000002ee8       0x2c /usr/bin/../lib/gcc/arm-none-eabi/7.3.1/thumb/v7e-m/fpv4-sp/hard/libgcc.a(_aeabi_uldivmod.o)
 .debug_frame   0x0000000000002f14       0x34 /usr/bin/../lib/gcc/arm-none-eabi/7.3.1/thumb/v7e-m/fpv4-sp/hard/libgcc.a(_udivmoddi4.o)

Cross Reference Table

Symbol                                            File
ADC_IRQHandler                                    build/startup_stm32f413xx.o
AHBPrescTable                                     build/system_stm32f4xx.o
                                                  build/stm32f4xx_hal_rcc.o
APBPrescTable                                     build/system_stm32f4xx.o
                                                  build/stm32f4xx_hal_rcc.o
BusFault_Handler                                  build/stm32f4xx_it.o
CAN1_RX0_IRQHandler                               build/startup_stm32f413xx.o
CAN1_RX1_IRQHandler                               build/startup_stm32f413xx.o
CAN1_SCE_IRQHandler                               build/startup_stm32f413xx.o
CAN1_TX_IRQHandler                                build/startup_stm32f413xx.o
CAN2_RX0_IRQHandler                               build/startup_stm32f413xx.o
CAN2_RX1_IRQHandler                               build/startup_stm32f413xx.o
CAN2_SCE_IRQHandler                               build/startup_stm32f413xx.o
CAN2_TX_IRQHandler                                build/startup_stm32f413xx.o
CAN3_RX0_IRQHandler                               build/startup_stm32f413xx.o
CAN3_RX1_IRQHandler                               build/startup_stm32f413xx.o
CAN3_SCE_IRQHandler                               build/startup_stm32f413xx.o
CAN3_TX_IRQHandler                                build/startup_stm32f413xx.o
DFSDM1_FLT0_IRQHandler                            build/startup_stm32f413xx.o
DFSDM1_FLT1_IRQHandler                            build/startup_stm32f413xx.o
DFSDM2_FLT0_IRQHandler                            build/startup_stm32f413xx.o
DFSDM2_FLT1_IRQHandler                            build/startup_stm32f413xx.o
DFSDM2_FLT2_IRQHandler                            build/startup_stm32f413xx.o
DFSDM2_FLT3_IRQHandler                            build/startup_stm32f413xx.o
DMA1_Stream0_IRQHandler                           build/startup_stm32f413xx.o
DMA1_Stream1_IRQHandler                           build/startup_stm32f413xx.o
DMA1_Stream2_IRQHandler                           build/startup_stm32f413xx.o
DMA1_Stream3_IRQHandler                           build/startup_stm32f413xx.o
DMA1_Stream4_IRQHandler                           build/startup_stm32f413xx.o
DMA1_Stream5_IRQHandler                           build/startup_stm32f413xx.o
DMA1_Stream6_IRQHandler                           build/startup_stm32f413xx.o
DMA1_Stream7_IRQHandler                           build/startup_stm32f413xx.o
DMA2_Stream0_IRQHandler                           build/stm32f4xx_it.o
DMA2_Stream1_IRQHandler                           build/startup_stm32f413xx.o
DMA2_Stream2_IRQHandler                           build/startup_stm32f413xx.o
DMA2_Stream3_IRQHandler                           build/startup_stm32f413xx.o
DMA2_Stream4_IRQHandler                           build/startup_stm32f413xx.o
DMA2_Stream5_IRQHandler                           build/startup_stm32f413xx.o
DMA2_Stream6_IRQHandler                           build/startup_stm32f413xx.o
DMA2_Stream7_IRQHandler                           build/startup_stm32f413xx.o
DebugMon_Handler                                  build/stm32f4xx_it.o
Default_Handler                                   build/startup_stm32f413xx.o
EXTI0_IRQHandler                                  build/startup_stm32f413xx.o
EXTI15_10_IRQHandler                              build/startup_stm32f413xx.o
EXTI1_IRQHandler                                  build/startup_stm32f413xx.o
EXTI2_IRQHandler                                  build/startup_stm32f413xx.o
EXTI3_IRQHandler                                  build/startup_stm32f413xx.o
EXTI4_IRQHandler                                  build/startup_stm32f413xx.o
EXTI9_5_IRQHandler                                build/startup_stm32f413xx.o
Error_Handler                                     build/main.o
                                                  build/tim.o
                                                  build/spi.o
                                                  build/usart.o
                                                  build/adc.o
FLASH_Erase_Sector                                build/stm32f4xx_hal_flash_ex.o
                                                  build/stm32f4xx_hal_flash.o
FLASH_FlushCaches                                 build/stm32f4xx_hal_flash_ex.o
                                                  build/stm32f4xx_hal_flash.o
FLASH_IRQHandler                                  build/startup_stm32f413xx.o
FLASH_WaitForLastOperation                        build/stm32f4xx_hal_flash.o
                                                  build/stm32f4xx_hal_flash_ex.o
FMPI2C1_ER_IRQHandler                             build/startup_stm32f413xx.o
FMPI2C1_EV_IRQHandler                             build/startup_stm32f413xx.o
FPU_IRQHandler                                    build/startup_stm32f413xx.o
FSMC_IRQHandler                                   build/startup_stm32f413xx.o
HAL_ADCEx_InjectedConfigChannel                   build/stm32f4xx_hal_adc_ex.o
HAL_ADCEx_InjectedConvCpltCallback                build/stm32f4xx_hal_adc_ex.o
                                                  build/stm32f4xx_hal_adc.o
HAL_ADCEx_InjectedGetValue                        build/stm32f4xx_hal_adc_ex.o
HAL_ADCEx_InjectedPollForConversion               build/stm32f4xx_hal_adc_ex.o
HAL_ADCEx_InjectedStart                           build/stm32f4xx_hal_adc_ex.o
HAL_ADCEx_InjectedStart_IT                        build/stm32f4xx_hal_adc_ex.o
HAL_ADCEx_InjectedStop                            build/stm32f4xx_hal_adc_ex.o
HAL_ADCEx_InjectedStop_IT                         build/stm32f4xx_hal_adc_ex.o
HAL_ADCEx_MultiModeConfigChannel                  build/stm32f4xx_hal_adc_ex.o
HAL_ADCEx_MultiModeGetValue                       build/stm32f4xx_hal_adc_ex.o
HAL_ADCEx_MultiModeStart_DMA                      build/stm32f4xx_hal_adc_ex.o
HAL_ADCEx_MultiModeStop_DMA                       build/stm32f4xx_hal_adc_ex.o
HAL_ADC_AnalogWDGConfig                           build/stm32f4xx_hal_adc.o
HAL_ADC_ConfigChannel                             build/stm32f4xx_hal_adc.o
                                                  build/adc.o
HAL_ADC_ConvCpltCallback                          build/stm32f4xx_hal_adc.o
                                                  build/stm32f4xx_hal_adc_ex.o
HAL_ADC_ConvHalfCpltCallback                      build/stm32f4xx_hal_adc.o
                                                  build/stm32f4xx_hal_adc_ex.o
HAL_ADC_DeInit                                    build/stm32f4xx_hal_adc.o
HAL_ADC_ErrorCallback                             build/stm32f4xx_hal_adc.o
                                                  build/stm32f4xx_hal_adc_ex.o
HAL_ADC_GetError                                  build/stm32f4xx_hal_adc.o
HAL_ADC_GetState                                  build/stm32f4xx_hal_adc.o
HAL_ADC_GetValue                                  build/stm32f4xx_hal_adc.o
HAL_ADC_IRQHandler                                build/stm32f4xx_hal_adc.o
HAL_ADC_Init                                      build/stm32f4xx_hal_adc.o
                                                  build/adc.o
HAL_ADC_LevelOutOfWindowCallback                  build/stm32f4xx_hal_adc.o
HAL_ADC_MspDeInit                                 build/adc.o
                                                  build/stm32f4xx_hal_adc.o
HAL_ADC_MspInit                                   build/adc.o
                                                  build/stm32f4xx_hal_adc.o
HAL_ADC_PollForConversion                         build/stm32f4xx_hal_adc.o
HAL_ADC_PollForEvent                              build/stm32f4xx_hal_adc.o
HAL_ADC_Start                                     build/stm32f4xx_hal_adc.o
HAL_ADC_Start_DMA                                 build/stm32f4xx_hal_adc.o
HAL_ADC_Start_IT                                  build/stm32f4xx_hal_adc.o
HAL_ADC_Stop                                      build/stm32f4xx_hal_adc.o
HAL_ADC_Stop_DMA                                  build/stm32f4xx_hal_adc.o
HAL_ADC_Stop_IT                                   build/stm32f4xx_hal_adc.o
HAL_DBGMCU_DisableDBGSleepMode                    build/stm32f4xx_hal.o
HAL_DBGMCU_DisableDBGStandbyMode                  build/stm32f4xx_hal.o
HAL_DBGMCU_DisableDBGStopMode                     build/stm32f4xx_hal.o
HAL_DBGMCU_EnableDBGSleepMode                     build/stm32f4xx_hal.o
HAL_DBGMCU_EnableDBGStandbyMode                   build/stm32f4xx_hal.o
HAL_DBGMCU_EnableDBGStopMode                      build/stm32f4xx_hal.o
HAL_DMAEx_ChangeMemory                            build/stm32f4xx_hal_dma_ex.o
HAL_DMAEx_MultiBufferStart                        build/stm32f4xx_hal_dma_ex.o
HAL_DMAEx_MultiBufferStart_IT                     build/stm32f4xx_hal_dma_ex.o
HAL_DMA_Abort                                     build/stm32f4xx_hal_dma.o
                                                  build/stm32f4xx_hal_adc.o
                                                  build/stm32f4xx_hal_uart.o
                                                  build/stm32f4xx_hal_adc_ex.o
                                                  build/stm32f4xx_hal_spi.o
HAL_DMA_Abort_IT                                  build/stm32f4xx_hal_dma.o
                                                  build/stm32f4xx_hal_uart.o
                                                  build/stm32f4xx_hal_tim_ex.o
                                                  build/stm32f4xx_hal_tim.o
                                                  build/stm32f4xx_hal_spi.o
HAL_DMA_DeInit                                    build/stm32f4xx_hal_dma.o
                                                  build/adc.o
HAL_DMA_GetError                                  build/stm32f4xx_hal_dma.o
                                                  build/stm32f4xx_hal_uart.o
HAL_DMA_GetState                                  build/stm32f4xx_hal_dma.o
HAL_DMA_IRQHandler                                build/stm32f4xx_hal_dma.o
                                                  build/stm32f4xx_it.o
HAL_DMA_Init                                      build/stm32f4xx_hal_dma.o
                                                  build/adc.o
HAL_DMA_PollForTransfer                           build/stm32f4xx_hal_dma.o
HAL_DMA_RegisterCallback                          build/stm32f4xx_hal_dma.o
HAL_DMA_Start                                     build/stm32f4xx_hal_dma.o
HAL_DMA_Start_IT                                  build/stm32f4xx_hal_dma.o
                                                  build/stm32f4xx_hal_adc.o
                                                  build/stm32f4xx_hal_uart.o
                                                  build/stm32f4xx_hal_adc_ex.o
                                                  build/stm32f4xx_hal_tim_ex.o
                                                  build/stm32f4xx_hal_tim.o
                                                  build/stm32f4xx_hal_spi.o
HAL_DMA_UnRegisterCallback                        build/stm32f4xx_hal_dma.o
HAL_DeInit                                        build/stm32f4xx_hal.o
HAL_Delay                                         build/stm32f4xx_hal.o
                                                  build/main.o
HAL_DisableCompensationCell                       build/stm32f4xx_hal.o
HAL_EXTI_ClearConfigLine                          build/stm32f4xx_hal_exti.o
HAL_EXTI_ClearPending                             build/stm32f4xx_hal_exti.o
HAL_EXTI_GenerateSWI                              build/stm32f4xx_hal_exti.o
HAL_EXTI_GetConfigLine                            build/stm32f4xx_hal_exti.o
HAL_EXTI_GetHandle                                build/stm32f4xx_hal_exti.o
HAL_EXTI_GetPending                               build/stm32f4xx_hal_exti.o
HAL_EXTI_IRQHandler                               build/stm32f4xx_hal_exti.o
HAL_EXTI_RegisterCallback                         build/stm32f4xx_hal_exti.o
HAL_EXTI_SetConfigLine                            build/stm32f4xx_hal_exti.o
HAL_EnableCompensationCell                        build/stm32f4xx_hal.o
HAL_FLASHEx_AdvOBGetConfig                        build/stm32f4xx_hal_flash_ex.o
HAL_FLASHEx_AdvOBProgram                          build/stm32f4xx_hal_flash_ex.o
HAL_FLASHEx_Erase                                 build/stm32f4xx_hal_flash_ex.o
HAL_FLASHEx_Erase_IT                              build/stm32f4xx_hal_flash_ex.o
HAL_FLASHEx_OBGetConfig                           build/stm32f4xx_hal_flash_ex.o
HAL_FLASHEx_OBProgram                             build/stm32f4xx_hal_flash_ex.o
HAL_FLASHEx_OB_DeSelectPCROP                      build/stm32f4xx_hal_flash_ex.o
HAL_FLASHEx_OB_SelectPCROP                        build/stm32f4xx_hal_flash_ex.o
HAL_FLASH_EndOfOperationCallback                  build/stm32f4xx_hal_flash.o
HAL_FLASH_GetError                                build/stm32f4xx_hal_flash.o
HAL_FLASH_IRQHandler                              build/stm32f4xx_hal_flash.o
HAL_FLASH_Lock                                    build/stm32f4xx_hal_flash.o
HAL_FLASH_OB_Launch                               build/stm32f4xx_hal_flash.o
HAL_FLASH_OB_Lock                                 build/stm32f4xx_hal_flash.o
HAL_FLASH_OB_Unlock                               build/stm32f4xx_hal_flash.o
HAL_FLASH_OperationErrorCallback                  build/stm32f4xx_hal_flash.o
HAL_FLASH_Program                                 build/stm32f4xx_hal_flash.o
HAL_FLASH_Program_IT                              build/stm32f4xx_hal_flash.o
HAL_FLASH_Unlock                                  build/stm32f4xx_hal_flash.o
HAL_GPIO_DeInit                                   build/stm32f4xx_hal_gpio.o
                                                  build/spi.o
                                                  build/usart.o
                                                  build/adc.o
HAL_GPIO_EXTI_Callback                            build/stm32f4xx_hal_gpio.o
HAL_GPIO_EXTI_IRQHandler                          build/stm32f4xx_hal_gpio.o
HAL_GPIO_Init                                     build/stm32f4xx_hal_gpio.o
                                                  build/tim.o
                                                  build/gpio.o
                                                  build/spi.o
                                                  build/usart.o
                                                  build/adc.o
                                                  build/stm32f4xx_hal_rcc.o
HAL_GPIO_LockPin                                  build/stm32f4xx_hal_gpio.o
HAL_GPIO_ReadPin                                  build/stm32f4xx_hal_gpio.o
HAL_GPIO_TogglePin                                build/stm32f4xx_hal_gpio.o
HAL_GPIO_WritePin                                 build/stm32f4xx_hal_gpio.o
                                                  build/gpio.o
                                                  build/main.o
HAL_GetDEVID                                      build/stm32f4xx_hal.o
HAL_GetHalVersion                                 build/stm32f4xx_hal.o
HAL_GetREVID                                      build/stm32f4xx_hal.o
HAL_GetTick                                       build/stm32f4xx_hal.o
                                                  build/stm32f4xx_hal_adc.o
                                                  build/stm32f4xx_hal_pwr_ex.o
                                                  build/stm32f4xx_hal_rcc_ex.o
                                                  build/stm32f4xx_hal_uart.o
                                                  build/stm32f4xx_hal_adc_ex.o
                                                  build/stm32f4xx_hal_dma.o
                                                  build/stm32f4xx_hal_flash.o
                                                  build/stm32f4xx_hal_rcc.o
                                                  build/stm32f4xx_hal_spi.o
HAL_GetTickFreq                                   build/stm32f4xx_hal.o
HAL_GetTickPrio                                   build/stm32f4xx_hal.o
HAL_GetUIDw0                                      build/stm32f4xx_hal.o
HAL_GetUIDw1                                      build/stm32f4xx_hal.o
HAL_GetUIDw2                                      build/stm32f4xx_hal.o
HAL_HalfDuplex_EnableReceiver                     build/stm32f4xx_hal_uart.o
HAL_HalfDuplex_EnableTransmitter                  build/stm32f4xx_hal_uart.o
HAL_HalfDuplex_Init                               build/stm32f4xx_hal_uart.o
HAL_IncTick                                       build/stm32f4xx_hal.o
                                                  build/stm32f4xx_it.o
HAL_Init                                          build/stm32f4xx_hal.o
                                                  build/main.o
HAL_InitTick                                      build/stm32f4xx_hal.o
                                                  build/stm32f4xx_hal_rcc_ex.o
                                                  build/stm32f4xx_hal_rcc.o
HAL_LIN_Init                                      build/stm32f4xx_hal_uart.o
HAL_LIN_SendBreak                                 build/stm32f4xx_hal_uart.o
HAL_MPU_ConfigRegion                              build/stm32f4xx_hal_cortex.o
HAL_MPU_Disable                                   build/stm32f4xx_hal_cortex.o
HAL_MPU_Enable                                    build/stm32f4xx_hal_cortex.o
HAL_MspDeInit                                     build/stm32f4xx_hal.o
HAL_MspInit                                       build/stm32f4xx_hal_msp.o
HAL_MultiProcessor_EnterMuteMode                  build/stm32f4xx_hal_uart.o
HAL_MultiProcessor_ExitMuteMode                   build/stm32f4xx_hal_uart.o
HAL_MultiProcessor_Init                           build/stm32f4xx_hal_uart.o
HAL_NVIC_ClearPendingIRQ                          build/stm32f4xx_hal_cortex.o
HAL_NVIC_DisableIRQ                               build/stm32f4xx_hal_cortex.o
HAL_NVIC_EnableIRQ                                build/stm32f4xx_hal_cortex.o
                                                  build/dma.o
HAL_NVIC_GetActive                                build/stm32f4xx_hal_cortex.o
HAL_NVIC_GetPendingIRQ                            build/stm32f4xx_hal_cortex.o
HAL_NVIC_GetPriority                              build/stm32f4xx_hal_cortex.o
HAL_NVIC_GetPriorityGrouping                      build/stm32f4xx_hal_cortex.o
HAL_NVIC_SetPendingIRQ                            build/stm32f4xx_hal_cortex.o
HAL_NVIC_SetPriority                              build/stm32f4xx_hal_cortex.o
                                                  build/dma.o
                                                  build/stm32f4xx_hal.o
                                                  build/stm32f4xx_hal_msp.o
HAL_NVIC_SetPriorityGrouping                      build/stm32f4xx_hal_cortex.o
                                                  build/stm32f4xx_hal.o
HAL_NVIC_SystemReset                              build/stm32f4xx_hal_cortex.o
HAL_PWREx_ControlVoltageScaling                   build/stm32f4xx_hal_pwr_ex.o
HAL_PWREx_DisableBkUpReg                          build/stm32f4xx_hal_pwr_ex.o
HAL_PWREx_DisableFlashPowerDown                   build/stm32f4xx_hal_pwr_ex.o
HAL_PWREx_DisableLowRegulatorLowVoltage           build/stm32f4xx_hal_pwr_ex.o
HAL_PWREx_DisableMainRegulatorLowVoltage          build/stm32f4xx_hal_pwr_ex.o
HAL_PWREx_EnableBkUpReg                           build/stm32f4xx_hal_pwr_ex.o
HAL_PWREx_EnableFlashPowerDown                    build/stm32f4xx_hal_pwr_ex.o
HAL_PWREx_EnableLowRegulatorLowVoltage            build/stm32f4xx_hal_pwr_ex.o
HAL_PWREx_EnableMainRegulatorLowVoltage           build/stm32f4xx_hal_pwr_ex.o
HAL_PWREx_GetVoltageRange                         build/stm32f4xx_hal_pwr_ex.o
HAL_PWR_ConfigPVD                                 build/stm32f4xx_hal_pwr.o
HAL_PWR_DeInit                                    build/stm32f4xx_hal_pwr.o
HAL_PWR_DisableBkUpAccess                         build/stm32f4xx_hal_pwr.o
HAL_PWR_DisablePVD                                build/stm32f4xx_hal_pwr.o
HAL_PWR_DisableSEVOnPend                          build/stm32f4xx_hal_pwr.o
HAL_PWR_DisableSleepOnExit                        build/stm32f4xx_hal_pwr.o
HAL_PWR_DisableWakeUpPin                          build/stm32f4xx_hal_pwr.o
HAL_PWR_EnableBkUpAccess                          build/stm32f4xx_hal_pwr.o
HAL_PWR_EnablePVD                                 build/stm32f4xx_hal_pwr.o
HAL_PWR_EnableSEVOnPend                           build/stm32f4xx_hal_pwr.o
HAL_PWR_EnableSleepOnExit                         build/stm32f4xx_hal_pwr.o
HAL_PWR_EnableWakeUpPin                           build/stm32f4xx_hal_pwr.o
HAL_PWR_EnterSLEEPMode                            build/stm32f4xx_hal_pwr.o
HAL_PWR_EnterSTANDBYMode                          build/stm32f4xx_hal_pwr.o
HAL_PWR_EnterSTOPMode                             build/stm32f4xx_hal_pwr.o
HAL_PWR_PVDCallback                               build/stm32f4xx_hal_pwr.o
HAL_PWR_PVD_IRQHandler                            build/stm32f4xx_hal_pwr.o
HAL_RCCEx_DisablePLLI2S                           build/stm32f4xx_hal_rcc_ex.o
HAL_RCCEx_EnablePLLI2S                            build/stm32f4xx_hal_rcc_ex.o
HAL_RCCEx_GetPeriphCLKConfig                      build/stm32f4xx_hal_rcc_ex.o
HAL_RCCEx_GetPeriphCLKFreq                        build/stm32f4xx_hal_rcc_ex.o
HAL_RCCEx_PeriphCLKConfig                         build/stm32f4xx_hal_rcc_ex.o
HAL_RCCEx_SelectLSEMode                           build/stm32f4xx_hal_rcc_ex.o
HAL_RCC_CSSCallback                               build/stm32f4xx_hal_rcc.o
HAL_RCC_ClockConfig                               build/stm32f4xx_hal_rcc.o
                                                  build/main.o
HAL_RCC_DeInit                                    build/stm32f4xx_hal_rcc_ex.o
                                                  build/stm32f4xx_hal_rcc.o
HAL_RCC_DisableCSS                                build/stm32f4xx_hal_rcc.o
HAL_RCC_EnableCSS                                 build/stm32f4xx_hal_rcc.o
HAL_RCC_GetClockConfig                            build/stm32f4xx_hal_rcc.o
HAL_RCC_GetHCLKFreq                               build/stm32f4xx_hal_rcc.o
HAL_RCC_GetOscConfig                              build/stm32f4xx_hal_rcc_ex.o
                                                  build/stm32f4xx_hal_rcc.o
HAL_RCC_GetPCLK1Freq                              build/stm32f4xx_hal_rcc.o
                                                  build/stm32f4xx_hal_uart.o
HAL_RCC_GetPCLK2Freq                              build/stm32f4xx_hal_rcc.o
                                                  build/stm32f4xx_hal_uart.o
HAL_RCC_GetSysClockFreq                           build/stm32f4xx_hal_rcc.o
HAL_RCC_MCOConfig                                 build/stm32f4xx_hal_rcc.o
HAL_RCC_NMI_IRQHandler                            build/stm32f4xx_hal_rcc.o
HAL_RCC_OscConfig                                 build/stm32f4xx_hal_rcc_ex.o
                                                  build/stm32f4xx_hal_rcc.o
                                                  build/main.o
HAL_ResumeTick                                    build/stm32f4xx_hal.o
HAL_SPI_Abort                                     build/stm32f4xx_hal_spi.o
HAL_SPI_AbortCpltCallback                         build/stm32f4xx_hal_spi.o
HAL_SPI_Abort_IT                                  build/stm32f4xx_hal_spi.o
HAL_SPI_DMAPause                                  build/stm32f4xx_hal_spi.o
HAL_SPI_DMAResume                                 build/stm32f4xx_hal_spi.o
HAL_SPI_DMAStop                                   build/stm32f4xx_hal_spi.o
HAL_SPI_DeInit                                    build/stm32f4xx_hal_spi.o
HAL_SPI_ErrorCallback                             build/stm32f4xx_hal_spi.o
HAL_SPI_GetError                                  build/stm32f4xx_hal_spi.o
HAL_SPI_GetState                                  build/stm32f4xx_hal_spi.o
HAL_SPI_IRQHandler                                build/stm32f4xx_hal_spi.o
HAL_SPI_Init                                      build/stm32f4xx_hal_spi.o
                                                  build/spi.o
HAL_SPI_MspDeInit                                 build/spi.o
                                                  build/stm32f4xx_hal_spi.o
HAL_SPI_MspInit                                   build/spi.o
                                                  build/stm32f4xx_hal_spi.o
HAL_SPI_Receive                                   build/stm32f4xx_hal_spi.o
HAL_SPI_Receive_DMA                               build/stm32f4xx_hal_spi.o
HAL_SPI_Receive_IT                                build/stm32f4xx_hal_spi.o
HAL_SPI_RxCpltCallback                            build/stm32f4xx_hal_spi.o
HAL_SPI_RxHalfCpltCallback                        build/stm32f4xx_hal_spi.o
HAL_SPI_Transmit                                  build/stm32f4xx_hal_spi.o
HAL_SPI_TransmitReceive                           build/stm32f4xx_hal_spi.o
HAL_SPI_TransmitReceive_DMA                       build/stm32f4xx_hal_spi.o
HAL_SPI_TransmitReceive_IT                        build/stm32f4xx_hal_spi.o
HAL_SPI_Transmit_DMA                              build/stm32f4xx_hal_spi.o
HAL_SPI_Transmit_IT                               build/stm32f4xx_hal_spi.o
HAL_SPI_TxCpltCallback                            build/stm32f4xx_hal_spi.o
HAL_SPI_TxHalfCpltCallback                        build/stm32f4xx_hal_spi.o
HAL_SPI_TxRxCpltCallback                          build/stm32f4xx_hal_spi.o
HAL_SPI_TxRxHalfCpltCallback                      build/stm32f4xx_hal_spi.o
HAL_SYSTICK_CLKSourceConfig                       build/stm32f4xx_hal_cortex.o
HAL_SYSTICK_Callback                              build/stm32f4xx_hal_cortex.o
HAL_SYSTICK_Config                                build/stm32f4xx_hal_cortex.o
                                                  build/stm32f4xx_hal.o
HAL_SYSTICK_IRQHandler                            build/stm32f4xx_hal_cortex.o
HAL_SetTickFreq                                   build/stm32f4xx_hal.o
HAL_SuspendTick                                   build/stm32f4xx_hal.o
HAL_TIMEx_BreakCallback                           build/stm32f4xx_hal_tim_ex.o
                                                  build/stm32f4xx_hal_tim.o
HAL_TIMEx_CommutCallback                          build/stm32f4xx_hal_tim_ex.o
                                                  build/stm32f4xx_hal_tim.o
HAL_TIMEx_CommutHalfCpltCallback                  build/stm32f4xx_hal_tim_ex.o
HAL_TIMEx_ConfigBreakDeadTime                     build/stm32f4xx_hal_tim_ex.o
HAL_TIMEx_ConfigCommutEvent                       build/stm32f4xx_hal_tim_ex.o
HAL_TIMEx_ConfigCommutEvent_DMA                   build/stm32f4xx_hal_tim_ex.o
HAL_TIMEx_ConfigCommutEvent_IT                    build/stm32f4xx_hal_tim_ex.o
HAL_TIMEx_HallSensor_DeInit                       build/stm32f4xx_hal_tim_ex.o
HAL_TIMEx_HallSensor_GetState                     build/stm32f4xx_hal_tim_ex.o
HAL_TIMEx_HallSensor_Init                         build/stm32f4xx_hal_tim_ex.o
HAL_TIMEx_HallSensor_MspDeInit                    build/stm32f4xx_hal_tim_ex.o
HAL_TIMEx_HallSensor_MspInit                      build/stm32f4xx_hal_tim_ex.o
HAL_TIMEx_HallSensor_Start                        build/stm32f4xx_hal_tim_ex.o
HAL_TIMEx_HallSensor_Start_DMA                    build/stm32f4xx_hal_tim_ex.o
HAL_TIMEx_HallSensor_Start_IT                     build/stm32f4xx_hal_tim_ex.o
HAL_TIMEx_HallSensor_Stop                         build/stm32f4xx_hal_tim_ex.o
HAL_TIMEx_HallSensor_Stop_DMA                     build/stm32f4xx_hal_tim_ex.o
HAL_TIMEx_HallSensor_Stop_IT                      build/stm32f4xx_hal_tim_ex.o
HAL_TIMEx_MasterConfigSynchronization             build/stm32f4xx_hal_tim_ex.o
                                                  build/tim.o
HAL_TIMEx_OCN_Start                               build/stm32f4xx_hal_tim_ex.o
HAL_TIMEx_OCN_Start_DMA                           build/stm32f4xx_hal_tim_ex.o
HAL_TIMEx_OCN_Start_IT                            build/stm32f4xx_hal_tim_ex.o
HAL_TIMEx_OCN_Stop                                build/stm32f4xx_hal_tim_ex.o
HAL_TIMEx_OCN_Stop_DMA                            build/stm32f4xx_hal_tim_ex.o
HAL_TIMEx_OCN_Stop_IT                             build/stm32f4xx_hal_tim_ex.o
HAL_TIMEx_OnePulseN_Start                         build/stm32f4xx_hal_tim_ex.o
HAL_TIMEx_OnePulseN_Start_IT                      build/stm32f4xx_hal_tim_ex.o
HAL_TIMEx_OnePulseN_Stop                          build/stm32f4xx_hal_tim_ex.o
HAL_TIMEx_OnePulseN_Stop_IT                       build/stm32f4xx_hal_tim_ex.o
HAL_TIMEx_PWMN_Start                              build/stm32f4xx_hal_tim_ex.o
HAL_TIMEx_PWMN_Start_DMA                          build/stm32f4xx_hal_tim_ex.o
HAL_TIMEx_PWMN_Start_IT                           build/stm32f4xx_hal_tim_ex.o
HAL_TIMEx_PWMN_Stop                               build/stm32f4xx_hal_tim_ex.o
HAL_TIMEx_PWMN_Stop_DMA                           build/stm32f4xx_hal_tim_ex.o
HAL_TIMEx_PWMN_Stop_IT                            build/stm32f4xx_hal_tim_ex.o
HAL_TIMEx_RemapConfig                             build/stm32f4xx_hal_tim_ex.o
HAL_TIM_Base_DeInit                               build/stm32f4xx_hal_tim.o
HAL_TIM_Base_GetState                             build/stm32f4xx_hal_tim.o
HAL_TIM_Base_Init                                 build/stm32f4xx_hal_tim.o
                                                  build/tim.o
HAL_TIM_Base_MspDeInit                            build/tim.o
                                                  build/stm32f4xx_hal_tim.o
HAL_TIM_Base_MspInit                              build/tim.o
                                                  build/stm32f4xx_hal_tim.o
HAL_TIM_Base_Start                                build/stm32f4xx_hal_tim.o
HAL_TIM_Base_Start_DMA                            build/stm32f4xx_hal_tim.o
HAL_TIM_Base_Start_IT                             build/stm32f4xx_hal_tim.o
HAL_TIM_Base_Stop                                 build/stm32f4xx_hal_tim.o
HAL_TIM_Base_Stop_DMA                             build/stm32f4xx_hal_tim.o
HAL_TIM_Base_Stop_IT                              build/stm32f4xx_hal_tim.o
HAL_TIM_ConfigClockSource                         build/stm32f4xx_hal_tim.o
HAL_TIM_ConfigOCrefClear                          build/stm32f4xx_hal_tim.o
HAL_TIM_ConfigTI1Input                            build/stm32f4xx_hal_tim.o
HAL_TIM_DMABurst_ReadStart                        build/stm32f4xx_hal_tim.o
HAL_TIM_DMABurst_ReadStop                         build/stm32f4xx_hal_tim.o
HAL_TIM_DMABurst_WriteStart                       build/stm32f4xx_hal_tim.o
HAL_TIM_DMABurst_WriteStop                        build/stm32f4xx_hal_tim.o
HAL_TIM_Encoder_DeInit                            build/stm32f4xx_hal_tim.o
HAL_TIM_Encoder_GetState                          build/stm32f4xx_hal_tim.o
HAL_TIM_Encoder_Init                              build/stm32f4xx_hal_tim.o
HAL_TIM_Encoder_MspDeInit                         build/stm32f4xx_hal_tim.o
HAL_TIM_Encoder_MspInit                           build/stm32f4xx_hal_tim.o
HAL_TIM_Encoder_Start                             build/stm32f4xx_hal_tim.o
HAL_TIM_Encoder_Start_DMA                         build/stm32f4xx_hal_tim.o
HAL_TIM_Encoder_Start_IT                          build/stm32f4xx_hal_tim.o
HAL_TIM_Encoder_Stop                              build/stm32f4xx_hal_tim.o
HAL_TIM_Encoder_Stop_DMA                          build/stm32f4xx_hal_tim.o
HAL_TIM_Encoder_Stop_IT                           build/stm32f4xx_hal_tim.o
HAL_TIM_ErrorCallback                             build/stm32f4xx_hal_tim.o
HAL_TIM_GenerateEvent                             build/stm32f4xx_hal_tim.o
HAL_TIM_IC_CaptureCallback                        build/stm32f4xx_hal_tim.o
HAL_TIM_IC_CaptureHalfCpltCallback                build/stm32f4xx_hal_tim.o
HAL_TIM_IC_ConfigChannel                          build/stm32f4xx_hal_tim.o
HAL_TIM_IC_DeInit                                 build/stm32f4xx_hal_tim.o
HAL_TIM_IC_GetState                               build/stm32f4xx_hal_tim.o
HAL_TIM_IC_Init                                   build/stm32f4xx_hal_tim.o
HAL_TIM_IC_MspDeInit                              build/stm32f4xx_hal_tim.o
HAL_TIM_IC_MspInit                                build/stm32f4xx_hal_tim.o
HAL_TIM_IC_Start                                  build/stm32f4xx_hal_tim.o
HAL_TIM_IC_Start_DMA                              build/stm32f4xx_hal_tim.o
HAL_TIM_IC_Start_IT                               build/stm32f4xx_hal_tim.o
HAL_TIM_IC_Stop                                   build/stm32f4xx_hal_tim.o
HAL_TIM_IC_Stop_DMA                               build/stm32f4xx_hal_tim.o
HAL_TIM_IC_Stop_IT                                build/stm32f4xx_hal_tim.o
HAL_TIM_IRQHandler                                build/stm32f4xx_hal_tim.o
HAL_TIM_MspPostInit                               build/tim.o
HAL_TIM_OC_ConfigChannel                          build/stm32f4xx_hal_tim.o
HAL_TIM_OC_DeInit                                 build/stm32f4xx_hal_tim.o
HAL_TIM_OC_DelayElapsedCallback                   build/stm32f4xx_hal_tim.o
HAL_TIM_OC_GetState                               build/stm32f4xx_hal_tim.o
HAL_TIM_OC_Init                                   build/stm32f4xx_hal_tim.o
HAL_TIM_OC_MspDeInit                              build/stm32f4xx_hal_tim.o
HAL_TIM_OC_MspInit                                build/stm32f4xx_hal_tim.o
HAL_TIM_OC_Start                                  build/stm32f4xx_hal_tim.o
HAL_TIM_OC_Start_DMA                              build/stm32f4xx_hal_tim.o
HAL_TIM_OC_Start_IT                               build/stm32f4xx_hal_tim.o
HAL_TIM_OC_Stop                                   build/stm32f4xx_hal_tim.o
HAL_TIM_OC_Stop_DMA                               build/stm32f4xx_hal_tim.o
HAL_TIM_OC_Stop_IT                                build/stm32f4xx_hal_tim.o
HAL_TIM_OnePulse_ConfigChannel                    build/stm32f4xx_hal_tim.o
HAL_TIM_OnePulse_DeInit                           build/stm32f4xx_hal_tim.o
HAL_TIM_OnePulse_GetState                         build/stm32f4xx_hal_tim.o
HAL_TIM_OnePulse_Init                             build/stm32f4xx_hal_tim.o
HAL_TIM_OnePulse_MspDeInit                        build/stm32f4xx_hal_tim.o
HAL_TIM_OnePulse_MspInit                          build/stm32f4xx_hal_tim.o
HAL_TIM_OnePulse_Start                            build/stm32f4xx_hal_tim.o
HAL_TIM_OnePulse_Start_IT                         build/stm32f4xx_hal_tim.o
HAL_TIM_OnePulse_Stop                             build/stm32f4xx_hal_tim.o
HAL_TIM_OnePulse_Stop_IT                          build/stm32f4xx_hal_tim.o
HAL_TIM_PWM_ConfigChannel                         build/stm32f4xx_hal_tim.o
                                                  build/tim.o
HAL_TIM_PWM_DeInit                                build/stm32f4xx_hal_tim.o
HAL_TIM_PWM_GetState                              build/stm32f4xx_hal_tim.o
HAL_TIM_PWM_Init                                  build/stm32f4xx_hal_tim.o
                                                  build/tim.o
HAL_TIM_PWM_MspDeInit                             build/tim.o
                                                  build/stm32f4xx_hal_tim.o
HAL_TIM_PWM_MspInit                               build/tim.o
                                                  build/stm32f4xx_hal_tim.o
HAL_TIM_PWM_PulseFinishedCallback                 build/stm32f4xx_hal_tim.o
HAL_TIM_PWM_PulseFinishedHalfCpltCallback         build/stm32f4xx_hal_tim.o
HAL_TIM_PWM_Start                                 build/stm32f4xx_hal_tim.o
HAL_TIM_PWM_Start_DMA                             build/stm32f4xx_hal_tim.o
HAL_TIM_PWM_Start_IT                              build/stm32f4xx_hal_tim.o
HAL_TIM_PWM_Stop                                  build/stm32f4xx_hal_tim.o
HAL_TIM_PWM_Stop_DMA                              build/stm32f4xx_hal_tim.o
HAL_TIM_PWM_Stop_IT                               build/stm32f4xx_hal_tim.o
HAL_TIM_PeriodElapsedCallback                     build/stm32f4xx_hal_tim.o
HAL_TIM_PeriodElapsedHalfCpltCallback             build/stm32f4xx_hal_tim.o
HAL_TIM_ReadCapturedValue                         build/stm32f4xx_hal_tim.o
HAL_TIM_SlaveConfigSynchro                        build/stm32f4xx_hal_tim.o
HAL_TIM_SlaveConfigSynchro_IT                     build/stm32f4xx_hal_tim.o
HAL_TIM_TriggerCallback                           build/stm32f4xx_hal_tim.o
HAL_TIM_TriggerHalfCpltCallback                   build/stm32f4xx_hal_tim.o
HAL_UART_Abort                                    build/stm32f4xx_hal_uart.o
HAL_UART_AbortCpltCallback                        build/stm32f4xx_hal_uart.o
HAL_UART_AbortReceive                             build/stm32f4xx_hal_uart.o
HAL_UART_AbortReceiveCpltCallback                 build/stm32f4xx_hal_uart.o
HAL_UART_AbortReceive_IT                          build/stm32f4xx_hal_uart.o
HAL_UART_AbortTransmit                            build/stm32f4xx_hal_uart.o
HAL_UART_AbortTransmitCpltCallback                build/stm32f4xx_hal_uart.o
HAL_UART_AbortTransmit_IT                         build/stm32f4xx_hal_uart.o
HAL_UART_Abort_IT                                 build/stm32f4xx_hal_uart.o
HAL_UART_DMAPause                                 build/stm32f4xx_hal_uart.o
HAL_UART_DMAResume                                build/stm32f4xx_hal_uart.o
HAL_UART_DMAStop                                  build/stm32f4xx_hal_uart.o
HAL_UART_DeInit                                   build/stm32f4xx_hal_uart.o
HAL_UART_ErrorCallback                            build/stm32f4xx_hal_uart.o
HAL_UART_GetError                                 build/stm32f4xx_hal_uart.o
HAL_UART_GetState                                 build/stm32f4xx_hal_uart.o
HAL_UART_IRQHandler                               build/stm32f4xx_hal_uart.o
HAL_UART_Init                                     build/stm32f4xx_hal_uart.o
                                                  build/usart.o
HAL_UART_MspDeInit                                build/usart.o
                                                  build/stm32f4xx_hal_uart.o
HAL_UART_MspInit                                  build/usart.o
                                                  build/stm32f4xx_hal_uart.o
HAL_UART_Receive                                  build/stm32f4xx_hal_uart.o
HAL_UART_Receive_DMA                              build/stm32f4xx_hal_uart.o
HAL_UART_Receive_IT                               build/stm32f4xx_hal_uart.o
HAL_UART_RxCpltCallback                           build/stm32f4xx_hal_uart.o
HAL_UART_RxHalfCpltCallback                       build/stm32f4xx_hal_uart.o
HAL_UART_Transmit                                 build/stm32f4xx_hal_uart.o
HAL_UART_Transmit_DMA                             build/stm32f4xx_hal_uart.o
HAL_UART_Transmit_IT                              build/stm32f4xx_hal_uart.o
HAL_UART_TxCpltCallback                           build/stm32f4xx_hal_uart.o
HAL_UART_TxHalfCpltCallback                       build/stm32f4xx_hal_uart.o
HardFault_Handler                                 build/stm32f4xx_it.o
I2C1_ER_IRQHandler                                build/startup_stm32f413xx.o
I2C1_EV_IRQHandler                                build/startup_stm32f413xx.o
I2C2_ER_IRQHandler                                build/startup_stm32f413xx.o
I2C2_EV_IRQHandler                                build/startup_stm32f413xx.o
I2C3_ER_IRQHandler                                build/startup_stm32f413xx.o
I2C3_EV_IRQHandler                                build/startup_stm32f413xx.o
LPTIM1_IRQHandler                                 build/startup_stm32f413xx.o
MX_ADC1_Init                                      build/adc.o
                                                  build/main.o
MX_DMA_Init                                       build/dma.o
                                                  build/main.o
MX_GPIO_Init                                      build/gpio.o
                                                  build/main.o
MX_SPI1_Init                                      build/spi.o
                                                  build/main.o
MX_TIM11_Init                                     build/tim.o
                                                  build/main.o
MX_TIM4_Init                                      build/tim.o
                                                  build/main.o
MX_USART1_UART_Init                               build/usart.o
                                                  build/main.o
MemManage_Handler                                 build/stm32f4xx_it.o
NMI_Handler                                       build/stm32f4xx_it.o
OTG_FS_IRQHandler                                 build/startup_stm32f413xx.o
OTG_FS_WKUP_IRQHandler                            build/startup_stm32f413xx.o
PVD_IRQHandler                                    build/startup_stm32f413xx.o
PendSV_Handler                                    build/stm32f4xx_it.o
QUADSPI_IRQHandler                                build/startup_stm32f413xx.o
RCC_IRQHandler                                    build/startup_stm32f413xx.o
RNG_IRQHandler                                    build/startup_stm32f413xx.o
RTC_Alarm_IRQHandler                              build/startup_stm32f413xx.o
RTC_WKUP_IRQHandler                               build/startup_stm32f413xx.o
Reset_Handler                                     build/startup_stm32f413xx.o
SAI1_IRQHandler                                   build/startup_stm32f413xx.o
SDIO_IRQHandler                                   build/startup_stm32f413xx.o
SPI1_IRQHandler                                   build/startup_stm32f413xx.o
SPI2_IRQHandler                                   build/startup_stm32f413xx.o
SPI3_IRQHandler                                   build/startup_stm32f413xx.o
SPI4_IRQHandler                                   build/startup_stm32f413xx.o
SPI5_IRQHandler                                   build/startup_stm32f413xx.o
SVC_Handler                                       build/stm32f4xx_it.o
SysTick_Handler                                   build/stm32f4xx_it.o
SystemClock_Config                                build/main.o
SystemCoreClock                                   build/system_stm32f4xx.o
                                                  build/stm32f4xx_hal_adc.o
                                                  build/stm32f4xx_hal_rcc_ex.o
                                                  build/stm32f4xx_hal_adc_ex.o
                                                  build/stm32f4xx_hal_dma.o
                                                  build/stm32f4xx_hal.o
                                                  build/stm32f4xx_hal_rcc.o
                                                  build/stm32f4xx_hal_spi.o
SystemCoreClockUpdate                             build/system_stm32f4xx.o
SystemInit                                        build/system_stm32f4xx.o
                                                  build/startup_stm32f413xx.o
TAMP_STAMP_IRQHandler                             build/startup_stm32f413xx.o
TIM1_BRK_TIM9_IRQHandler                          build/startup_stm32f413xx.o
TIM1_CC_IRQHandler                                build/startup_stm32f413xx.o
TIM1_TRG_COM_TIM11_IRQHandler                     build/startup_stm32f413xx.o
TIM1_UP_TIM10_IRQHandler                          build/startup_stm32f413xx.o
TIM2_IRQHandler                                   build/startup_stm32f413xx.o
TIM3_IRQHandler                                   build/startup_stm32f413xx.o
TIM4_IRQHandler                                   build/startup_stm32f413xx.o
TIM5_IRQHandler                                   build/startup_stm32f413xx.o
TIM6_DAC_IRQHandler                               build/startup_stm32f413xx.o
TIM7_IRQHandler                                   build/startup_stm32f413xx.o
TIM8_BRK_TIM12_IRQHandler                         build/startup_stm32f413xx.o
TIM8_CC_IRQHandler                                build/startup_stm32f413xx.o
TIM8_TRG_COM_TIM14_IRQHandler                     build/startup_stm32f413xx.o
TIM8_UP_TIM13_IRQHandler                          build/startup_stm32f413xx.o
TIMEx_DMACommutationCplt                          build/stm32f4xx_hal_tim_ex.o
                                                  build/stm32f4xx_hal_tim.o
TIMEx_DMACommutationHalfCplt                      build/stm32f4xx_hal_tim_ex.o
                                                  build/stm32f4xx_hal_tim.o
TIM_Base_SetConfig                                build/stm32f4xx_hal_tim.o
                                                  build/stm32f4xx_hal_tim_ex.o
TIM_CCxChannelCmd                                 build/stm32f4xx_hal_tim.o
                                                  build/stm32f4xx_hal_tim_ex.o
TIM_DMACaptureCplt                                build/stm32f4xx_hal_tim.o
                                                  build/stm32f4xx_hal_tim_ex.o
TIM_DMACaptureHalfCplt                            build/stm32f4xx_hal_tim.o
                                                  build/stm32f4xx_hal_tim_ex.o
TIM_DMADelayPulseCplt                             build/stm32f4xx_hal_tim.o
                                                  build/stm32f4xx_hal_tim_ex.o
TIM_DMADelayPulseHalfCplt                         build/stm32f4xx_hal_tim.o
                                                  build/stm32f4xx_hal_tim_ex.o
TIM_DMAError                                      build/stm32f4xx_hal_tim.o
                                                  build/stm32f4xx_hal_tim_ex.o
TIM_ETR_SetConfig                                 build/stm32f4xx_hal_tim.o
TIM_OC2_SetConfig                                 build/stm32f4xx_hal_tim.o
                                                  build/stm32f4xx_hal_tim_ex.o
TIM_TI1_SetConfig                                 build/stm32f4xx_hal_tim.o
                                                  build/stm32f4xx_hal_tim_ex.o
UART10_IRQHandler                                 build/startup_stm32f413xx.o
UART4_IRQHandler                                  build/startup_stm32f413xx.o
UART5_IRQHandler                                  build/startup_stm32f413xx.o
UART7_IRQHandler                                  build/startup_stm32f413xx.o
UART8_IRQHandler                                  build/startup_stm32f413xx.o
UART9_IRQHandler                                  build/startup_stm32f413xx.o
USART1_IRQHandler                                 build/startup_stm32f413xx.o
USART2_IRQHandler                                 build/startup_stm32f413xx.o
USART3_IRQHandler                                 build/startup_stm32f413xx.o
USART6_IRQHandler                                 build/startup_stm32f413xx.o
UsageFault_Handler                                build/stm32f4xx_it.o
WWDG_IRQHandler                                   build/startup_stm32f413xx.o
__aeabi_idiv0                                     /usr/bin/../lib/gcc/arm-none-eabi/7.3.1/thumb/v7e-m/fpv4-sp/hard/libgcc.a(_dvmd_tls.o)
__aeabi_ldiv0                                     /usr/bin/../lib/gcc/arm-none-eabi/7.3.1/thumb/v7e-m/fpv4-sp/hard/libgcc.a(_dvmd_tls.o)
                                                  /usr/bin/../lib/gcc/arm-none-eabi/7.3.1/thumb/v7e-m/fpv4-sp/hard/libgcc.a(_aeabi_uldivmod.o)
                                                  /usr/bin/../lib/gcc/arm-none-eabi/7.3.1/thumb/v7e-m/fpv4-sp/hard/libgcc.a(_aeabi_ldivmod.o)
__aeabi_ldivmod                                   /usr/bin/../lib/gcc/arm-none-eabi/7.3.1/thumb/v7e-m/fpv4-sp/hard/libgcc.a(_aeabi_ldivmod.o)
                                                  build/stm32f4xx_hal_rcc.o
__aeabi_uldivmod                                  /usr/bin/../lib/gcc/arm-none-eabi/7.3.1/thumb/v7e-m/fpv4-sp/hard/libgcc.a(_aeabi_uldivmod.o)
                                                  build/stm32f4xx_hal_rcc.o
__bss_end__                                       /usr/bin/../lib/gcc/arm-none-eabi/7.3.1/../../../../arm-none-eabi/lib/thumb/v7e-m/fpv4-sp/hard/crt0.o
__bss_start__                                     /usr/bin/../lib/gcc/arm-none-eabi/7.3.1/../../../../arm-none-eabi/lib/thumb/v7e-m/fpv4-sp/hard/crt0.o
__call_exitprocs                                  /usr/bin/../lib/gcc/arm-none-eabi/7.3.1/../../../../arm-none-eabi/lib/thumb/v7e-m/fpv4-sp/hard/libc_nano.a(lib_a-exit.o)
__deregister_frame_info                           /usr/bin/../lib/gcc/arm-none-eabi/7.3.1/thumb/v7e-m/fpv4-sp/hard/crtbegin.o
__dso_handle                                      /usr/bin/../lib/gcc/arm-none-eabi/7.3.1/thumb/v7e-m/fpv4-sp/hard/crtbegin.o
__init_array_end                                  /usr/bin/../lib/gcc/arm-none-eabi/7.3.1/../../../../arm-none-eabi/lib/thumb/v7e-m/fpv4-sp/hard/libc_nano.a(lib_a-init.o)
__init_array_start                                /usr/bin/../lib/gcc/arm-none-eabi/7.3.1/../../../../arm-none-eabi/lib/thumb/v7e-m/fpv4-sp/hard/libc_nano.a(lib_a-init.o)
__libc_fini_array                                 /usr/bin/../lib/gcc/arm-none-eabi/7.3.1/../../../../arm-none-eabi/lib/thumb/v7e-m/fpv4-sp/hard/crt0.o
__libc_init_array                                 /usr/bin/../lib/gcc/arm-none-eabi/7.3.1/../../../../arm-none-eabi/lib/thumb/v7e-m/fpv4-sp/hard/libc_nano.a(lib_a-init.o)
                                                  build/startup_stm32f413xx.o
                                                  /usr/bin/../lib/gcc/arm-none-eabi/7.3.1/../../../../arm-none-eabi/lib/thumb/v7e-m/fpv4-sp/hard/crt0.o
__preinit_array_end                               /usr/bin/../lib/gcc/arm-none-eabi/7.3.1/../../../../arm-none-eabi/lib/thumb/v7e-m/fpv4-sp/hard/libc_nano.a(lib_a-init.o)