Archive member included to satisfy reference by file (symbol)

/usr/bin/../lib/gcc/arm-none-eabi/7.3.1/../../../../arm-none-eabi/lib/thumb/v7e-m/fpv4-sp/hard/libc_nano.a(lib_a-exit.o)
                              /usr/bin/../lib/gcc/arm-none-eabi/7.3.1/../../../../arm-none-eabi/lib/thumb/v7e-m/fpv4-sp/hard/crt0.o (exit)
/usr/bin/../lib/gcc/arm-none-eabi/7.3.1/../../../../arm-none-eabi/lib/thumb/v7e-m/fpv4-sp/hard/libc_nano.a(lib_a-impure.o)
                              /usr/bin/../lib/gcc/arm-none-eabi/7.3.1/../../../../arm-none-eabi/lib/thumb/v7e-m/fpv4-sp/hard/libc_nano.a(lib_a-exit.o) (_global_impure_ptr)
/usr/bin/../lib/gcc/arm-none-eabi/7.3.1/../../../../arm-none-eabi/lib/thumb/v7e-m/fpv4-sp/hard/libc_nano.a(lib_a-init.o)
                              /usr/bin/../lib/gcc/arm-none-eabi/7.3.1/../../../../arm-none-eabi/lib/thumb/v7e-m/fpv4-sp/hard/crt0.o (__libc_init_array)
/usr/bin/../lib/gcc/arm-none-eabi/7.3.1/../../../../arm-none-eabi/lib/thumb/v7e-m/fpv4-sp/hard/libc_nano.a(lib_a-memset.o)
                              /usr/bin/../lib/gcc/arm-none-eabi/7.3.1/../../../../arm-none-eabi/lib/thumb/v7e-m/fpv4-sp/hard/crt0.o (memset)
/usr/bin/../lib/gcc/arm-none-eabi/7.3.1/../../../../arm-none-eabi/lib/thumb/v7e-m/fpv4-sp/hard/libc_nano.a(lib_a-nano-vfprintf_float.o)
                              (_printf_float)
/usr/bin/../lib/gcc/arm-none-eabi/7.3.1/../../../../arm-none-eabi/lib/thumb/v7e-m/fpv4-sp/hard/libc_nano.a(lib_a-nano-vfprintf_i.o)
                              /usr/bin/../lib/gcc/arm-none-eabi/7.3.1/../../../../arm-none-eabi/lib/thumb/v7e-m/fpv4-sp/hard/libc_nano.a(lib_a-nano-vfprintf_float.o) (_printf_common)
/usr/bin/../lib/gcc/arm-none-eabi/7.3.1/../../../../arm-none-eabi/lib/thumb/v7e-m/fpv4-sp/hard/libc_nano.a(lib_a-printf.o)
                              build/main.o (printf)
/usr/bin/../lib/gcc/arm-none-eabi/7.3.1/../../../../arm-none-eabi/lib/thumb/v7e-m/fpv4-sp/hard/libc_nano.a(lib_a-reent.o)
                              build/syscall.o (errno)
/usr/bin/../lib/gcc/arm-none-eabi/7.3.1/../../../../arm-none-eabi/lib/thumb/v7e-m/fpv4-sp/hard/libc_nano.a(lib_a-setbuf.o)
                              build/main.o (setbuf)
/usr/bin/../lib/gcc/arm-none-eabi/7.3.1/../../../../arm-none-eabi/lib/thumb/v7e-m/fpv4-sp/hard/libc_nano.a(lib_a-setvbuf.o)
                              /usr/bin/../lib/gcc/arm-none-eabi/7.3.1/../../../../arm-none-eabi/lib/thumb/v7e-m/fpv4-sp/hard/libc_nano.a(lib_a-setbuf.o) (setvbuf)
/usr/bin/../lib/gcc/arm-none-eabi/7.3.1/../../../../arm-none-eabi/lib/thumb/v7e-m/fpv4-sp/hard/libc_nano.a(lib_a-strlen.o)
                              /usr/bin/../lib/gcc/arm-none-eabi/7.3.1/../../../../arm-none-eabi/lib/thumb/v7e-m/fpv4-sp/hard/libc_nano.a(lib_a-nano-vfprintf_float.o) (strlen)
/usr/bin/../lib/gcc/arm-none-eabi/7.3.1/../../../../arm-none-eabi/lib/thumb/v7e-m/fpv4-sp/hard/libc_nano.a(lib_a-dtoa.o)
                              /usr/bin/../lib/gcc/arm-none-eabi/7.3.1/../../../../arm-none-eabi/lib/thumb/v7e-m/fpv4-sp/hard/libc_nano.a(lib_a-nano-vfprintf_float.o) (_dtoa_r)
/usr/bin/../lib/gcc/arm-none-eabi/7.3.1/../../../../arm-none-eabi/lib/thumb/v7e-m/fpv4-sp/hard/libc_nano.a(lib_a-fflush.o)
                              /usr/bin/../lib/gcc/arm-none-eabi/7.3.1/../../../../arm-none-eabi/lib/thumb/v7e-m/fpv4-sp/hard/libc_nano.a(lib_a-setvbuf.o) (_fflush_r)
/usr/bin/../lib/gcc/arm-none-eabi/7.3.1/../../../../arm-none-eabi/lib/thumb/v7e-m/fpv4-sp/hard/libc_nano.a(lib_a-findfp.o)
                              /usr/bin/../lib/gcc/arm-none-eabi/7.3.1/../../../../arm-none-eabi/lib/thumb/v7e-m/fpv4-sp/hard/libc_nano.a(lib_a-printf.o) (__sinit)
/usr/bin/../lib/gcc/arm-none-eabi/7.3.1/../../../../arm-none-eabi/lib/thumb/v7e-m/fpv4-sp/hard/libc_nano.a(lib_a-fwalk.o)
                              /usr/bin/../lib/gcc/arm-none-eabi/7.3.1/../../../../arm-none-eabi/lib/thumb/v7e-m/fpv4-sp/hard/libc_nano.a(lib_a-findfp.o) (_fwalk)
/usr/bin/../lib/gcc/arm-none-eabi/7.3.1/../../../../arm-none-eabi/lib/thumb/v7e-m/fpv4-sp/hard/libc_nano.a(lib_a-localeconv.o)
                              /usr/bin/../lib/gcc/arm-none-eabi/7.3.1/../../../../arm-none-eabi/lib/thumb/v7e-m/fpv4-sp/hard/libc_nano.a(lib_a-nano-vfprintf_float.o) (_localeconv_r)
/usr/bin/../lib/gcc/arm-none-eabi/7.3.1/../../../../arm-none-eabi/lib/thumb/v7e-m/fpv4-sp/hard/libc_nano.a(lib_a-makebuf.o)
                              /usr/bin/../lib/gcc/arm-none-eabi/7.3.1/../../../../arm-none-eabi/lib/thumb/v7e-m/fpv4-sp/hard/libc_nano.a(lib_a-setvbuf.o) (__swhatbuf_r)
/usr/bin/../lib/gcc/arm-none-eabi/7.3.1/../../../../arm-none-eabi/lib/thumb/v7e-m/fpv4-sp/hard/libc_nano.a(lib_a-malloc.o)
                              /usr/bin/../lib/gcc/arm-none-eabi/7.3.1/../../../../arm-none-eabi/lib/thumb/v7e-m/fpv4-sp/hard/libc_nano.a(lib_a-setvbuf.o) (malloc)
/usr/bin/../lib/gcc/arm-none-eabi/7.3.1/../../../../arm-none-eabi/lib/thumb/v7e-m/fpv4-sp/hard/libc_nano.a(lib_a-memchr.o)
[...]
Memory Configuration

Name             Origin             Length             Attributes
RAM              0x0000000020000000 0x0000000000050000 xrw
FLASH            0x0000000008000000 0x0000000000180000 xr
*default*        0x0000000000000000 0xffffffffffffffff

Linker script and memory map

LOAD /usr/bin/../lib/gcc/arm-none-eabi/7.3.1/thumb/v7e-m/fpv4-sp/hard/crti.o
LOAD /usr/bin/../lib/gcc/arm-none-eabi/7.3.1/thumb/v7e-m/fpv4-sp/hard/crtbegin.o
LOAD /usr/bin/../lib/gcc/arm-none-eabi/7.3.1/../../../../arm-none-eabi/lib/thumb/v7e-m/fpv4-sp/hard/crt0.o
LOAD build/stm32f4xx_hal_spi.o
LOAD build/stm32f4xx_hal_rcc.o
LOAD build/stm32f4xx_hal_cortex.o
LOAD build/stm32f4xx_hal_flash.o
LOAD build/stm32f4xx_hal_pwr.o
LOAD build/stm32f4xx_hal.o
LOAD build/stm32f4xx_hal_tim.o
LOAD build/stm32f4xx_hal_tim_ex.o
LOAD build/stm32f4xx_hal_dma.o
LOAD build/stm32f4xx_hal_adc_ex.o
LOAD build/stm32f4xx_hal_uart.o
LOAD build/stm32f4xx_hal_rcc_ex.o
LOAD build/stm32f4xx_hal_dma_ex.o
LOAD build/stm32f4xx_hal_flash_ramfunc.o
LOAD build/stm32f4xx_hal_gpio.o
LOAD build/stm32f4xx_hal_pwr_ex.o
LOAD build/stm32f4xx_hal_flash_ex.o
LOAD build/stm32f4xx_hal_adc.o
LOAD build/stm32f4xx_hal_exti.o
LOAD build/main.o
LOAD build/gpio.o
LOAD build/adc.o
LOAD build/dma.o
LOAD build/spi.o
LOAD build/tim.o
LOAD build/usart.o
LOAD build/stm32f4xx_it.o
LOAD build/stm32f4xx_hal_msp.o
LOAD build/system_stm32f4xx.o
LOAD build/interface.o
LOAD build/init.o
LOAD build/global.o
LOAD build/parameters.o
LOAD build/sensors.o
LOAD build/interrupt.o
LOAD build/state.o
LOAD build/syscall.o
LOAD build/startup_stm32f413xx.o
LOAD /usr/bin/../lib/gcc/arm-none-eabi/7.3.1/../../../../arm-none-eabi/lib/thumb/v7e-m/fpv4-sp/hard/libc_nano.a
LOAD /usr/bin/../lib/gcc/arm-none-eabi/7.3.1/../../../../arm-none-eabi/lib/thumb/v7e-m/fpv4-sp/hard/libm.a
LOAD /usr/bin/../lib/gcc/arm-none-eabi/7.3.1/../../../../arm-none-eabi/lib/thumb/v7e-m/fpv4-sp/hard/libnosys.a
START GROUP
LOAD /usr/bin/../lib/gcc/arm-none-eabi/7.3.1/thumb/v7e-m/fpv4-sp/hard/libgcc.a
LOAD /usr/bin/../lib/gcc/arm-none-eabi/7.3.1/../../../../arm-none-eabi/lib/thumb/v7e-m/fpv4-sp/hard/libc_nano.a
END GROUP
START GROUP
LOAD /usr/bin/../lib/gcc/arm-none-eabi/7.3.1/thumb/v7e-m/fpv4-sp/hard/libgcc.a
LOAD /usr/bin/../lib/gcc/arm-none-eabi/7.3.1/../../../../arm-none-eabi/lib/thumb/v7e-m/fpv4-sp/hard/libc_nano.a
END GROUP
LOAD /usr/bin/../lib/gcc/arm-none-eabi/7.3.1/thumb/v7e-m/fpv4-sp/hard/crtend.o
LOAD /usr/bin/../lib/gcc/arm-none-eabi/7.3.1/thumb/v7e-m/fpv4-sp/hard/crtn.o
                0x0000000020050000                _estack = 0x20050000
                0x0000000000000200                _Min_Heap_Size = 0x200
                0x0000000000000400                _Min_Stack_Size = 0x400

.isr_vector     0x0000000008000000      0x1d8
                0x0000000008000000                . = ALIGN (0x4)
 *(.isr_vector)
 .isr_vector    0x0000000008000000      0x1d8 build/startup_stm32f413xx.o
                0x0000000008000000                g_pfnVectors
                0x00000000080001d8                . = ALIGN (0x4)

.text           0x00000000080001e0     0x6bfc
                0x00000000080001e0                . = ALIGN (0x4)
 *(.text)
 .text          0x00000000080001e0       0x40 /usr/bin/../lib/gcc/arm-none-eabi/7.3.1/thumb/v7e-m/fpv4-sp/hard/crtbegin.o
 .text          0x0000000008000220       0x10 /usr/bin/../lib/gcc/arm-none-eabi/7.3.1/../../../../arm-none-eabi/lib/thumb/v7e-m/fpv4-sp/hard/libc_nano.a(lib_a-strlen.o)
                0x0000000008000220                strlen
 .text          0x0000000008000230       0xa0 /usr/bin/../lib/gcc/arm-none-eabi/7.3.1/../../../../arm-none-eabi/lib/thumb/v7e-m/fpv4-sp/hard/libc_nano.a(lib_a-memchr.o)
                0x0000000008000230                memchr
 .text          0x00000000080002d0      0x378 /usr/bin/../lib/gcc/arm-none-eabi/7.3.1/thumb/v7e-m/fpv4-sp/hard/libgcc.a(_arm_addsubdf3.o)
                0x00000000080002d0                __aeabi_drsub
                0x00000000080002d8                __aeabi_dsub
                0x00000000080002d8                __subdf3
                0x00000000080002dc                __adddf3
                0x00000000080002dc                __aeabi_dadd
                0x0000000008000554                __aeabi_ui2d
                0x0000000008000554                __floatunsidf
                0x0000000008000574                __floatsidf
                0x0000000008000574                __aeabi_i2d
                0x0000000008000598                __extendsfdf2
                0x0000000008000598                __aeabi_f2d
                0x00000000080005dc                __aeabi_ul2d
                0x00000000080005dc                __floatundidf
                0x00000000080005ec                __floatdidf
                0x00000000080005ec                __aeabi_l2d
 .text          0x0000000008000648      0x424 /usr/bin/../lib/gcc/arm-none-eabi/7.3.1/thumb/v7e-m/fpv4-sp/hard/libgcc.a(_arm_muldivdf3.o)
                0x0000000008000648                __aeabi_dmul
                0x0000000008000648                __muldf3
                0x000000000800089c                __aeabi_ddiv
                0x000000000800089c                __divdf3
 .text          0x0000000008000a6c      0x110 /usr/bin/../lib/gcc/arm-none-eabi/7.3.1/thumb/v7e-m/fpv4-sp/hard/libgcc.a(_arm_cmpdf2.o)
                0x0000000008000a6c                __gtdf2
                0x0000000008000a6c                __gedf2
                0x0000000008000a74                __ltdf2
                0x0000000008000a74                __ledf2
                0x0000000008000a7c                __cmpdf2
                0x0000000008000a7c                __eqdf2
                0x0000000008000a7c                __nedf2
                0x0000000008000af8                __aeabi_cdrcmple
                0x0000000008000b08                __aeabi_cdcmple
                0x0000000008000b08                __aeabi_cdcmpeq
                0x0000000008000b18                __aeabi_dcmpeq
                0x0000000008000b2c                __aeabi_dcmplt
                0x0000000008000b40                __aeabi_dcmple
                0x0000000008000b54                __aeabi_dcmpge
                0x0000000008000b68                __aeabi_dcmpgt
 .text          0x0000000008000b7c       0x2c /usr/bin/../lib/gcc/arm-none-eabi/7.3.1/thumb/v7e-m/fpv4-sp/hard/libgcc.a(_arm_unorddf2.o)
                0x0000000008000b7c                __aeabi_dcmpun
                0x0000000008000b7c                __unorddf2
 .text          0x0000000008000ba8       0x50 /usr/bin/../lib/gcc/arm-none-eabi/7.3.1/thumb/v7e-m/fpv4-sp/hard/libgcc.a(_arm_fixdfsi.o)
                0x0000000008000ba8                __fixdfsi
                0x0000000008000ba8                __aeabi_d2iz
 .text          0x0000000008000bf8       0xa0 /usr/bin/../lib/gcc/arm-none-eabi/7.3.1/thumb/v7e-m/fpv4-sp/hard/libgcc.a(_arm_truncdfsf2.o)
                0x0000000008000bf8                __aeabi_d2f
                0x0000000008000bf8                __truncdfsf2
 .text          0x0000000008000c98       0x30 /usr/bin/../lib/gcc/arm-none-eabi/7.3.1/thumb/v7e-m/fpv4-sp/hard/libgcc.a(_aeabi_uldivmod.o)
                0x0000000008000c98                __aeabi_uldivmod
 .text          0x0000000008000cc8      0x2cc /usr/bin/../lib/gcc/arm-none-eabi/7.3.1/thumb/v7e-m/fpv4-sp/hard/libgcc.a(_udivmoddi4.o)
                0x0000000008000cc8                __udivmoddi4
 .text          0x0000000008000f94        0x4 /usr/bin/../lib/gcc/arm-none-eabi/7.3.1/thumb/v7e-m/fpv4-sp/hard/libgcc.a(_dvmd_tls.o)
                0x0000000008000f94                __aeabi_ldiv0
                0x0000000008000f94                __aeabi_idiv0
 *(.text*)
 .text.HAL_SPI_Init
                0x0000000008000f98       0x80 build/stm32f4xx_hal_spi.o
                0x0000000008000f98                HAL_SPI_Init
 .text.HAL_SPI_TransmitReceive
                0x0000000008001018      0x37c build/stm32f4xx_hal_spi.o
                0x0000000008001018                HAL_SPI_TransmitReceive
 .text.HAL_RCC_GetSysClockFreq
                0x0000000008001394       0x6c build/stm32f4xx_hal_rcc.o
                0x0000000008001394                HAL_RCC_GetSysClockFreq
 .text.HAL_RCC_ClockConfig
                0x0000000008001400      0x134 build/stm32f4xx_hal_rcc.o
                0x0000000008001400                HAL_RCC_ClockConfig
 .text.HAL_RCC_GetPCLK1Freq
                0x0000000008001534       0x20 build/stm32f4xx_hal_rcc.o
                0x0000000008001534                HAL_RCC_GetPCLK1Freq
 .text.HAL_RCC_GetPCLK2Freq
                0x0000000008001554       0x20 build/stm32f4xx_hal_rcc.o
                0x0000000008001554                HAL_RCC_GetPCLK2Freq
 .text.HAL_NVIC_SetPriorityGrouping
                0x0000000008001574       0x24 build/stm32f4xx_hal_cortex.o
                0x0000000008001574                HAL_NVIC_SetPriorityGrouping
 .text.HAL_NVIC_SetPriority
                0x0000000008001598       0x6c build/stm32f4xx_hal_cortex.o
                0x0000000008001598                HAL_NVIC_SetPriority
 .text.HAL_NVIC_EnableIRQ
                0x0000000008001604       0x1c build/stm32f4xx_hal_cortex.o
                0x0000000008001604                HAL_NVIC_EnableIRQ
 .text.HAL_SYSTICK_Config
                0x0000000008001620       0x34 build/stm32f4xx_hal_cortex.o
                0x0000000008001620                HAL_SYSTICK_Config
 .text.HAL_InitTick
                0x0000000008001654       0x48 build/stm32f4xx_hal.o
                0x0000000008001654                HAL_InitTick
 .text.HAL_Init
                0x000000000800169c       0x34 build/stm32f4xx_hal.o
                0x000000000800169c                HAL_Init
 .text.HAL_IncTick
                0x00000000080016d0       0x18 build/stm32f4xx_hal.o
                0x00000000080016d0                HAL_IncTick
 .text.HAL_GetTick
                0x00000000080016e8        0xc build/stm32f4xx_hal.o
                0x00000000080016e8                HAL_GetTick
 .text.HAL_Delay
                0x00000000080016f4       0x24 build/stm32f4xx_hal.o
                0x00000000080016f4                HAL_Delay
 .text.HAL_TIM_Base_Init
                0x0000000008001718      0x108 build/stm32f4xx_hal_tim.o
                0x0000000008001718                HAL_TIM_Base_Init
 .text.HAL_TIM_Base_Start_IT
                0x0000000008001820       0x20 build/stm32f4xx_hal_tim.o
                0x0000000008001820                HAL_TIM_Base_Start_IT
 .text.HAL_TIM_PWM_Init
                0x0000000008001840      0x108 build/stm32f4xx_hal_tim.o
                0x0000000008001840                HAL_TIM_PWM_Init
 .text.HAL_TIM_PWM_Start
                0x0000000008001948       0x54 build/stm32f4xx_hal_tim.o
                0x0000000008001948                HAL_TIM_PWM_Start
 .text.HAL_TIM_PWM_Stop
                0x000000000800199c       0x74 build/stm32f4xx_hal_tim.o
                0x000000000800199c                HAL_TIM_PWM_Stop
 .text.HAL_TIM_PWM_ConfigChannel
                0x0000000008001a10      0x214 build/stm32f4xx_hal_tim.o
                0x0000000008001a10                HAL_TIM_PWM_ConfigChannel
 .text.HAL_TIM_PeriodElapsedCallback
                0x0000000008001c24        0x4 build/stm32f4xx_hal_tim.o
                0x0000000008001c24                HAL_TIM_PeriodElapsedCallback
 .text.HAL_TIM_OC_DelayElapsedCallback
                0x0000000008001c28        0x4 build/stm32f4xx_hal_tim.o
                0x0000000008001c28                HAL_TIM_OC_DelayElapsedCallback
 .text.HAL_TIM_IC_CaptureCallback
                0x0000000008001c2c        0x4 build/stm32f4xx_hal_tim.o
                0x0000000008001c2c                HAL_TIM_IC_CaptureCallback
 .text.HAL_TIM_PWM_PulseFinishedCallback
                0x0000000008001c30        0x4 build/stm32f4xx_hal_tim.o
                0x0000000008001c30                HAL_TIM_PWM_PulseFinishedCallback
 .text.HAL_TIM_TriggerCallback
                0x0000000008001c34        0x4 build/stm32f4xx_hal_tim.o
                0x0000000008001c34                HAL_TIM_TriggerCallback
 .text.HAL_TIM_IRQHandler
                0x0000000008001c38      0x154 build/stm32f4xx_hal_tim.o
                0x0000000008001c38                HAL_TIM_IRQHandler
 .text.HAL_TIMEx_MasterConfigSynchronization
                0x0000000008001d8c       0x44 build/stm32f4xx_hal_tim_ex.o
                0x0000000008001d8c                HAL_TIMEx_MasterConfigSynchronization
 .text.HAL_TIMEx_CommutCallback
                0x0000000008001dd0        0x4 build/stm32f4xx_hal_tim_ex.o
                0x0000000008001dd0                HAL_TIMEx_CommutCallback
 .text.HAL_TIMEx_BreakCallback
                0x0000000008001dd4        0x4 build/stm32f4xx_hal_tim_ex.o
                0x0000000008001dd4                HAL_TIMEx_BreakCallback
 .text.HAL_DMA_Init
                0x0000000008001dd8      0x134 build/stm32f4xx_hal_dma.o
                0x0000000008001dd8                HAL_DMA_Init
 .text.HAL_DMA_Start_IT
                0x0000000008001f0c       0x84 build/stm32f4xx_hal_dma.o
                0x0000000008001f0c                HAL_DMA_Start_IT
 .text.HAL_DMA_IRQHandler
                0x0000000008001f90      0x1ac build/stm32f4xx_hal_dma.o
                0x0000000008001f90                HAL_DMA_IRQHandler
 .text.HAL_UART_Init
                0x000000000800213c      0x314 build/stm32f4xx_hal_uart.o
                0x000000000800213c                HAL_UART_Init
 .text.HAL_UART_Transmit
                0x0000000008002450      0x110 build/stm32f4xx_hal_uart.o
                0x0000000008002450                HAL_UART_Transmit
 .text.HAL_RCC_OscConfig
                0x0000000008002560      0x378 build/stm32f4xx_hal_rcc_ex.o
                0x0000000008002560                HAL_RCC_OscConfig
 .text.HAL_GPIO_Init
                0x00000000080028d8      0x224 build/stm32f4xx_hal_gpio.o
                0x00000000080028d8                HAL_GPIO_Init
 .text.HAL_GPIO_WritePin
                0x0000000008002afc        0x8 build/stm32f4xx_hal_gpio.o
                0x0000000008002afc                HAL_GPIO_WritePin
 .text.HAL_ADC_Init
                0x0000000008002b04      0x164 build/stm32f4xx_hal_adc.o
                0x0000000008002b04                HAL_ADC_Init
 .text.HAL_ADC_Start_DMA
                0x0000000008002c68      0x108 build/stm32f4xx_hal_adc.o
                0x0000000008002c68                HAL_ADC_Start_DMA
 .text.HAL_ADC_ConvCpltCallback
                0x0000000008002d70        0x4 build/stm32f4xx_hal_adc.o
                0x0000000008002d70                HAL_ADC_ConvCpltCallback
 .text.ADC_DMAHalfConvCplt
                0x0000000008002d74        0xc build/stm32f4xx_hal_adc.o
 .text.HAL_ADC_ErrorCallback
                0x0000000008002d80        0x4 build/stm32f4xx_hal_adc.o
                0x0000000008002d80                HAL_ADC_ErrorCallback
 .text.ADC_DMAError
                0x0000000008002d84       0x18 build/stm32f4xx_hal_adc.o
 .text.ADC_DMAConvCplt
                0x0000000008002d9c       0x6c build/stm32f4xx_hal_adc.o
 .text.HAL_ADC_ConfigChannel
                0x0000000008002e08      0x170 build/stm32f4xx_hal_adc.o
                0x0000000008002e08                HAL_ADC_ConfigChannel
 .text.__io_putchar
                0x0000000008002f78       0x20 build/main.o
                0x0000000008002f78                __io_putchar
 .text.SystemClock_Config
                0x0000000008002f98       0x98 build/main.o
                0x0000000008002f98                SystemClock_Config
 .text.startup.main
                0x0000000008003030       0xd4 build/main.o
                0x0000000008003030                main
 .text.Error_Handler
                0x0000000008003104        0x4 build/main.o
                0x0000000008003104                Error_Handler
 .text.MX_GPIO_Init
                0x0000000008003108      0x158 build/gpio.o
                0x0000000008003108                MX_GPIO_Init
 .text.MX_ADC1_Init
                0x0000000008003260       0xd4 build/adc.o
                0x0000000008003260                MX_ADC1_Init
 .text.HAL_ADC_MspInit
                0x0000000008003334       0xd4 build/adc.o
                0x0000000008003334                HAL_ADC_MspInit
 .text.HAL_ADC_ConvHalfCpltCallback
                0x0000000008003408       0x68 build/adc.o
                0x0000000008003408                HAL_ADC_ConvHalfCpltCallback
 .text.MX_DMA_Init
                0x0000000008003470       0x34 build/dma.o
                0x0000000008003470                MX_DMA_Init
 .text.MX_SPI1_Init
                0x00000000080034a4       0x48 build/spi.o
                0x00000000080034a4                MX_SPI1_Init
 .text.HAL_SPI_MspInit
                0x00000000080034ec       0x70 build/spi.o
                0x00000000080034ec                HAL_SPI_MspInit
 .text.MX_TIM4_Init
                0x000000000800355c      0x110 build/tim.o
                0x000000000800355c                MX_TIM4_Init
 .text.MX_TIM6_Init
                0x000000000800366c       0x4c build/tim.o
                0x000000000800366c                MX_TIM6_Init
 .text.MX_TIM11_Init
                0x00000000080036b8       0xf0 build/tim.o
                0x00000000080036b8                MX_TIM11_Init
 .text.HAL_TIM_PWM_MspInit
                0x00000000080037a8       0x30 build/tim.o
                0x00000000080037a8                HAL_TIM_PWM_MspInit
 .text.HAL_TIM_Base_MspInit
                0x00000000080037d8       0x68 build/tim.o
                0x00000000080037d8                HAL_TIM_Base_MspInit
 .text.MX_USART1_UART_Init
                0x0000000008003840       0x38 build/usart.o
                0x0000000008003840                MX_USART1_UART_Init
 .text.HAL_UART_MspInit
                0x0000000008003878       0x74 build/usart.o
                0x0000000008003878                HAL_UART_MspInit
 .text.NMI_Handler
                0x00000000080038ec        0x4 build/stm32f4xx_it.o
                0x00000000080038ec                NMI_Handler
 .text.HardFault_Handler
                0x00000000080038f0        0x4 build/stm32f4xx_it.o
                0x00000000080038f0                HardFault_Handler
 .text.MemManage_Handler
                0x00000000080038f4        0x4 build/stm32f4xx_it.o
                0x00000000080038f4                MemManage_Handler
 .text.BusFault_Handler
                0x00000000080038f8        0x4 build/stm32f4xx_it.o
                0x00000000080038f8                BusFault_Handler
 .text.UsageFault_Handler
                0x00000000080038fc        0x4 build/stm32f4xx_it.o
                0x00000000080038fc                UsageFault_Handler
 .text.SVC_Handler
                0x0000000008003900        0x4 build/stm32f4xx_it.o
                0x0000000008003900                SVC_Handler
 .text.DebugMon_Handler
                0x0000000008003904        0x4 build/stm32f4xx_it.o
                0x0000000008003904                DebugMon_Handler
 .text.PendSV_Handler
                0x0000000008003908        0x4 build/stm32f4xx_it.o
                0x0000000008003908                PendSV_Handler
 .text.SysTick_Handler
                0x000000000800390c        0x4 build/stm32f4xx_it.o
                0x000000000800390c                SysTick_Handler
 .text.TIM6_DAC_IRQHandler
                0x0000000008003910       0x14 build/stm32f4xx_it.o
                0x0000000008003910                TIM6_DAC_IRQHandler
 .text.DMA2_Stream0_IRQHandler
                0x0000000008003924        0xc build/stm32f4xx_it.o
                0x0000000008003924                DMA2_Stream0_IRQHandler
 .text.HAL_MspInit
                0x0000000008003930       0x38 build/stm32f4xx_hal_msp.o
                0x0000000008003930                HAL_MspInit
 .text.SystemInit
                0x0000000008003968       0x50 build/system_stm32f4xx.o
                0x0000000008003968                SystemInit
 .text.wakeup   0x00000000080039b8      0x228 build/interface.o
                0x00000000080039b8                wakeup
 .text.error_battlowvoltage
                0x0000000008003be0       0xec build/interface.o
                0x0000000008003be0                error_battlowvoltage
 .text.mode_inputcommand
                0x0000000008003ccc      0x158 build/interface.o
                0x0000000008003ccc                mode_inputcommand
 .text.mode_select
                0x0000000008003e24      0x2dc build/interface.o
                0x0000000008003e24                mode_select
 .text.start_peripherals
                0x0000000008004100       0x28 build/init.o
                0x0000000008004100                start_peripherals
 .text.init_gyro
                0x0000000008004128      0x1ec build/sensors.o
                0x0000000008004128                init_gyro
 .text.get_ang_vel
                0x0000000008004314      0x140 build/sensors.o
                0x0000000008004314                get_ang_vel
 *fill*         0x0000000008004454        0x4 
 .text.interrupt_TIM6
                0x0000000008004458       0x98 build/interrupt.o
                0x0000000008004458                interrupt_TIM6
 .text._write   0x00000000080044f0       0x1c build/syscall.o
                0x00000000080044f0                _write
 .text._sbrk    0x000000000800450c       0x34 build/syscall.o
                0x000000000800450c                _sbrk
 .text._close   0x0000000008004540        0x8 build/syscall.o
                0x0000000008004540                _close
 .text._fstat   0x0000000008004548        0xc build/syscall.o
                0x0000000008004548                _fstat
 .text._isatty  0x0000000008004554        0x4 build/syscall.o
                0x0000000008004554                _isatty
 .text._lseek   0x0000000008004558        0x4 build/syscall.o
                0x0000000008004558                _lseek
 .text._read    0x000000000800455c        0x4 build/syscall.o
                0x000000000800455c                _read
 .text.Reset_Handler
                0x0000000008004560       0x50 build/startup_stm32f413xx.o
                0x0000000008004560                Reset_Handler
 .text.Default_Handler
                0x00000000080045b0        0x2 build/startup_stm32f413xx.o
                0x00000000080045b0                RTC_Alarm_IRQHandler
                0x00000000080045b0                EXTI2_IRQHandler
                0x00000000080045b0                TIM8_CC_IRQHandler
                0x00000000080045b0                UART8_IRQHandler
                0x00000000080045b0                FMPI2C1_EV_IRQHandler
                0x00000000080045b0                SPI4_IRQHandler
                0x00000000080045b0                TIM1_CC_IRQHandler
                0x00000000080045b0                DMA2_Stream5_IRQHandler
                0x00000000080045b0                DMA1_Stream5_IRQHandler
                0x00000000080045b0                CAN3_RX1_IRQHandler
                0x00000000080045b0                PVD_IRQHandler
                0x00000000080045b0                SDIO_IRQHandler
                0x00000000080045b0                TAMP_STAMP_IRQHandler
                0x00000000080045b0                CAN2_RX1_IRQHandler
                0x00000000080045b0                EXTI3_IRQHandler
                0x00000000080045b0                TIM8_TRG_COM_TIM14_IRQHandler
                0x00000000080045b0                DFSDM1_FLT1_IRQHandler
                0x00000000080045b0                TIM1_UP_TIM10_IRQHandler
                0x00000000080045b0                TIM8_UP_TIM13_IRQHandler
                0x00000000080045b0                I2C3_ER_IRQHandler
                0x00000000080045b0                EXTI0_IRQHandler
                0x00000000080045b0                I2C2_EV_IRQHandler
                0x00000000080045b0                DMA1_Stream2_IRQHandler
                0x00000000080045b0                CAN1_RX0_IRQHandler
                0x00000000080045b0                FPU_IRQHandler
                0x00000000080045b0                CAN3_SCE_IRQHandler
                0x00000000080045b0                CAN2_SCE_IRQHandler
                0x00000000080045b0                DMA2_Stream2_IRQHandler
                0x00000000080045b0                SPI1_IRQHandler
                0x00000000080045b0                TIM1_BRK_TIM9_IRQHandler
                0x00000000080045b0                CAN2_RX0_IRQHandler
                0x00000000080045b0                DMA2_Stream3_IRQHandler
                0x00000000080045b0                USART6_IRQHandler
                0x00000000080045b0                CAN3_RX0_IRQHandler
                0x00000000080045b0                USART3_IRQHandler
                0x00000000080045b0                DFSDM2_FLT3_IRQHandler
                0x00000000080045b0                CAN1_RX1_IRQHandler
                0x00000000080045b0                UART5_IRQHandler
                0x00000000080045b0                TIM4_IRQHandler
                0x00000000080045b0                QUADSPI_IRQHandler
                0x00000000080045b0                I2C1_EV_IRQHandler
                0x00000000080045b0                DMA1_Stream6_IRQHandler
                0x00000000080045b0                DMA1_Stream1_IRQHandler
                0x00000000080045b0                UART4_IRQHandler
                0x00000000080045b0                TIM3_IRQHandler
                0x00000000080045b0                RCC_IRQHandler
                0x00000000080045b0                UART9_IRQHandler
                0x00000000080045b0                TIM8_BRK_TIM12_IRQHandler
                0x00000000080045b0                Default_Handler
                0x00000000080045b0                EXTI15_10_IRQHandler
                0x00000000080045b0                ADC_IRQHandler
                0x00000000080045b0                DMA1_Stream7_IRQHandler
                0x00000000080045b0                DFSDM2_FLT0_IRQHandler
                0x00000000080045b0                SPI5_IRQHandler
                0x00000000080045b0                TIM7_IRQHandler
                0x00000000080045b0                CAN2_TX_IRQHandler
                0x00000000080045b0                TIM5_IRQHandler
                0x00000000080045b0                DMA2_Stream7_IRQHandler
                0x00000000080045b0                I2C3_EV_IRQHandler
                0x00000000080045b0                DFSDM2_FLT2_IRQHandler
                0x00000000080045b0                EXTI9_5_IRQHandler
                0x00000000080045b0                RTC_WKUP_IRQHandler
                0x00000000080045b0                SPI2_IRQHandler
                0x00000000080045b0                DMA1_Stream0_IRQHandler
                0x00000000080045b0                CAN1_TX_IRQHandler
                0x00000000080045b0                FMPI2C1_ER_IRQHandler
                0x00000000080045b0                EXTI4_IRQHandler
                0x00000000080045b0                DFSDM2_FLT1_IRQHandler
                0x00000000080045b0                RNG_IRQHandler
                0x00000000080045b0                FSMC_IRQHandler
                0x00000000080045b0                WWDG_IRQHandler
                0x00000000080045b0                CAN3_TX_IRQHandler
                0x00000000080045b0                TIM2_IRQHandler
                0x00000000080045b0                OTG_FS_WKUP_IRQHandler
                0x00000000080045b0                TIM1_TRG_COM_TIM11_IRQHandler
                0x00000000080045b0                EXTI1_IRQHandler
                0x00000000080045b0                UART7_IRQHandler
                0x00000000080045b0                USART2_IRQHandler
                0x00000000080045b0                DFSDM1_FLT0_IRQHandler
                0x00000000080045b0                I2C2_ER_IRQHandler
                0x00000000080045b0                DMA2_Stream1_IRQHandler
                0x00000000080045b0                CAN1_SCE_IRQHandler
                0x00000000080045b0                FLASH_IRQHandler
                0x00000000080045b0                DMA2_Stream4_IRQHandler
                0x00000000080045b0                USART1_IRQHandler
                0x00000000080045b0                OTG_FS_IRQHandler
                0x00000000080045b0                SPI3_IRQHandler
                0x00000000080045b0                DMA1_Stream4_IRQHandler
                0x00000000080045b0                I2C1_ER_IRQHandler
                0x00000000080045b0                LPTIM1_IRQHandler
                0x00000000080045b0                DMA2_Stream6_IRQHandler
                0x00000000080045b0                UART10_IRQHandler
                0x00000000080045b0                SAI1_IRQHandler
                0x00000000080045b0                DMA1_Stream3_IRQHandler
 *fill*         0x00000000080045b2        0x2 
 .text.__libc_init_array
                0x00000000080045b4       0x48 /usr/bin/../lib/gcc/arm-none-eabi/7.3.1/../../../../arm-none-eabi/lib/thumb/v7e-m/fpv4-sp/hard/libc_nano.a(lib_a-init.o)
                0x00000000080045b4                __libc_init_array
 .text.memset   0x00000000080045fc       0x10 /usr/bin/../lib/gcc/arm-none-eabi/7.3.1/../../../../arm-none-eabi/lib/thumb/v7e-m/fpv4-sp/hard/libc_nano.a(lib_a-memset.o)
                0x00000000080045fc                memset
 .text.__cvt    0x000000000800460c       0xc2 /usr/bin/../lib/gcc/arm-none-eabi/7.3.1/../../../../arm-none-eabi/lib/thumb/v7e-m/fpv4-sp/hard/libc_nano.a(lib_a-nano-vfprintf_float.o)
                0x000000000800460c                __cvt
 .text.__exponent
                0x00000000080046ce       0x66 /usr/bin/../lib/gcc/arm-none-eabi/7.3.1/../../../../arm-none-eabi/lib/thumb/v7e-m/fpv4-sp/hard/libc_nano.a(lib_a-nano-vfprintf_float.o)
                0x00000000080046ce                __exponent
 .text._printf_float
                0x0000000008004734      0x480 /usr/bin/../lib/gcc/arm-none-eabi/7.3.1/../../../../arm-none-eabi/lib/thumb/v7e-m/fpv4-sp/hard/libc_nano.a(lib_a-nano-vfprintf_float.o)
                0x0000000008004734                _printf_float
 .text._printf_common
                0x0000000008004bb4       0xea /usr/bin/../lib/gcc/arm-none-eabi/7.3.1/../../../../arm-none-eabi/lib/thumb/v7e-m/fpv4-sp/hard/libc_nano.a(lib_a-nano-vfprintf_i.o)
                0x0000000008004bb4                _printf_common
 *fill*         0x0000000008004c9e        0x2 
 .text._printf_i
                0x0000000008004ca0      0x224 /usr/bin/../lib/gcc/arm-none-eabi/7.3.1/../../../../arm-none-eabi/lib/thumb/v7e-m/fpv4-sp/hard/libc_nano.a(lib_a-nano-vfprintf_i.o)
                0x0000000008004ca0                _printf_i
 .text.printf   0x0000000008004ec4       0x30 /usr/bin/../lib/gcc/arm-none-eabi/7.3.1/../../../../arm-none-eabi/lib/thumb/v7e-m/fpv4-sp/hard/libc_nano.a(lib_a-printf.o)
                0x0000000008004ec4                printf
                0x0000000008004ec4                iprintf
 .text.setbuf   0x0000000008004ef4       0x10 /usr/bin/../lib/gcc/arm-none-eabi/7.3.1/../../../../arm-none-eabi/lib/thumb/v7e-m/fpv4-sp/hard/libc_nano.a(lib_a-setbuf.o)
                0x0000000008004ef4                setbuf
 .text.setvbuf  0x0000000008004f04      0x15c /usr/bin/../lib/gcc/arm-none-eabi/7.3.1/../../../../arm-none-eabi/lib/thumb/v7e-m/fpv4-sp/hard/libc_nano.a(lib_a-setvbuf.o)
                0x0000000008004f04                setvbuf
 .text.quorem   0x0000000008005060      0x118 /usr/bin/../lib/gcc/arm-none-eabi/7.3.1/../../../../arm-none-eabi/lib/thumb/v7e-m/fpv4-sp/hard/libc_nano.a(lib_a-dtoa.o)
 .text._dtoa_r  0x0000000008005178      0xb70 /usr/bin/../lib/gcc/arm-none-eabi/7.3.1/../../../../arm-none-eabi/lib/thumb/v7e-m/fpv4-sp/hard/libc_nano.a(lib_a-dtoa.o)
                0x0000000008005178                _dtoa_r
 .text.__sflush_r
                0x0000000008005ce8      0x10c /usr/bin/../lib/gcc/arm-none-eabi/7.3.1/../../../../arm-none-eabi/lib/thumb/v7e-m/fpv4-sp/hard/libc_nano.a(lib_a-fflush.o)
                0x0000000008005ce8                __sflush_r
 .text._fflush_r
                0x0000000008005df4       0x54 /usr/bin/../lib/gcc/arm-none-eabi/7.3.1/../../../../arm-none-eabi/lib/thumb/v7e-m/fpv4-sp/hard/libc_nano.a(lib_a-fflush.o)
                0x0000000008005df4                _fflush_r
 .text.std      0x0000000008005e48       0x48 /usr/bin/../lib/gcc/arm-none-eabi/7.3.1/../../../../arm-none-eabi/lib/thumb/v7e-m/fpv4-sp/hard/libc_nano.a(lib_a-findfp.o)
 .text._cleanup_r
                0x0000000008005e90        0xc /usr/bin/../lib/gcc/arm-none-eabi/7.3.1/../../../../arm-none-eabi/lib/thumb/v7e-m/fpv4-sp/hard/libc_nano.a(lib_a-findfp.o)
                0x0000000008005e90                _cleanup_r
 .text.__sfmoreglue
                0x0000000008005e9c       0x2c /usr/bin/../lib/gcc/arm-none-eabi/7.3.1/../../../../arm-none-eabi/lib/thumb/v7e-m/fpv4-sp/hard/libc_nano.a(lib_a-findfp.o)
                0x0000000008005e9c                __sfmoreglue
 .text.__sinit  0x0000000008005ec8       0x60 /usr/bin/../lib/gcc/arm-none-eabi/7.3.1/../../../../arm-none-eabi/lib/thumb/v7e-m/fpv4-sp/hard/libc_nano.a(lib_a-findfp.o)
                0x0000000008005ec8                __sinit
 .text.__sfp    0x0000000008005f28       0x78 /usr/bin/../lib/gcc/arm-none-eabi/7.3.1/../../../../arm-none-eabi/lib/thumb/v7e-m/fpv4-sp/hard/libc_nano.a(lib_a-findfp.o)
                0x0000000008005f28                __sfp
 .text._fwalk_reent
                0x0000000008005fa0       0x3c /usr/bin/../lib/gcc/arm-none-eabi/7.3.1/../../../../arm-none-eabi/lib/thumb/v7e-m/fpv4-sp/hard/libc_nano.a(lib_a-fwalk.o)
                0x0000000008005fa0                _fwalk_reent
 .text._localeconv_r
                0x0000000008005fdc       0x1c /usr/bin/../lib/gcc/arm-none-eabi/7.3.1/../../../../arm-none-eabi/lib/thumb/v7e-m/fpv4-sp/hard/libc_nano.a(lib_a-localeconv.o)
                0x0000000008005fdc                _localeconv_r
 .text.__swhatbuf_r
                0x0000000008005ff8       0x48 /usr/bin/../lib/gcc/arm-none-eabi/7.3.1/../../../../arm-none-eabi/lib/thumb/v7e-m/fpv4-sp/hard/libc_nano.a(lib_a-makebuf.o)
                0x0000000008005ff8                __swhatbuf_r
 .text.__smakebuf_r
                0x0000000008006040       0x80 /usr/bin/../lib/gcc/arm-none-eabi/7.3.1/../../../../arm-none-eabi/lib/thumb/v7e-m/fpv4-sp/hard/libc_nano.a(lib_a-makebuf.o)
                0x0000000008006040                __smakebuf_r
 .text.malloc   0x00000000080060c0       0x10 /usr/bin/../lib/gcc/arm-none-eabi/7.3.1/../../../../arm-none-eabi/lib/thumb/v7e-m/fpv4-sp/hard/libc_nano.a(lib_a-malloc.o)
                0x00000000080060c0                malloc
 .text.memcpy   0x00000000080060d0       0x16 /usr/bin/../lib/gcc/arm-none-eabi/7.3.1/../../../../arm-none-eabi/lib/thumb/v7e-m/fpv4-sp/hard/libc_nano.a(lib_a-memcpy-stub.o)
                0x00000000080060d0                memcpy
 .text._Balloc  0x00000000080060e6       0x68 /usr/bin/../lib/gcc/arm-none-eabi/7.3.1/../../../../arm-none-eabi/lib/thumb/v7e-m/fpv4-sp/hard/libc_nano.a(lib_a-mprec.o)
                0x00000000080060e6                _Balloc
 .text._Bfree   0x000000000800614e       0x2e /usr/bin/../lib/gcc/arm-none-eabi/7.3.1/../../../../arm-none-eabi/lib/thumb/v7e-m/fpv4-sp/hard/libc_nano.a(lib_a-mprec.o)
                0x000000000800614e                _Bfree
 .text.__multadd
                0x000000000800617c       0x76 /usr/bin/../lib/gcc/arm-none-eabi/7.3.1/../../../../arm-none-eabi/lib/thumb/v7e-m/fpv4-sp/hard/libc_nano.a(lib_a-mprec.o)
                0x000000000800617c                __multadd
 .text.__hi0bits
                0x00000000080061f2       0x3e /usr/bin/../lib/gcc/arm-none-eabi/7.3.1/../../../../arm-none-eabi/lib/thumb/v7e-m/fpv4-sp/hard/libc_nano.a(lib_a-mprec.o)
                0x00000000080061f2                __hi0bits
 .text.__lo0bits
                0x0000000008006230       0x5e /usr/bin/../lib/gcc/arm-none-eabi/7.3.1/../../../../arm-none-eabi/lib/thumb/v7e-m/fpv4-sp/hard/libc_nano.a(lib_a-mprec.o)
                0x0000000008006230                __lo0bits
 .text.__i2b    0x000000000800628e       0x12 /usr/bin/../lib/gcc/arm-none-eabi/7.3.1/../../../../arm-none-eabi/lib/thumb/v7e-m/fpv4-sp/hard/libc_nano.a(lib_a-mprec.o)
                0x000000000800628e                __i2b
 .text.__multiply
                0x00000000080062a0      0x12c /usr/bin/../lib/gcc/arm-none-eabi/7.3.1/../../../../arm-none-eabi/lib/thumb/v7e-m/fpv4-sp/hard/libc_nano.a(lib_a-mprec.o)
                0x00000000080062a0                __multiply
 .text.__pow5mult
                0x00000000080063cc       0x9c /usr/bin/../lib/gcc/arm-none-eabi/7.3.1/../../../../arm-none-eabi/lib/thumb/v7e-m/fpv4-sp/hard/libc_nano.a(lib_a-mprec.o)
                0x00000000080063cc                __pow5mult
 .text.__lshift
                0x0000000008006468       0xa8 /usr/bin/../lib/gcc/arm-none-eabi/7.3.1/../../../../arm-none-eabi/lib/thumb/v7e-m/fpv4-sp/hard/libc_nano.a(lib_a-mprec.o)
                0x0000000008006468                __lshift
 .text.__mcmp   0x0000000008006510       0x34 /usr/bin/../lib/gcc/arm-none-eabi/7.3.1/../../../../arm-none-eabi/lib/thumb/v7e-m/fpv4-sp/hard/libc_nano.a(lib_a-mprec.o)
                0x0000000008006510                __mcmp
 .text.__mdiff  0x0000000008006544       0xba /usr/bin/../lib/gcc/arm-none-eabi/7.3.1/../../../../arm-none-eabi/lib/thumb/v7e-m/fpv4-sp/hard/libc_nano.a(lib_a-mprec.o)
                0x0000000008006544                __mdiff
 .text.__d2b    0x00000000080065fe       0x9e /usr/bin/../lib/gcc/arm-none-eabi/7.3.1/../../../../arm-none-eabi/lib/thumb/v7e-m/fpv4-sp/hard/libc_nano.a(lib_a-mprec.o)
                0x00000000080065fe                __d2b
 .text._calloc_r
                0x000000000800669c       0x1c /usr/bin/../lib/gcc/arm-none-eabi/7.3.1/../../../../arm-none-eabi/lib/thumb/v7e-m/fpv4-sp/hard/libc_nano.a(lib_a-nano-callocr.o)
                0x000000000800669c                _calloc_r
 .text._free_r  0x00000000080066b8       0x9c /usr/bin/../lib/gcc/arm-none-eabi/7.3.1/../../../../arm-none-eabi/lib/thumb/v7e-m/fpv4-sp/hard/libc_nano.a(lib_a-nano-freer.o)
                0x00000000080066b8                _free_r
 .text._malloc_r
                0x0000000008006754       0xb4 /usr/bin/../lib/gcc/arm-none-eabi/7.3.1/../../../../arm-none-eabi/lib/thumb/v7e-m/fpv4-sp/hard/libc_nano.a(lib_a-nano-mallocr.o)
                0x0000000008006754                _malloc_r
 .text.__sfputc_r
                0x0000000008006808       0x2e /usr/bin/../lib/gcc/arm-none-eabi/7.3.1/../../../../arm-none-eabi/lib/thumb/v7e-m/fpv4-sp/hard/libc_nano.a(lib_a-nano-vfprintf.o)
 .text.__sfputs_r
                0x0000000008006836       0x24 /usr/bin/../lib/gcc/arm-none-eabi/7.3.1/../../../../arm-none-eabi/lib/thumb/v7e-m/fpv4-sp/hard/libc_nano.a(lib_a-nano-vfprintf.o)
                0x0000000008006836                __sfputs_r
 *fill*         0x000000000800685a        0x2 
 .text._vfprintf_r
                0x000000000800685c      0x22c /usr/bin/../lib/gcc/arm-none-eabi/7.3.1/../../../../arm-none-eabi/lib/thumb/v7e-m/fpv4-sp/hard/libc_nano.a(lib_a-nano-vfprintf.o)
                0x000000000800685c                _vfiprintf_r
                0x000000000800685c                _vfprintf_r
 .text._sbrk_r  0x0000000008006a88       0x20 /usr/bin/../lib/gcc/arm-none-eabi/7.3.1/../../../../arm-none-eabi/lib/thumb/v7e-m/fpv4-sp/hard/libc_nano.a(lib_a-sbrkr.o)
                0x0000000008006a88                _sbrk_r
 .text.__sread  0x0000000008006aa8       0x22 /usr/bin/../lib/gcc/arm-none-eabi/7.3.1/../../../../arm-none-eabi/lib/thumb/v7e-m/fpv4-sp/hard/libc_nano.a(lib_a-stdio.o)
                0x0000000008006aa8                __sread
 .text.__swrite
                0x0000000008006aca       0x38 /usr/bin/../lib/gcc/arm-none-eabi/7.3.1/../../../../arm-none-eabi/lib/thumb/v7e-m/fpv4-sp/hard/libc_nano.a(lib_a-stdio.o)
                0x0000000008006aca                __swrite
 .text.__sseek  0x0000000008006b02       0x24 /usr/bin/../lib/gcc/arm-none-eabi/7.3.1/../../../../arm-none-eabi/lib/thumb/v7e-m/fpv4-sp/hard/libc_nano.a(lib_a-stdio.o)
                0x0000000008006b02                __sseek
 .text.__sclose
                0x0000000008006b26        0x8 /usr/bin/../lib/gcc/arm-none-eabi/7.3.1/../../../../arm-none-eabi/lib/thumb/v7e-m/fpv4-sp/hard/libc_nano.a(lib_a-stdio.o)
                0x0000000008006b26                __sclose
 *fill*         0x0000000008006b2e        0x2 
 .text.__swbuf_r
                0x0000000008006b30       0xa4 /usr/bin/../lib/gcc/arm-none-eabi/7.3.1/../../../../arm-none-eabi/lib/thumb/v7e-m/fpv4-sp/hard/libc_nano.a(lib_a-wbuf.o)
                0x0000000008006b30                __swbuf_r
 .text._write_r
                0x0000000008006bd4       0x24 /usr/bin/../lib/gcc/arm-none-eabi/7.3.1/../../../../arm-none-eabi/lib/thumb/v7e-m/fpv4-sp/hard/libc_nano.a(lib_a-writer.o)
                0x0000000008006bd4                _write_r
 .text.__swsetup_r
                0x0000000008006bf8       0xdc /usr/bin/../lib/gcc/arm-none-eabi/7.3.1/../../../../arm-none-eabi/lib/thumb/v7e-m/fpv4-sp/hard/libc_nano.a(lib_a-wsetup.o)
                0x0000000008006bf8                __swsetup_r
 .text._close_r
                0x0000000008006cd4       0x20 /usr/bin/../lib/gcc/arm-none-eabi/7.3.1/../../../../arm-none-eabi/lib/thumb/v7e-m/fpv4-sp/hard/libc_nano.a(lib_a-closer.o)
                0x0000000008006cd4                _close_r
 .text._fstat_r
                0x0000000008006cf4       0x24 /usr/bin/../lib/gcc/arm-none-eabi/7.3.1/../../../../arm-none-eabi/lib/thumb/v7e-m/fpv4-sp/hard/libc_nano.a(lib_a-fstatr.o)
                0x0000000008006cf4                _fstat_r
 .text._isatty_r
                0x0000000008006d18       0x20 /usr/bin/../lib/gcc/arm-none-eabi/7.3.1/../../../../arm-none-eabi/lib/thumb/v7e-m/fpv4-sp/hard/libc_nano.a(lib_a-isattyr.o)
                0x0000000008006d18                _isatty_r
 .text._lseek_r
                0x0000000008006d38       0x24 /usr/bin/../lib/gcc/arm-none-eabi/7.3.1/../../../../arm-none-eabi/lib/thumb/v7e-m/fpv4-sp/hard/libc_nano.a(lib_a-lseekr.o)
                0x0000000008006d38                _lseek_r
 .text.__ascii_mbtowc
                0x0000000008006d5c       0x24 /usr/bin/../lib/gcc/arm-none-eabi/7.3.1/../../../../arm-none-eabi/lib/thumb/v7e-m/fpv4-sp/hard/libc_nano.a(lib_a-mbtowc_r.o)
                0x0000000008006d5c                __ascii_mbtowc
 .text.__malloc_lock
                0x0000000008006d80        0x2 /usr/bin/../lib/gcc/arm-none-eabi/7.3.1/../../../../arm-none-eabi/lib/thumb/v7e-m/fpv4-sp/hard/libc_nano.a(lib_a-mlock.o)
                0x0000000008006d80                __malloc_lock
 .text.__malloc_unlock
                0x0000000008006d82        0x2 /usr/bin/../lib/gcc/arm-none-eabi/7.3.1/../../../../arm-none-eabi/lib/thumb/v7e-m/fpv4-sp/hard/libc_nano.a(lib_a-mlock.o)
                0x0000000008006d82                __malloc_unlock
 .text._read_r  0x0000000008006d84       0x24 /usr/bin/../lib/gcc/arm-none-eabi/7.3.1/../../../../arm-none-eabi/lib/thumb/v7e-m/fpv4-sp/hard/libc_nano.a(lib_a-readr.o)
                0x0000000008006d84                _read_r
 .text.__ascii_wctomb
                0x0000000008006da8       0x1a /usr/bin/../lib/gcc/arm-none-eabi/7.3.1/../../../../arm-none-eabi/lib/thumb/v7e-m/fpv4-sp/hard/libc_nano.a(lib_a-wctomb_r.o)
                0x0000000008006da8                __ascii_wctomb
 *(.glue_7)
 .glue_7        0x0000000008006dc2        0x0 linker stubs
 *(.glue_7t)
 .glue_7t       0x0000000008006dc2        0x0 linker stubs
 *(.eh_frame)
 *fill*         0x0000000008006dc2        0x2 
 .eh_frame      0x0000000008006dc4        0x0 /usr/bin/../lib/gcc/arm-none-eabi/7.3.1/thumb/v7e-m/fpv4-sp/hard/crtbegin.o
 *(.init)
 .init          0x0000000008006dc4        0x4 /usr/bin/../lib/gcc/arm-none-eabi/7.3.1/thumb/v7e-m/fpv4-sp/hard/crti.o
                0x0000000008006dc4                _init
 .init          0x0000000008006dc8        0x8 /usr/bin/../lib/gcc/arm-none-eabi/7.3.1/thumb/v7e-m/fpv4-sp/hard/crtn.o
 *(.fini)
 .fini          0x0000000008006dd0        0x4 /usr/bin/../lib/gcc/arm-none-eabi/7.3.1/thumb/v7e-m/fpv4-sp/hard/crti.o
                0x0000000008006dd0                _fini
 .fini          0x0000000008006dd4        0x8 /usr/bin/../lib/gcc/arm-none-eabi/7.3.1/thumb/v7e-m/fpv4-sp/hard/crtn.o
                0x0000000008006ddc                . = ALIGN (0x4)
                0x0000000008006ddc                _etext = .

.vfp11_veneer   0x0000000008006ddc        0x0
 .vfp11_veneer  0x0000000008006ddc        0x0 linker stubs

.v4_bx          0x0000000008006ddc        0x0
 .v4_bx         0x0000000008006ddc        0x0 linker stubs

.iplt           0x0000000008006ddc        0x0
 .iplt          0x0000000008006ddc        0x0 /usr/bin/../lib/gcc/arm-none-eabi/7.3.1/thumb/v7e-m/fpv4-sp/hard/crtbegin.o

.rodata         0x0000000008006de0      0x318
                0x0000000008006de0                . = ALIGN (0x4)
 *(.rodata)
 *(.rodata*)
 .rodata.flagBitshiftOffset.8418
                0x0000000008006de0        0x8 build/stm32f4xx_hal_dma.o
 .rodata.main.str1.4
                0x0000000008006de8       0x34 build/main.o
                                         0x32 (size before relaxing)
 .rodata.AHBPrescTable
                0x0000000008006e1c       0x10 build/system_stm32f4xx.o
                0x0000000008006e1c                AHBPrescTable
 .rodata.APBPrescTable
                0x0000000008006e2c        0x8 build/system_stm32f4xx.o
                0x0000000008006e2c                APBPrescTable
 .rodata.CSWTCH.24
                0x0000000008006e34        0x4 build/interface.o
 .rodata._global_impure_ptr
                0x0000000008006e38        0x4 /usr/bin/../lib/gcc/arm-none-eabi/7.3.1/../../../../arm-none-eabi/lib/thumb/v7e-m/fpv4-sp/hard/libc_nano.a(lib_a-impure.o)
                0x0000000008006e38                _global_impure_ptr
 .rodata._printf_float.str1.1
                0x0000000008006e3c       0x12 /usr/bin/../lib/gcc/arm-none-eabi/7.3.1/../../../../arm-none-eabi/lib/thumb/v7e-m/fpv4-sp/hard/libc_nano.a(lib_a-nano-vfprintf_float.o)
 .rodata._printf_i.str1.1
                0x0000000008006e4e       0x22 /usr/bin/../lib/gcc/arm-none-eabi/7.3.1/../../../../arm-none-eabi/lib/thumb/v7e-m/fpv4-sp/hard/libc_nano.a(lib_a-nano-vfprintf_i.o)
 .rodata._dtoa_r.str1.1
                0x0000000008006e70        0xd /usr/bin/../lib/gcc/arm-none-eabi/7.3.1/../../../../arm-none-eabi/lib/thumb/v7e-m/fpv4-sp/hard/libc_nano.a(lib_a-dtoa.o)
                                          0xf (size before relaxing)
 *fill*         0x0000000008006e7d        0x3 
 .rodata.__sf_fake_stderr
                0x0000000008006e80       0x20 /usr/bin/../lib/gcc/arm-none-eabi/7.3.1/../../../../arm-none-eabi/lib/thumb/v7e-m/fpv4-sp/hard/libc_nano.a(lib_a-findfp.o)
                0x0000000008006e80                __sf_fake_stderr
 .rodata.__sf_fake_stdin
                0x0000000008006ea0       0x20 /usr/bin/../lib/gcc/arm-none-eabi/7.3.1/../../../../arm-none-eabi/lib/thumb/v7e-m/fpv4-sp/hard/libc_nano.a(lib_a-findfp.o)
                0x0000000008006ea0                __sf_fake_stdin
 .rodata.__sf_fake_stdout
                0x0000000008006ec0       0x20 /usr/bin/../lib/gcc/arm-none-eabi/7.3.1/../../../../arm-none-eabi/lib/thumb/v7e-m/fpv4-sp/hard/libc_nano.a(lib_a-findfp.o)
                0x0000000008006ec0                __sf_fake_stdout
 .rodata.__mprec_bigtens
                0x0000000008006ee0       0x28 /usr/bin/../lib/gcc/arm-none-eabi/7.3.1/../../../../arm-none-eabi/lib/thumb/v7e-m/fpv4-sp/hard/libc_nano.a(lib_a-mprec.o)
                0x0000000008006ee0                __mprec_bigtens
 .rodata.__mprec_tens
                0x0000000008006f08       0xc8 /usr/bin/../lib/gcc/arm-none-eabi/7.3.1/../../../../arm-none-eabi/lib/thumb/v7e-m/fpv4-sp/hard/libc_nano.a(lib_a-mprec.o)
                0x0000000008006f08                __mprec_tens
 .rodata.p05.7359
                0x0000000008006fd0        0xc /usr/bin/../lib/gcc/arm-none-eabi/7.3.1/../../../../arm-none-eabi/lib/thumb/v7e-m/fpv4-sp/hard/libc_nano.a(lib_a-mprec.o)
 .rodata._vfprintf_r.str1.1
                0x0000000008006fdc       0x11 /usr/bin/../lib/gcc/arm-none-eabi/7.3.1/../../../../arm-none-eabi/lib/thumb/v7e-m/fpv4-sp/hard/libc_nano.a(lib_a-nano-vfprintf.o)
 .rodata._setlocale_r.str1.1
                0x0000000008006fed        0x8 /usr/bin/../lib/gcc/arm-none-eabi/7.3.1/../../../../arm-none-eabi/lib/thumb/v7e-m/fpv4-sp/hard/libc_nano.a(lib_a-locale.o)
                                          0x9 (size before relaxing)
 .rodata.str1.1
                0x0000000008006ff5        0x2 /usr/bin/../lib/gcc/arm-none-eabi/7.3.1/../../../../arm-none-eabi/lib/thumb/v7e-m/fpv4-sp/hard/libc_nano.a(lib_a-locale.o)
 .rodata._ctype_
                0x0000000008006ff7      0x101 /usr/bin/../lib/gcc/arm-none-eabi/7.3.1/../../../../arm-none-eabi/lib/thumb/v7e-m/fpv4-sp/hard/libc_nano.a(lib_a-ctype_.o)
                0x0000000008006ff7                _ctype_
                0x00000000080070f8                . = ALIGN (0x4)

.ARM.extab
 *(.ARM.extab* .gnu.linkonce.armextab.*)

.ARM            0x00000000080070f8        0x8
                0x00000000080070f8                __exidx_start = .
 *(.ARM.exidx*)
 .ARM.exidx     0x00000000080070f8        0x8 /usr/bin/../lib/gcc/arm-none-eabi/7.3.1/thumb/v7e-m/fpv4-sp/hard/libgcc.a(_udivmoddi4.o)
                0x0000000008007100                __exidx_end = .

.rel.dyn        0x0000000008007100        0x0
 .rel.iplt      0x0000000008007100        0x0 /usr/bin/../lib/gcc/arm-none-eabi/7.3.1/thumb/v7e-m/fpv4-sp/hard/crtbegin.o

.preinit_array  0x0000000008007100        0x0
                0x0000000008007100                PROVIDE (__preinit_array_start = .)
 *(.preinit_array*)
                0x0000000008007100                PROVIDE (__preinit_array_end = .)

.init_array     0x0000000008007100        0x4
                0x0000000008007100                PROVIDE (__init_array_start = .)
 *(SORT_BY_NAME(.init_array.*))
 *(.init_array*)
 .init_array    0x0000000008007100        0x4 /usr/bin/../lib/gcc/arm-none-eabi/7.3.1/thumb/v7e-m/fpv4-sp/hard/crtbegin.o
                0x0000000008007104                PROVIDE (__init_array_end = .)

.fini_array     0x0000000008007104        0x4
                [!provide]                        PROVIDE (__fini_array_start = .)
 *(SORT_BY_NAME(.fini_array.*))
 *(.fini_array*)
 .fini_array    0x0000000008007104        0x4 /usr/bin/../lib/gcc/arm-none-eabi/7.3.1/thumb/v7e-m/fpv4-sp/hard/crtbegin.o
                [!provide]                        PROVIDE (__fini_array_end = .)
                0x0000000008007108                _sidata = LOADADDR (.data)

.data           0x0000000020000000      0x1dc load address 0x0000000008007108
                0x0000000020000000                . = ALIGN (0x4)
                0x0000000020000000                _sdata = .
 *(.data)
 *(.data*)
 .data.uwTickFreq
                0x0000000020000000        0x1 build/stm32f4xx_hal.o
                0x0000000020000000                uwTickFreq
 *fill*         0x0000000020000001        0x3 
 .data.uwTickPrio
                0x0000000020000004        0x4 build/stm32f4xx_hal.o
                0x0000000020000004                uwTickPrio
 .data.SystemCoreClock
                0x0000000020000008        0x4 build/system_stm32f4xx.o
                0x0000000020000008                SystemCoreClock
 .data._impure_ptr
                0x000000002000000c        0x4 /usr/bin/../lib/gcc/arm-none-eabi/7.3.1/../../../../arm-none-eabi/lib/thumb/v7e-m/fpv4-sp/hard/libc_nano.a(lib_a-impure.o)
                0x000000002000000c                _impure_ptr
 .data.impure_data
                0x0000000020000010       0x60 /usr/bin/../lib/gcc/arm-none-eabi/7.3.1/../../../../arm-none-eabi/lib/thumb/v7e-m/fpv4-sp/hard/libc_nano.a(lib_a-impure.o)
 .data.__global_locale
                0x0000000020000070      0x16c /usr/bin/../lib/gcc/arm-none-eabi/7.3.1/../../../../arm-none-eabi/lib/thumb/v7e-m/fpv4-sp/hard/libc_nano.a(lib_a-locale.o)
                0x0000000020000070                __global_locale
                0x00000000200001dc                . = ALIGN (0x4)
                0x00000000200001dc                _edata = .

.igot.plt       0x00000000200001dc        0x0 load address 0x00000000080072e4
 .igot.plt      0x00000000200001dc        0x0 /usr/bin/../lib/gcc/arm-none-eabi/7.3.1/thumb/v7e-m/fpv4-sp/hard/crtbegin.o
                0x00000000200001dc                . = ALIGN (0x4)

.bss            0x00000000200001dc      0x344 load address 0x00000000080072e4
                0x00000000200001dc                _sbss = .
                0x00000000200001dc                __bss_start__ = _sbss
 *(.bss)
 .bss           0x00000000200001dc       0x1c /usr/bin/../lib/gcc/arm-none-eabi/7.3.1/thumb/v7e-m/fpv4-sp/hard/crtbegin.o
 *(.bss*)
 .bss.heap_end.7223
                0x00000000200001f8        0x4 build/syscall.o
 .bss.__malloc_free_list
                0x00000000200001fc        0x4 /usr/bin/../lib/gcc/arm-none-eabi/7.3.1/../../../../arm-none-eabi/lib/thumb/v7e-m/fpv4-sp/hard/libc_nano.a(lib_a-nano-mallocr.o)
                0x00000000200001fc                __malloc_free_list
 .bss.__malloc_sbrk_start
                0x0000000020000200        0x4 /usr/bin/../lib/gcc/arm-none-eabi/7.3.1/../../../../arm-none-eabi/lib/thumb/v7e-m/fpv4-sp/hard/libc_nano.a(lib_a-nano-mallocr.o)
                0x0000000020000200                __malloc_sbrk_start
 *(COMMON)
 COMMON         0x0000000020000204        0x4 build/stm32f4xx_hal.o
                0x0000000020000204                uwTick
 COMMON         0x0000000020000208       0xa8 build/adc.o
                0x0000000020000208                hadc1
                0x0000000020000250                hdma_adc1
 COMMON         0x00000000200002b0       0x58 build/spi.o
                0x00000000200002b0                hspi1
 COMMON         0x0000000020000308       0xc0 build/tim.o
                0x0000000020000308                htim4
                0x0000000020000348                htim11
                0x0000000020000388                htim6
 COMMON         0x00000000200003c8       0x40 build/usart.o
                0x00000000200003c8                huart1
 COMMON         0x0000000020000408       0x18 build/global.o
                0x0000000020000408                ADC_Buffer
                0x0000000020000414                offset_ang_vel
 COMMON         0x0000000020000420       0xfc build/state.o
                0x0000000020000420                IR_sen_raw
                0x0000000020000428                IR_sen
                0x0000000020000438                enc_deg
                0x0000000020000440                V_Batt
                0x0000000020000444                RESETState
                0x000000002000048c                real_state
                0x00000000200004d4                ideal_state
 COMMON         0x000000002000051c        0x4 /usr/bin/../lib/gcc/arm-none-eabi/7.3.1/../../../../arm-none-eabi/lib/thumb/v7e-m/fpv4-sp/hard/libc_nano.a(lib_a-reent.o)
                0x000000002000051c                errno
                0x0000000020000520                . = ALIGN (0x4)
                0x0000000020000520                _ebss = .
                0x0000000020000520                __bss_end__ = _ebss

._user_heap_stack
                0x0000000020000520      0x600 load address 0x00000000080072e4
                0x0000000020000520                . = ALIGN (0x8)
                0x0000000020000520                PROVIDE (end = .)
                [!provide]                        PROVIDE (_end = .)
                0x0000000020000720                . = (. + _Min_Heap_Size)
 *fill*         0x0000000020000520      0x200 
                0x0000000020000b20                . = (. + _Min_Stack_Size)
 *fill*         0x0000000020000720      0x400 
                0x0000000020000b20                . = ALIGN (0x8)

/DISCARD/
 libc.a(*)
 libm.a(*)
 libgcc.a(*)

.ARM.attributes
                0x0000000000000000       0x30
 *(.ARM.attributes)
 .ARM.attributes
                0x0000000000000000       0x22 /usr/bin/../lib/gcc/arm-none-eabi/7.3.1/thumb/v7e-m/fpv4-sp/hard/crti.o
 .ARM.attributes
                0x0000000000000022       0x34 /usr/bin/../lib/gcc/arm-none-eabi/7.3.1/thumb/v7e-m/fpv4-sp/hard/crtbegin.o
 .ARM.attributes
                0x0000000000000056       0x39 build/stm32f4xx_hal_spi.o
 .ARM.attributes
                0x000000000000008f       0x39 build/stm32f4xx_hal_rcc.o
 .ARM.attributes
                0x00000000000000c8       0x39 build/stm32f4xx_hal_cortex.o
 .ARM.attributes
                0x0000000000000101       0x39 build/stm32f4xx_hal.o
 .ARM.attributes
                0x000000000000013a       0x39 build/stm32f4xx_hal_tim.o
 .ARM.attributes
                0x0000000000000173       0x39 build/stm32f4xx_hal_tim_ex.o
 .ARM.attributes
                0x00000000000001ac       0x39 build/stm32f4xx_hal_dma.o
 .ARM.attributes
                0x00000000000001e5       0x39 build/stm32f4xx_hal_uart.o
 .ARM.attributes
                0x000000000000021e       0x39 build/stm32f4xx_hal_rcc_ex.o
 .ARM.attributes
                0x0000000000000257       0x39 build/stm32f4xx_hal_gpio.o
 .ARM.attributes
                0x0000000000000290       0x39 build/stm32f4xx_hal_adc.o
 .ARM.attributes
                0x00000000000002c9       0x39 build/main.o
 .ARM.attributes
                0x0000000000000302       0x39 build/gpio.o
 .ARM.attributes
                0x000000000000033b       0x39 build/adc.o
 .ARM.attributes
                0x0000000000000374       0x39 build/dma.o
 .ARM.attributes
                0x00000000000003ad       0x39 build/spi.o
 .ARM.attributes
                0x00000000000003e6       0x39 build/tim.o
 .ARM.attributes
                0x000000000000041f       0x39 build/usart.o
 .ARM.attributes
                0x0000000000000458       0x39 build/stm32f4xx_it.o
 .ARM.attributes
                0x0000000000000491       0x39 build/stm32f4xx_hal_msp.o
 .ARM.attributes
                0x00000000000004ca       0x39 build/system_stm32f4xx.o
 .ARM.attributes
                0x0000000000000503       0x39 build/interface.o
 .ARM.attributes
                0x000000000000053c       0x39 build/init.o
 .ARM.attributes
                0x0000000000000575       0x39 build/global.o
 .ARM.attributes
                0x00000000000005ae       0x39 build/sensors.o
 .ARM.attributes
                0x00000000000005e7       0x39 build/interrupt.o
 .ARM.attributes
                0x0000000000000620       0x39 build/state.o
 .ARM.attributes
                0x0000000000000659       0x39 build/syscall.o
 .ARM.attributes
                0x0000000000000692       0x21 build/startup_stm32f413xx.o
 .ARM.attributes
                0x00000000000006b3       0x34 /usr/bin/../lib/gcc/arm-none-eabi/7.3.1/../../../../arm-none-eabi/lib/thumb/v7e-m/fpv4-sp/hard/libc_nano.a(lib_a-impure.o)
 .ARM.attributes
                0x00000000000006e7       0x34 /usr/bin/../lib/gcc/arm-none-eabi/7.3.1/../../../../arm-none-eabi/lib/thumb/v7e-m/fpv4-sp/hard/libc_nano.a(lib_a-init.o)
 .ARM.attributes
                0x000000000000071b       0x34 /usr/bin/../lib/gcc/arm-none-eabi/7.3.1/../../../../arm-none-eabi/lib/thumb/v7e-m/fpv4-sp/hard/libc_nano.a(lib_a-memset.o)
 .ARM.attributes
                0x000000000000074f       0x34 /usr/bin/../lib/gcc/arm-none-eabi/7.3.1/../../../../arm-none-eabi/lib/thumb/v7e-m/fpv4-sp/hard/libc_nano.a(lib_a-nano-vfprintf_float.o)
 .ARM.attributes
                0x0000000000000783       0x34 /usr/bin/../lib/gcc/arm-none-eabi/7.3.1/../../../../arm-none-eabi/lib/thumb/v7e-m/fpv4-sp/hard/libc_nano.a(lib_a-nano-vfprintf_i.o)
 .ARM.attributes
                0x00000000000007b7       0x34 /usr/bin/../lib/gcc/arm-none-eabi/7.3.1/../../../../arm-none-eabi/lib/thumb/v7e-m/fpv4-sp/hard/libc_nano.a(lib_a-printf.o)
 .ARM.attributes
                0x00000000000007eb       0x34 /usr/bin/../lib/gcc/arm-none-eabi/7.3.1/../../../../arm-none-eabi/lib/thumb/v7e-m/fpv4-sp/hard/libc_nano.a(lib_a-reent.o)
 .ARM.attributes
                0x000000000000081f       0x34 /usr/bin/../lib/gcc/arm-none-eabi/7.3.1/../../../../arm-none-eabi/lib/thumb/v7e-m/fpv4-sp/hard/libc_nano.a(lib_a-setbuf.o)
 .ARM.attributes
                0x0000000000000853       0x34 /usr/bin/../lib/gcc/arm-none-eabi/7.3.1/../../../../arm-none-eabi/lib/thumb/v7e-m/fpv4-sp/hard/libc_nano.a(lib_a-setvbuf.o)
 .ARM.attributes
                0x0000000000000887       0x1b /usr/bin/../lib/gcc/arm-none-eabi/7.3.1/../../../../arm-none-eabi/lib/thumb/v7e-m/fpv4-sp/hard/libc_nano.a(lib_a-strlen.o)
 .ARM.attributes
                0x00000000000008a2       0x34 /usr/bin/../lib/gcc/arm-none-eabi/7.3.1/../../../../arm-none-eabi/lib/thumb/v7e-m/fpv4-sp/hard/libc_nano.a(lib_a-dtoa.o)
 .ARM.attributes
                0x00000000000008d6       0x34 /usr/bin/../lib/gcc/arm-none-eabi/7.3.1/../../../../arm-none-eabi/lib/thumb/v7e-m/fpv4-sp/hard/libc_nano.a(lib_a-fflush.o)
 .ARM.attributes
                0x000000000000090a       0x34 /usr/bin/../lib/gcc/arm-none-eabi/7.3.1/../../../../arm-none-eabi/lib/thumb/v7e-m/fpv4-sp/hard/libc_nano.a(lib_a-findfp.o)
 .ARM.attributes
                0x000000000000093e       0x34 /usr/bin/../lib/gcc/arm-none-eabi/7.3.1/../../../../arm-none-eabi/lib/thumb/v7e-m/fpv4-sp/hard/libc_nano.a(lib_a-fwalk.o)
 .ARM.attributes
                0x0000000000000972       0x34 /usr/bin/../lib/gcc/arm-none-eabi/7.3.1/../../../../arm-none-eabi/lib/thumb/v7e-m/fpv4-sp/hard/libc_nano.a(lib_a-localeconv.o)
 .ARM.attributes
                0x00000000000009a6       0x34 /usr/bin/../lib/gcc/arm-none-eabi/7.3.1/../../../../arm-none-eabi/lib/thumb/v7e-m/fpv4-sp/hard/libc_nano.a(lib_a-makebuf.o)
 .ARM.attributes
                0x00000000000009da       0x34 /usr/bin/../lib/gcc/arm-none-eabi/7.3.1/../../../../arm-none-eabi/lib/thumb/v7e-m/fpv4-sp/hard/libc_nano.a(lib_a-malloc.o)
 .ARM.attributes
                0x0000000000000a0e       0x20 /usr/bin/../lib/gcc/arm-none-eabi/7.3.1/../../../../arm-none-eabi/lib/thumb/v7e-m/fpv4-sp/hard/libc_nano.a(lib_a-memchr.o)
 .ARM.attributes
                0x0000000000000a2e       0x34 /usr/bin/../lib/gcc/arm-none-eabi/7.3.1/../../../../arm-none-eabi/lib/thumb/v7e-m/fpv4-sp/hard/libc_nano.a(lib_a-memcpy-stub.o)
 .ARM.attributes
                0x0000000000000a62       0x34 /usr/bin/../lib/gcc/arm-none-eabi/7.3.1/../../../../arm-none-eabi/lib/thumb/v7e-m/fpv4-sp/hard/libc_nano.a(lib_a-mprec.o)
 .ARM.attributes
                0x0000000000000a96       0x34 /usr/bin/../lib/gcc/arm-none-eabi/7.3.1/../../../../arm-none-eabi/lib/thumb/v7e-m/fpv4-sp/hard/libc_nano.a(lib_a-nano-callocr.o)
 .ARM.attributes
                0x0000000000000aca       0x34 /usr/bin/../lib/gcc/arm-none-eabi/7.3.1/../../../../arm-none-eabi/lib/thumb/v7e-m/fpv4-sp/hard/libc_nano.a(lib_a-nano-freer.o)
 .ARM.attributes
                0x0000000000000afe       0x34 /usr/bin/../lib/gcc/arm-none-eabi/7.3.1/../../../../arm-none-eabi/lib/thumb/v7e-m/fpv4-sp/hard/libc_nano.a(lib_a-nano-mallocr.o)
 .ARM.attributes
                0x0000000000000b32       0x34 /usr/bin/../lib/gcc/arm-none-eabi/7.3.1/../../../../arm-none-eabi/lib/thumb/v7e-m/fpv4-sp/hard/libc_nano.a(lib_a-nano-vfprintf.o)
 .ARM.attributes
                0x0000000000000b66       0x34 /usr/bin/../lib/gcc/arm-none-eabi/7.3.1/../../../../arm-none-eabi/lib/thumb/v7e-m/fpv4-sp/hard/libc_nano.a(lib_a-sbrkr.o)
 .ARM.attributes
                0x0000000000000b9a       0x34 /usr/bin/../lib/gcc/arm-none-eabi/7.3.1/../../../../arm-none-eabi/lib/thumb/v7e-m/fpv4-sp/hard/libc_nano.a(lib_a-stdio.o)
 .ARM.attributes
                0x0000000000000bce       0x34 /usr/bin/../lib/gcc/arm-none-eabi/7.3.1/../../../../arm-none-eabi/lib/thumb/v7e-m/fpv4-sp/hard/libc_nano.a(lib_a-wbuf.o)
 .ARM.attributes
                0x0000000000000c02       0x34 /usr/bin/../lib/gcc/arm-none-eabi/7.3.1/../../../../arm-none-eabi/lib/thumb/v7e-m/fpv4-sp/hard/libc_nano.a(lib_a-writer.o)
 .ARM.attributes
                0x0000000000000c36       0x34 /usr/bin/../lib/gcc/arm-none-eabi/7.3.1/../../../../arm-none-eabi/lib/thumb/v7e-m/fpv4-sp/hard/libc_nano.a(lib_a-wsetup.o)
 .ARM.attributes
                0x0000000000000c6a       0x34 /usr/bin/../lib/gcc/arm-none-eabi/7.3.1/../../../../arm-none-eabi/lib/thumb/v7e-m/fpv4-sp/hard/libc_nano.a(lib_a-closer.o)
 .ARM.attributes
                0x0000000000000c9e       0x34 /usr/bin/../lib/gcc/arm-none-eabi/7.3.1/../../../../arm-none-eabi/lib/thumb/v7e-m/fpv4-sp/hard/libc_nano.a(lib_a-fstatr.o)
 .ARM.attributes
                0x0000000000000cd2       0x34 /usr/bin/../lib/gcc/arm-none-eabi/7.3.1/../../../../arm-none-eabi/lib/thumb/v7e-m/fpv4-sp/hard/libc_nano.a(lib_a-isattyr.o)
 .ARM.attributes
                0x0000000000000d06       0x34 /usr/bin/../lib/gcc/arm-none-eabi/7.3.1/../../../../arm-none-eabi/lib/thumb/v7e-m/fpv4-sp/hard/libc_nano.a(lib_a-locale.o)
 .ARM.attributes
                0x0000000000000d3a       0x34 /usr/bin/../lib/gcc/arm-none-eabi/7.3.1/../../../../arm-none-eabi/lib/thumb/v7e-m/fpv4-sp/hard/libc_nano.a(lib_a-lseekr.o)
 .ARM.attributes
                0x0000000000000d6e       0x34 /usr/bin/../lib/gcc/arm-none-eabi/7.3.1/../../../../arm-none-eabi/lib/thumb/v7e-m/fpv4-sp/hard/libc_nano.a(lib_a-mbtowc_r.o)
 .ARM.attributes
                0x0000000000000da2       0x34 /usr/bin/../lib/gcc/arm-none-eabi/7.3.1/../../../../arm-none-eabi/lib/thumb/v7e-m/fpv4-sp/hard/libc_nano.a(lib_a-mlock.o)
 .ARM.attributes
                0x0000000000000dd6       0x34 /usr/bin/../lib/gcc/arm-none-eabi/7.3.1/../../../../arm-none-eabi/lib/thumb/v7e-m/fpv4-sp/hard/libc_nano.a(lib_a-readr.o)
 .ARM.attributes
                0x0000000000000e0a       0x34 /usr/bin/../lib/gcc/arm-none-eabi/7.3.1/../../../../arm-none-eabi/lib/thumb/v7e-m/fpv4-sp/hard/libc_nano.a(lib_a-wctomb_r.o)
 .ARM.attributes
                0x0000000000000e3e       0x34 /usr/bin/../lib/gcc/arm-none-eabi/7.3.1/../../../../arm-none-eabi/lib/thumb/v7e-m/fpv4-sp/hard/libc_nano.a(lib_a-ctype_.o)
 .ARM.attributes
                0x0000000000000e72       0x22 /usr/bin/../lib/gcc/arm-none-eabi/7.3.1/thumb/v7e-m/fpv4-sp/hard/libgcc.a(_arm_addsubdf3.o)
 .ARM.attributes
                0x0000000000000e94       0x22 /usr/bin/../lib/gcc/arm-none-eabi/7.3.1/thumb/v7e-m/fpv4-sp/hard/libgcc.a(_arm_muldivdf3.o)
 .ARM.attributes
                0x0000000000000eb6       0x22 /usr/bin/../lib/gcc/arm-none-eabi/7.3.1/thumb/v7e-m/fpv4-sp/hard/libgcc.a(_arm_cmpdf2.o)
 .ARM.attributes
                0x0000000000000ed8       0x22 /usr/bin/../lib/gcc/arm-none-eabi/7.3.1/thumb/v7e-m/fpv4-sp/hard/libgcc.a(_arm_unorddf2.o)
 .ARM.attributes
                0x0000000000000efa       0x22 /usr/bin/../lib/gcc/arm-none-eabi/7.3.1/thumb/v7e-m/fpv4-sp/hard/libgcc.a(_arm_fixdfsi.o)
 .ARM.attributes
                0x0000000000000f1c       0x22 /usr/bin/../lib/gcc/arm-none-eabi/7.3.1/thumb/v7e-m/fpv4-sp/hard/libgcc.a(_arm_truncdfsf2.o)
 .ARM.attributes
                0x0000000000000f3e       0x22 /usr/bin/../lib/gcc/arm-none-eabi/7.3.1/thumb/v7e-m/fpv4-sp/hard/libgcc.a(_aeabi_uldivmod.o)
 .ARM.attributes
                0x0000000000000f60       0x34 /usr/bin/../lib/gcc/arm-none-eabi/7.3.1/thumb/v7e-m/fpv4-sp/hard/libgcc.a(_udivmoddi4.o)
 .ARM.attributes
                0x0000000000000f94       0x22 /usr/bin/../lib/gcc/arm-none-eabi/7.3.1/thumb/v7e-m/fpv4-sp/hard/libgcc.a(_dvmd_tls.o)
 .ARM.attributes
                0x0000000000000fb6       0x22 /usr/bin/../lib/gcc/arm-none-eabi/7.3.1/thumb/v7e-m/fpv4-sp/hard/crtn.o
OUTPUT(build/Lotus.elf elf32-littlearm)

.debug_info     0x0000000000000000    0x1d98d
 .debug_info    0x0000000000000000     0x2c29 build/stm32f4xx_hal_spi.o
 .debug_info    0x0000000000002c29      0xb9f build/stm32f4xx_hal_rcc.o
 .debug_info    0x00000000000037c8     0x1068 build/stm32f4xx_hal_cortex.o
 .debug_info    0x0000000000004830      0xb5e build/stm32f4xx_hal.o
 .debug_info    0x000000000000538e     0x40be build/stm32f4xx_hal_tim.o
 .debug_info    0x000000000000944c     0x1949 build/stm32f4xx_hal_tim_ex.o
 .debug_info    0x000000000000ad95      0xb49 build/stm32f4xx_hal_dma.o
 .debug_info    0x000000000000b8de     0x1bcc build/stm32f4xx_hal_uart.o
 .debug_info    0x000000000000d4aa      0xad4 build/stm32f4xx_hal_rcc_ex.o
 .debug_info    0x000000000000df7e      0x88d build/stm32f4xx_hal_gpio.o
 .debug_info    0x000000000000e80b      0xecc build/stm32f4xx_hal_adc.o
 .debug_info    0x000000000000f6d7     0x2159 build/main.o
 .debug_info    0x0000000000011830      0x6aa build/gpio.o
 .debug_info    0x0000000000011eda     0x1064 build/adc.o
 .debug_info    0x0000000000012f3e      0x640 build/dma.o
 .debug_info    0x000000000001357e      0xb2b build/spi.o
 .debug_info    0x00000000000140a9     0x129c build/tim.o
 .debug_info    0x0000000000015345      0xab0 build/usart.o
 .debug_info    0x0000000000015df5      0x7bf build/stm32f4xx_it.o
 .debug_info    0x00000000000165b4      0x39b build/stm32f4xx_hal_msp.o
 .debug_info    0x000000000001694f      0x5c1 build/system_stm32f4xx.o
 .debug_info    0x0000000000016f10     0x2ac5 build/interface.o
 .debug_info    0x00000000000199d5      0xb54 build/init.o
 .debug_info    0x000000000001a529      0x241 build/global.o
 .debug_info    0x000000000001a76a     0x19e7 build/sensors.o
 .debug_info    0x000000000001c151      0x466 build/interrupt.o
 .debug_info    0x000000000001c5b7      0x2af build/state.o
 .debug_info    0x000000000001c866     0x1105 build/syscall.o
 .debug_info    0x000000000001d96b       0x22 build/startup_stm32f413xx.o

.debug_abbrev   0x0000000000000000     0x4071
 .debug_abbrev  0x0000000000000000      0x3dc build/stm32f4xx_hal_spi.o
 .debug_abbrev  0x00000000000003dc      0x2f9 build/stm32f4xx_hal_rcc.o
 .debug_abbrev  0x00000000000006d5      0x335 build/stm32f4xx_hal_cortex.o
 .debug_abbrev  0x0000000000000a0a      0x244 build/stm32f4xx_hal.o
 .debug_abbrev  0x0000000000000c4e      0x368 build/stm32f4xx_hal_tim.o
 .debug_abbrev  0x0000000000000fb6      0x31f build/stm32f4xx_hal_tim_ex.o
 .debug_abbrev  0x00000000000012d5      0x347 build/stm32f4xx_hal_dma.o
 .debug_abbrev  0x000000000000161c      0x354 build/stm32f4xx_hal_uart.o
 .debug_abbrev  0x0000000000001970      0x1c9 build/stm32f4xx_hal_rcc_ex.o
 .debug_abbrev  0x0000000000001b39      0x229 build/stm32f4xx_hal_gpio.o
 .debug_abbrev  0x0000000000001d62      0x2d2 build/stm32f4xx_hal_adc.o
 .debug_abbrev  0x0000000000002034      0x2ad build/main.o
 .debug_abbrev  0x00000000000022e1      0x16b build/gpio.o
 .debug_abbrev  0x000000000000244c      0x206 build/adc.o
 .debug_abbrev  0x0000000000002652      0x141 build/dma.o
 .debug_abbrev  0x0000000000002793      0x1f3 build/spi.o
 .debug_abbrev  0x0000000000002986      0x2ad build/tim.o
 .debug_abbrev  0x0000000000002c33      0x1f3 build/usart.o
 .debug_abbrev  0x0000000000002e26      0x1e2 build/stm32f4xx_it.o
 .debug_abbrev  0x0000000000003008       0xee build/stm32f4xx_hal_msp.o
 .debug_abbrev  0x00000000000030f6      0x110 build/system_stm32f4xx.o
 .debug_abbrev  0x0000000000003206      0x3d2 build/interface.o
 .debug_abbrev  0x00000000000035d8      0x1c1 build/init.o
 .debug_abbrev  0x0000000000003799       0x9a build/global.o
 .debug_abbrev  0x0000000000003833      0x350 build/sensors.o
 .debug_abbrev  0x0000000000003b83       0xf9 build/interrupt.o
 .debug_abbrev  0x0000000000003c7c       0xad build/state.o
 .debug_abbrev  0x0000000000003d29      0x336 build/syscall.o
 .debug_abbrev  0x000000000000405f       0x12 build/startup_stm32f413xx.o

.debug_loc      0x0000000000000000    0x11bdb
 .debug_loc     0x0000000000000000     0x3f0f build/stm32f4xx_hal_spi.o
 .debug_loc     0x0000000000003f0f      0x538 build/stm32f4xx_hal_rcc.o
 .debug_loc     0x0000000000004447      0x6bd build/stm32f4xx_hal_cortex.o
 .debug_loc     0x0000000000004b04      0x1bc build/stm32f4xx_hal.o
 .debug_loc     0x0000000000004cc0     0x5f8e build/stm32f4xx_hal_tim.o
 .debug_loc     0x000000000000ac4e     0x1479 build/stm32f4xx_hal_tim_ex.o
 .debug_loc     0x000000000000c0c7      0xa8d build/stm32f4xx_hal_dma.o
 .debug_loc     0x000000000000cb54     0x1d36 build/stm32f4xx_hal_uart.o
 .debug_loc     0x000000000000e88a      0x7c7 build/stm32f4xx_hal_rcc_ex.o
 .debug_loc     0x000000000000f051      0x565 build/stm32f4xx_hal_gpio.o
 .debug_loc     0x000000000000f5b6      0xcb7 build/stm32f4xx_hal_adc.o
 .debug_loc     0x000000000001026d       0xc8 build/main.o
 .debug_loc     0x0000000000010335       0x39 build/gpio.o
 .debug_loc     0x000000000001036e      0x157 build/adc.o
 .debug_loc     0x00000000000104c5       0x44 build/dma.o
 .debug_loc     0x0000000000010509       0xbe build/spi.o
 .debug_loc     0x00000000000105c7      0x2f6 build/tim.o
 .debug_loc     0x00000000000108bd       0xbe build/usart.o
 .debug_loc     0x000000000001097b       0x2c build/stm32f4xx_it.o
 .debug_loc     0x00000000000109a7       0x2c build/stm32f4xx_hal_msp.o
 .debug_loc     0x00000000000109d3      0x178 build/system_stm32f4xx.o
 .debug_loc     0x0000000000010b4b      0x779 build/interface.o
 .debug_loc     0x00000000000112c4       0x2c build/init.o
 .debug_loc     0x00000000000112f0      0x5be build/sensors.o
 .debug_loc     0x00000000000118ae       0x38 build/interrupt.o
 .debug_loc     0x00000000000118e6      0x2f5 build/syscall.o

.debug_aranges  0x0000000000000000      0xdf8
 .debug_aranges
                0x0000000000000000      0x160 build/stm32f4xx_hal_spi.o
 .debug_aranges
                0x0000000000000160       0x88 build/stm32f4xx_hal_rcc.o
 .debug_aranges
                0x00000000000001e8       0xa8 build/stm32f4xx_hal_cortex.o
 .debug_aranges
                0x0000000000000290       0xe8 build/stm32f4xx_hal.o
 .debug_aranges
                0x0000000000000378      0x258 build/stm32f4xx_hal_tim.o
 .debug_aranges
                0x00000000000005d0       0xf0 build/stm32f4xx_hal_tim_ex.o
 .debug_aranges
                0x00000000000006c0       0x78 build/stm32f4xx_hal_dma.o
 .debug_aranges
                0x0000000000000738      0x158 build/stm32f4xx_hal_uart.o
 .debug_aranges
                0x0000000000000890       0x60 build/stm32f4xx_hal_rcc_ex.o
 .debug_aranges
                0x00000000000008f0       0x58 build/stm32f4xx_hal_gpio.o
 .debug_aranges
                0x0000000000000948       0xb8 build/stm32f4xx_hal_adc.o
 .debug_aranges
                0x0000000000000a00       0x38 build/main.o
 .debug_aranges
                0x0000000000000a38       0x20 build/gpio.o
 .debug_aranges
                0x0000000000000a58       0x38 build/adc.o
 .debug_aranges
                0x0000000000000a90       0x20 build/dma.o
 .debug_aranges
                0x0000000000000ab0       0x30 build/spi.o
 .debug_aranges
                0x0000000000000ae0       0x58 build/tim.o
 .debug_aranges
                0x0000000000000b38       0x30 build/usart.o
 .debug_aranges
                0x0000000000000b68       0x58 build/stm32f4xx_it.o
 .debug_aranges
                0x0000000000000bc0       0x20 build/stm32f4xx_hal_msp.o
 .debug_aranges
                0x0000000000000be0       0x28 build/system_stm32f4xx.o
 .debug_aranges
                0x0000000000000c08       0x68 build/interface.o
 .debug_aranges
                0x0000000000000c70       0x28 build/init.o
 .debug_aranges
                0x0000000000000c98       0x18 build/global.o
 .debug_aranges
                0x0000000000000cb0       0x38 build/sensors.o
 .debug_aranges
                0x0000000000000ce8       0x20 build/interrupt.o
 .debug_aranges
                0x0000000000000d08       0x18 build/state.o
 .debug_aranges
                0x0000000000000d20       0xb0 build/syscall.o
 .debug_aranges
                0x0000000000000dd0       0x28 build/startup_stm32f413xx.o

.debug_ranges   0x0000000000000000     0x2688
 .debug_ranges  0x0000000000000000      0xb70 build/stm32f4xx_hal_spi.o
 .debug_ranges  0x0000000000000b70      0x100 build/stm32f4xx_hal_rcc.o
 .debug_ranges  0x0000000000000c70      0x138 build/stm32f4xx_hal_cortex.o
 .debug_ranges  0x0000000000000da8       0xd8 build/stm32f4xx_hal.o
 .debug_ranges  0x0000000000000e80      0x6f0 build/stm32f4xx_hal_tim.o
 .debug_ranges  0x0000000000001570       0xf8 build/stm32f4xx_hal_tim_ex.o
 .debug_ranges  0x0000000000001668      0x120 build/stm32f4xx_hal_dma.o
 .debug_ranges  0x0000000000001788      0x310 build/stm32f4xx_hal_uart.o
 .debug_ranges  0x0000000000001a98       0x98 build/stm32f4xx_hal_rcc_ex.o
 .debug_ranges  0x0000000000001b30       0x68 build/stm32f4xx_hal_gpio.o
 .debug_ranges  0x0000000000001b98       0xd0 build/stm32f4xx_hal_adc.o
 .debug_ranges  0x0000000000001c68       0x78 build/main.o
 .debug_ranges  0x0000000000001ce0       0x48 build/gpio.o
 .debug_ranges  0x0000000000001d28       0x58 build/adc.o
 .debug_ranges  0x0000000000001d80       0x28 build/dma.o
 .debug_ranges  0x0000000000001da8       0x50 build/spi.o
 .debug_ranges  0x0000000000001df8      0x160 build/tim.o
 .debug_ranges  0x0000000000001f58       0x50 build/usart.o
 .debug_ranges  0x0000000000001fa8       0x48 build/stm32f4xx_it.o
 .debug_ranges  0x0000000000001ff0       0x10 build/stm32f4xx_hal_msp.o
 .debug_ranges  0x0000000000002000       0x18 build/system_stm32f4xx.o
 .debug_ranges  0x0000000000002018      0x308 build/interface.o
 .debug_ranges  0x0000000000002320       0x18 build/init.o
 .debug_ranges  0x0000000000002338      0x280 build/sensors.o
 .debug_ranges  0x00000000000025b8       0x10 build/interrupt.o
 .debug_ranges  0x00000000000025c8       0xa0 build/syscall.o
 .debug_ranges  0x0000000000002668       0x20 build/startup_stm32f413xx.o

.debug_line     0x0000000000000000     0x8bc4
 .debug_line    0x0000000000000000     0x1274 build/stm32f4xx_hal_spi.o
 .debug_line    0x0000000000001274      0x4de build/stm32f4xx_hal_rcc.o
 .debug_line    0x0000000000001752      0x416 build/stm32f4xx_hal_cortex.o
 .debug_line    0x0000000000001b68      0x3a1 build/stm32f4xx_hal.o
 .debug_line    0x0000000000001f09     0x18f4 build/stm32f4xx_hal_tim.o
 .debug_line    0x00000000000037fd      0x770 build/stm32f4xx_hal_tim_ex.o
 .debug_line    0x0000000000003f6d      0x662 build/stm32f4xx_hal_dma.o
 .debug_line    0x00000000000045cf      0xdf7 build/stm32f4xx_hal_uart.o
 .debug_line    0x00000000000053c6      0x5ae build/stm32f4xx_hal_rcc_ex.o
 .debug_line    0x0000000000005974      0x389 build/stm32f4xx_hal_gpio.o
 .debug_line    0x0000000000005cfd      0x7a3 build/stm32f4xx_hal_adc.o
 .debug_line    0x00000000000064a0      0x3b3 build/main.o
 .debug_line    0x0000000000006853      0x18a build/gpio.o
 .debug_line    0x00000000000069dd      0x2cd build/adc.o
 .debug_line    0x0000000000006caa      0x153 build/dma.o
 .debug_line    0x0000000000006dfd      0x20e build/spi.o
 .debug_line    0x000000000000700b      0x380 build/tim.o
 .debug_line    0x000000000000738b      0x208 build/usart.o
 .debug_line    0x0000000000007593      0x227 build/stm32f4xx_it.o
 .debug_line    0x00000000000077ba      0x123 build/stm32f4xx_hal_msp.o
 .debug_line    0x00000000000078dd      0x166 build/system_stm32f4xx.o
 .debug_line    0x0000000000007a43      0x5db build/interface.o
 .debug_line    0x000000000000801e      0x206 build/init.o
 .debug_line    0x0000000000008224       0xc2 build/global.o
 .debug_line    0x00000000000082e6      0x421 build/sensors.o
 .debug_line    0x0000000000008707       0xfa build/interrupt.o
 .debug_line    0x0000000000008801       0xb0 build/state.o
 .debug_line    0x00000000000088b1      0x29f build/syscall.o
 .debug_line    0x0000000000008b50       0x74 build/startup_stm32f413xx.o

.debug_str      0x0000000000000000     0x5115
 .debug_str     0x0000000000000000      0xb27 build/stm32f4xx_hal_spi.o
                                        0xbef (size before relaxing)
 .debug_str     0x0000000000000b27      0x4a7 build/stm32f4xx_hal_rcc.o
                                        0x702 (size before relaxing)
 .debug_str     0x0000000000000fce      0xa81 build/stm32f4xx_hal_cortex.o
                                        0xcf2 (size before relaxing)
 .debug_str     0x0000000000001a4f      0x2b9 build/stm32f4xx_hal.o
                                        0xc4b (size before relaxing)
 .debug_str     0x0000000000001d08      0xfe1 build/stm32f4xx_hal_tim.o
                                       0x14e3 (size before relaxing)
 .debug_str     0x0000000000002ce9      0x553 build/stm32f4xx_hal_tim_ex.o
                                        0xe30 (size before relaxing)
 .debug_str     0x000000000000323c      0x2db build/stm32f4xx_hal_dma.o
                                        0x78c (size before relaxing)
 .debug_str     0x0000000000003517      0x674 build/stm32f4xx_hal_uart.o
                                        0xc2e (size before relaxing)
 .debug_str     0x0000000000003b8b      0x2e7 build/stm32f4xx_hal_rcc_ex.o
                                        0x757 (size before relaxing)
 .debug_str     0x0000000000003e72      0x16c build/stm32f4xx_hal_gpio.o
                                        0x539 (size before relaxing)
 .debug_str     0x0000000000003fde      0x46a build/stm32f4xx_hal_adc.o
                                        0x969 (size before relaxing)
 .debug_str     0x0000000000004448      0x639 build/main.o
                                       0x1401 (size before relaxing)
 .debug_str     0x0000000000004a81        0xb build/gpio.o
                                        0x3c3 (size before relaxing)
 .debug_str     0x0000000000004a8c       0x1e build/adc.o
                                        0xa03 (size before relaxing)
 .debug_str     0x0000000000004aaa        0xa build/dma.o
                                        0x8cc (size before relaxing)
 .debug_str     0x0000000000004ab4       0x14 build/spi.o
                                        0x83a (size before relaxing)
 .debug_str     0x0000000000004ac8       0x4f build/tim.o
                                        0xf8f (size before relaxing)
 .debug_str     0x0000000000004b17       0x17 build/usart.o
                                        0x81c (size before relaxing)
 .debug_str     0x0000000000004b2e       0xde build/stm32f4xx_it.o
                                        0x706 (size before relaxing)
 .debug_str     0x0000000000004c0c       0x18 build/stm32f4xx_hal_msp.o
                                        0x312 (size before relaxing)
 .debug_str     0x0000000000004c24       0x42 build/system_stm32f4xx.o
                                        0x38e (size before relaxing)
 .debug_str     0x0000000000004c66      0x168 build/interface.o
                                        0xcc6 (size before relaxing)
 .debug_str     0x0000000000004dce       0x27 build/init.o
                                        0x8f3 (size before relaxing)
 .debug_str     0x0000000000004df5       0x16 build/global.o
                                        0x27f (size before relaxing)
 .debug_str     0x0000000000004e0b       0x7a build/sensors.o
                                        0xbf2 (size before relaxing)
 .debug_str     0x0000000000004e85       0x19 build/interrupt.o
                                        0x32d (size before relaxing)
 .debug_str     0x0000000000004e9e       0x20 build/state.o
                                        0x214 (size before relaxing)
 .debug_str     0x0000000000004ebe      0x233 build/syscall.o
                                        0x7f7 (size before relaxing)
 .debug_str     0x00000000000050f1       0x24 build/startup_stm32f413xx.o
                                         0x31 (size before relaxing)

.comment        0x0000000000000000       0x7f
 .comment       0x0000000000000000       0x7f build/stm32f4xx_hal_spi.o
                                         0x80 (size before relaxing)
 .comment       0x000000000000007f       0x80 build/stm32f4xx_hal_rcc.o
 .comment       0x000000000000007f       0x80 build/stm32f4xx_hal_cortex.o
 .comment       0x000000000000007f       0x80 build/stm32f4xx_hal.o
 .comment       0x000000000000007f       0x80 build/stm32f4xx_hal_tim.o
 .comment       0x000000000000007f       0x80 build/stm32f4xx_hal_tim_ex.o
 .comment       0x000000000000007f       0x80 build/stm32f4xx_hal_dma.o
 .comment       0x000000000000007f       0x80 build/stm32f4xx_hal_uart.o
 .comment       0x000000000000007f       0x80 build/stm32f4xx_hal_rcc_ex.o
 .comment       0x000000000000007f       0x80 build/stm32f4xx_hal_gpio.o
 .comment       0x000000000000007f       0x80 build/stm32f4xx_hal_adc.o
 .comment       0x000000000000007f       0x80 build/main.o
 .comment       0x000000000000007f       0x80 build/gpio.o
 .comment       0x000000000000007f       0x80 build/adc.o
 .comment       0x000000000000007f       0x80 build/dma.o
 .comment       0x000000000000007f       0x80 build/spi.o
 .comment       0x000000000000007f       0x80 build/tim.o
 .comment       0x000000000000007f       0x80 build/usart.o
 .comment       0x000000000000007f       0x80 build/stm32f4xx_it.o
 .comment       0x000000000000007f       0x80 build/stm32f4xx_hal_msp.o
 .comment       0x000000000000007f       0x80 build/system_stm32f4xx.o
 .comment       0x000000000000007f       0x80 build/interface.o
 .comment       0x000000000000007f       0x80 build/init.o
 .comment       0x000000000000007f       0x80 build/global.o
 .comment       0x000000000000007f       0x80 build/sensors.o
 .comment       0x000000000000007f       0x80 build/interrupt.o
 .comment       0x000000000000007f       0x80 build/state.o
 .comment       0x000000000000007f       0x80 build/syscall.o

.debug_frame    0x0000000000000000     0x42cc
 .debug_frame   0x0000000000000000      0x6a4 build/stm32f4xx_hal_spi.o
 .debug_frame   0x00000000000006a4      0x19c build/stm32f4xx_hal_rcc.o
 .debug_frame   0x0000000000000840      0x190 build/stm32f4xx_hal_cortex.o
 .debug_frame   0x00000000000009d0      0x204 build/stm32f4xx_hal.o
 .debug_frame   0x0000000000000bd4      0xcd8 build/stm32f4xx_hal_tim.o
 .debug_frame   0x00000000000018ac      0x3cc build/stm32f4xx_hal_tim_ex.o
 .debug_frame   0x0000000000001c78      0x200 build/stm32f4xx_hal_dma.o
 .debug_frame   0x0000000000001e78      0x68c build/stm32f4xx_hal_uart.o
 .debug_frame   0x0000000000002504      0x128 build/stm32f4xx_hal_rcc_ex.o
 .debug_frame   0x000000000000262c       0xfc build/stm32f4xx_hal_gpio.o
 .debug_frame   0x0000000000002728      0x340 build/stm32f4xx_hal_adc.o
 .debug_frame   0x0000000000002a68       0x90 build/main.o
 .debug_frame   0x0000000000002af8       0x44 build/gpio.o
 .debug_frame   0x0000000000002b3c       0xa8 build/adc.o
 .debug_frame   0x0000000000002be4       0x34 build/dma.o
 .debug_frame   0x0000000000002c18       0x78 build/spi.o
 .debug_frame   0x0000000000002c90      0x124 build/tim.o
 .debug_frame   0x0000000000002db4       0x6c build/usart.o
 .debug_frame   0x0000000000002e20       0xd0 build/stm32f4xx_it.o
 .debug_frame   0x0000000000002ef0       0x28 build/stm32f4xx_hal_msp.o
 .debug_frame   0x0000000000002f18       0x3c build/system_stm32f4xx.o
 .debug_frame   0x0000000000002f54      0x1c8 build/interface.o
 .debug_frame   0x000000000000311c       0x40 build/init.o
 .debug_frame   0x000000000000315c       0xe0 build/sensors.o
 .debug_frame   0x000000000000323c       0x44 build/interrupt.o
 .debug_frame   0x0000000000003280      0x168 build/syscall.o
 .debug_frame   0x00000000000033e8       0x2c /usr/bin/../lib/gcc/arm-none-eabi/7.3.1/../../../../arm-none-eabi/lib/thumb/v7e-m/fpv4-sp/hard/libc_nano.a(lib_a-init.o)
 .debug_frame   0x0000000000003414       0x20 /usr/bin/../lib/gcc/arm-none-eabi/7.3.1/../../../../arm-none-eabi/lib/thumb/v7e-m/fpv4-sp/hard/libc_nano.a(lib_a-memset.o)
 .debug_frame   0x0000000000003434       0x8c /usr/bin/../lib/gcc/arm-none-eabi/7.3.1/../../../../arm-none-eabi/lib/thumb/v7e-m/fpv4-sp/hard/libc_nano.a(lib_a-nano-vfprintf_float.o)
 .debug_frame   0x00000000000034c0       0x60 /usr/bin/../lib/gcc/arm-none-eabi/7.3.1/../../../../arm-none-eabi/lib/thumb/v7e-m/fpv4-sp/hard/libc_nano.a(lib_a-nano-vfprintf_i.o)
 .debug_frame   0x0000000000003520       0x74 /usr/bin/../lib/gcc/arm-none-eabi/7.3.1/../../../../arm-none-eabi/lib/thumb/v7e-m/fpv4-sp/hard/libc_nano.a(lib_a-printf.o)
 .debug_frame   0x0000000000003594       0x5c /usr/bin/../lib/gcc/arm-none-eabi/7.3.1/../../../../arm-none-eabi/lib/thumb/v7e-m/fpv4-sp/hard/libc_nano.a(lib_a-reent.o)
 .debug_frame   0x00000000000035f0       0x20 /usr/bin/../lib/gcc/arm-none-eabi/7.3.1/../../../../arm-none-eabi/lib/thumb/v7e-m/fpv4-sp/hard/libc_nano.a(lib_a-setbuf.o)
 .debug_frame   0x0000000000003610       0x38 /usr/bin/../lib/gcc/arm-none-eabi/7.3.1/../../../../arm-none-eabi/lib/thumb/v7e-m/fpv4-sp/hard/libc_nano.a(lib_a-setvbuf.o)
 .debug_frame   0x0000000000003648       0x70 /usr/bin/../lib/gcc/arm-none-eabi/7.3.1/../../../../arm-none-eabi/lib/thumb/v7e-m/fpv4-sp/hard/libc_nano.a(lib_a-dtoa.o)
 .debug_frame   0x00000000000036b8       0x68 /usr/bin/../lib/gcc/arm-none-eabi/7.3.1/../../../../arm-none-eabi/lib/thumb/v7e-m/fpv4-sp/hard/libc_nano.a(lib_a-fflush.o)
 .debug_frame   0x0000000000003720      0x11c /usr/bin/../lib/gcc/arm-none-eabi/7.3.1/../../../../arm-none-eabi/lib/thumb/v7e-m/fpv4-sp/hard/libc_nano.a(lib_a-findfp.o)
 .debug_frame   0x000000000000383c       0x54 /usr/bin/../lib/gcc/arm-none-eabi/7.3.1/../../../../arm-none-eabi/lib/thumb/v7e-m/fpv4-sp/hard/libc_nano.a(lib_a-fwalk.o)
 .debug_frame   0x0000000000003890       0x40 /usr/bin/../lib/gcc/arm-none-eabi/7.3.1/../../../../arm-none-eabi/lib/thumb/v7e-m/fpv4-sp/hard/libc_nano.a(lib_a-localeconv.o)
 .debug_frame   0x00000000000038d0       0x58 /usr/bin/../lib/gcc/arm-none-eabi/7.3.1/../../../../arm-none-eabi/lib/thumb/v7e-m/fpv4-sp/hard/libc_nano.a(lib_a-makebuf.o)
 .debug_frame   0x0000000000003928       0x30 /usr/bin/../lib/gcc/arm-none-eabi/7.3.1/../../../../arm-none-eabi/lib/thumb/v7e-m/fpv4-sp/hard/libc_nano.a(lib_a-malloc.o)
 .debug_frame   0x0000000000003958       0x28 /usr/bin/../lib/gcc/arm-none-eabi/7.3.1/../../../../arm-none-eabi/lib/thumb/v7e-m/fpv4-sp/hard/libc_nano.a(lib_a-memcpy-stub.o)
 .debug_frame   0x0000000000003980      0x244 /usr/bin/../lib/gcc/arm-none-eabi/7.3.1/../../../../arm-none-eabi/lib/thumb/v7e-m/fpv4-sp/hard/libc_nano.a(lib_a-mprec.o)
 .debug_frame   0x0000000000003bc4       0x2c /usr/bin/../lib/gcc/arm-none-eabi/7.3.1/../../../../arm-none-eabi/lib/thumb/v7e-m/fpv4-sp/hard/libc_nano.a(lib_a-nano-callocr.o)
 .debug_frame   0x0000000000003bf0       0x38 /usr/bin/../lib/gcc/arm-none-eabi/7.3.1/../../../../arm-none-eabi/lib/thumb/v7e-m/fpv4-sp/hard/libc_nano.a(lib_a-nano-freer.o)
 .debug_frame   0x0000000000003c28       0x2c /usr/bin/../lib/gcc/arm-none-eabi/7.3.1/../../../../arm-none-eabi/lib/thumb/v7e-m/fpv4-sp/hard/libc_nano.a(lib_a-nano-mallocr.o)
 .debug_frame   0x0000000000003c54       0xac /usr/bin/../lib/gcc/arm-none-eabi/7.3.1/../../../../arm-none-eabi/lib/thumb/v7e-m/fpv4-sp/hard/libc_nano.a(lib_a-nano-vfprintf.o)
 .debug_frame   0x0000000000003d00       0x2c /usr/bin/../lib/gcc/arm-none-eabi/7.3.1/../../../../arm-none-eabi/lib/thumb/v7e-m/fpv4-sp/hard/libc_nano.a(lib_a-sbrkr.o)
 .debug_frame   0x0000000000003d2c       0x88 /usr/bin/../lib/gcc/arm-none-eabi/7.3.1/../../../../arm-none-eabi/lib/thumb/v7e-m/fpv4-sp/hard/libc_nano.a(lib_a-stdio.o)
 .debug_frame   0x0000000000003db4       0x40 /usr/bin/../lib/gcc/arm-none-eabi/7.3.1/../../../../arm-none-eabi/lib/thumb/v7e-m/fpv4-sp/hard/libc_nano.a(lib_a-wbuf.o)
 .debug_frame   0x0000000000003df4       0x2c /usr/bin/../lib/gcc/arm-none-eabi/7.3.1/../../../../arm-none-eabi/lib/thumb/v7e-m/fpv4-sp/hard/libc_nano.a(lib_a-writer.o)
 .debug_frame   0x0000000000003e20       0x2c /usr/bin/../lib/gcc/arm-none-eabi/7.3.1/../../../../arm-none-eabi/lib/thumb/v7e-m/fpv4-sp/hard/libc_nano.a(lib_a-wsetup.o)
 .debug_frame   0x0000000000003e4c       0x2c /usr/bin/../lib/gcc/arm-none-eabi/7.3.1/../../../../arm-none-eabi/lib/thumb/v7e-m/fpv4-sp/hard/libc_nano.a(lib_a-closer.o)
 .debug_frame   0x0000000000003e78       0x2c /usr/bin/../lib/gcc/arm-none-eabi/7.3.1/../../../../arm-none-eabi/lib/thumb/v7e-m/fpv4-sp/hard/libc_nano.a(lib_a-fstatr.o)
 .debug_frame   0x0000000000003ea4       0x2c /usr/bin/../lib/gcc/arm-none-eabi/7.3.1/../../../../arm-none-eabi/lib/thumb/v7e-m/fpv4-sp/hard/libc_nano.a(lib_a-isattyr.o)
 .debug_frame   0x0000000000003ed0       0x68 /usr/bin/../lib/gcc/arm-none-eabi/7.3.1/../../../../arm-none-eabi/lib/thumb/v7e-m/fpv4-sp/hard/libc_nano.a(lib_a-locale.o)
 .debug_frame   0x0000000000003f38       0x2c /usr/bin/../lib/gcc/arm-none-eabi/7.3.1/../../../../arm-none-eabi/lib/thumb/v7e-m/fpv4-sp/hard/libc_nano.a(lib_a-lseekr.o)
 .debug_frame   0x0000000000003f64       0x48 /usr/bin/../lib/gcc/arm-none-eabi/7.3.1/../../../../arm-none-eabi/lib/thumb/v7e-m/fpv4-sp/hard/libc_nano.a(lib_a-mbtowc_r.o)
 .debug_frame   0x0000000000003fac       0x30 /usr/bin/../lib/gcc/arm-none-eabi/7.3.1/../../../../arm-none-eabi/lib/thumb/v7e-m/fpv4-sp/hard/libc_nano.a(lib_a-mlock.o)
 .debug_frame   0x0000000000003fdc       0x2c /usr/bin/../lib/gcc/arm-none-eabi/7.3.1/../../../../arm-none-eabi/lib/thumb/v7e-m/fpv4-sp/hard/libc_nano.a(lib_a-readr.o)
 .debug_frame   0x0000000000004008       0x3c /usr/bin/../lib/gcc/arm-none-eabi/7.3.1/../../../../arm-none-eabi/lib/thumb/v7e-m/fpv4-sp/hard/libc_nano.a(lib_a-wctomb_r.o)
 .debug_frame   0x0000000000004044       0xac /usr/bin/../lib/gcc/arm-none-eabi/7.3.1/thumb/v7e-m/fpv4-sp/hard/libgcc.a(_arm_addsubdf3.o)
 .debug_frame   0x00000000000040f0       0x50 /usr/bin/../lib/gcc/arm-none-eabi/7.3.1/thumb/v7e-m/fpv4-sp/hard/libgcc.a(_arm_muldivdf3.o)
 .debug_frame   0x0000000000004140       0xc4 /usr/bin/../lib/gcc/arm-none-eabi/7.3.1/thumb/v7e-m/fpv4-sp/hard/libgcc.a(_arm_cmpdf2.o)
 .debug_frame   0x0000000000004204       0x20 /usr/bin/../lib/gcc/arm-none-eabi/7.3.1/thumb/v7e-m/fpv4-sp/hard/libgcc.a(_arm_unorddf2.o)
 .debug_frame   0x0000000000004224       0x24 /usr/bin/../lib/gcc/arm-none-eabi/7.3.1/thumb/v7e-m/fpv4-sp/hard/libgcc.a(_arm_fixdfsi.o)
 .debug_frame   0x0000000000004248       0x24 /usr/bin/../lib/gcc/arm-none-eabi/7.3.1/thumb/v7e-m/fpv4-sp/hard/libgcc.a(_arm_truncdfsf2.o)
 .debug_frame   0x000000000000426c       0x2c /usr/bin/../lib/gcc/arm-none-eabi/7.3.1/thumb/v7e-m/fpv4-sp/hard/libgcc.a(_aeabi_uldivmod.o)
 .debug_frame   0x0000000000004298       0x34 /usr/bin/../lib/gcc/arm-none-eabi/7.3.1/thumb/v7e-m/fpv4-sp/hard/libgcc.a(_udivmoddi4.o)

Cross Reference Table

Symbol                                            File
ADC_Buffer                                        build/global.o
                                                  build/init.o
                                                  build/adc.o
ADC_IRQHandler                                    build/startup_stm32f413xx.o
AHBPrescTable                                     build/system_stm32f4xx.o